../Core/Src/ApplicationCode.c:19:6:ApplicationInit	8	static
../Core/Src/ApplicationCode.c:35:6:LCD_Visual_Demo	4	static
../Core/Src/ApplicationCode.c:43:6:ApplicationInitGameplay	8	static
../Core/Src/ApplicationCode.c:54:6:ApplicationInitPiece	8	static
../Core/Src/ApplicationCode.c:65:6:ApplicationPieceMovement	8	static
../Core/Src/ApplicationCode.c:82:6:ApplicationEndGame	8	static
../Core/Src/ApplicationCode.c:86:6:LCD_Touch_Polling_Demo	8	static
../Core/Src/ApplicationCode.c:103:6:EXTI0_IRQHandler	16	static
