../Core/Src/ApplicationCode.c:19:6:appDrop	8	static
../Core/Src/ApplicationCode.c:25:6:ApplicationInit	8	static
../Core/Src/ApplicationCode.c:41:6:LCD_Visual_Demo	4	static
../Core/Src/ApplicationCode.c:49:6:ApplicationInitGameplay	8	static
../Core/Src/ApplicationCode.c:64:6:ApplicationInitPiece	8	static
../Core/Src/ApplicationCode.c:75:6:ApplicationPieceMovement	8	static
../Core/Src/ApplicationCode.c:96:6:ApplicationEndGame	8	static
../Core/Src/ApplicationCode.c:100:6:LCD_Touch_Polling_Demo	8	static
../Core/Src/ApplicationCode.c:117:6:EXTI0_IRQHandler	16	static
