../Core/Src/GamePiece.c:11:6:InitGamePiece	8	static
../Core/Src/GamePiece.c:29:6:GamePieceLeft	8	static
../Core/Src/GamePiece.c:44:6:GamePieceRight	8	static
../Core/Src/GamePiece.c:60:6:GamePieceMovement	16	static
../Core/Src/GamePiece.c:79:6:DrawGamePiece	8	static
../Core/Src/GamePiece.c:83:6:DropGamePiece	24	static
../Core/Src/GamePiece.c:109:10:GetPieceData	24	static
../Core/Src/GamePiece.c:121:6:CheckWin	24	static
../Core/Src/GamePiece.c:228:6:EndGame	8	static
../Core/Src/GamePiece.c:240:6:GetEndgame	4	static
../Core/Src/GamePiece.c:244:6:setEndgame	16	static
