../Core/Src/GamePiece.c:10:6:InitGamePiece	8	static
../Core/Src/GamePiece.c:28:6:GamePieceLeft	8	static
../Core/Src/GamePiece.c:43:6:GamePieceRight	8	static
../Core/Src/GamePiece.c:59:6:GamePieceMovement	16	static
../Core/Src/GamePiece.c:78:6:DrawGamePiece	8	static
../Core/Src/GamePiece.c:82:6:DropGamePiece	24	static
../Core/Src/GamePiece.c:111:10:GetPieceData	24	static
../Core/Src/GamePiece.c:123:6:CheckWin	24	static
../Core/Src/GamePiece.c:230:6:EndGame	8	static
../Core/Src/GamePiece.c:244:6:GetEndgame	4	static
../Core/Src/GamePiece.c:249:6:setEndgame	16	static
../Core/Src/GamePiece.c:254:6:initRNGPiece	8	static
../Core/Src/GamePiece.c:275:6:ResetGame	4	static
../Core/Src/GamePiece.c:281:6:CheckTie	16	static
