Archive member included to satisfy reference by file (symbol)

C:/ST/STM32CubeIDE_1.17.0/STM32CubeIDE/plugins/com.st.stm32cube.ide.mcu.externaltools.gnu-tools-for-stm32.12.3.rel1.win32_1.1.0.202410251130/tools/bin/../lib/gcc/arm-none-eabi/12.3.1/../../../../arm-none-eabi/lib/thumb/v7e-m+fp/hard\libc_nano.a(libc_a-exit.o)
                              C:/ST/STM32CubeIDE_1.17.0/STM32CubeIDE/plugins/com.st.stm32cube.ide.mcu.externaltools.gnu-tools-for-stm32.12.3.rel1.win32_1.1.0.202410251130/tools/bin/../lib/gcc/arm-none-eabi/12.3.1/../../../../arm-none-eabi/lib/thumb/v7e-m+fp/hard/crt0.o (exit)
C:/ST/STM32CubeIDE_1.17.0/STM32CubeIDE/plugins/com.st.stm32cube.ide.mcu.externaltools.gnu-tools-for-stm32.12.3.rel1.win32_1.1.0.202410251130/tools/bin/../lib/gcc/arm-none-eabi/12.3.1/../../../../arm-none-eabi/lib/thumb/v7e-m+fp/hard\libc_nano.a(libc_a-findfp.o)
                              C:/ST/STM32CubeIDE_1.17.0/STM32CubeIDE/plugins/com.st.stm32cube.ide.mcu.externaltools.gnu-tools-for-stm32.12.3.rel1.win32_1.1.0.202410251130/tools/bin/../lib/gcc/arm-none-eabi/12.3.1/../../../../arm-none-eabi/lib/thumb/v7e-m+fp/hard\libc_nano.a(libc_a-exit.o) (__stdio_exit_handler)
C:/ST/STM32CubeIDE_1.17.0/STM32CubeIDE/plugins/com.st.stm32cube.ide.mcu.externaltools.gnu-tools-for-stm32.12.3.rel1.win32_1.1.0.202410251130/tools/bin/../lib/gcc/arm-none-eabi/12.3.1/../../../../arm-none-eabi/lib/thumb/v7e-m+fp/hard\libc_nano.a(libc_a-fwalk.o)
                              C:/ST/STM32CubeIDE_1.17.0/STM32CubeIDE/plugins/com.st.stm32cube.ide.mcu.externaltools.gnu-tools-for-stm32.12.3.rel1.win32_1.1.0.202410251130/tools/bin/../lib/gcc/arm-none-eabi/12.3.1/../../../../arm-none-eabi/lib/thumb/v7e-m+fp/hard\libc_nano.a(libc_a-findfp.o) (_fwalk_sglue)
C:/ST/STM32CubeIDE_1.17.0/STM32CubeIDE/plugins/com.st.stm32cube.ide.mcu.externaltools.gnu-tools-for-stm32.12.3.rel1.win32_1.1.0.202410251130/tools/bin/../lib/gcc/arm-none-eabi/12.3.1/../../../../arm-none-eabi/lib/thumb/v7e-m+fp/hard\libc_nano.a(libc_a-printf.o)
                              ./Core/Src/ApplicationCode.o (printf)
C:/ST/STM32CubeIDE_1.17.0/STM32CubeIDE/plugins/com.st.stm32cube.ide.mcu.externaltools.gnu-tools-for-stm32.12.3.rel1.win32_1.1.0.202410251130/tools/bin/../lib/gcc/arm-none-eabi/12.3.1/../../../../arm-none-eabi/lib/thumb/v7e-m+fp/hard\libc_nano.a(libc_a-puts.o)
                              ./Core/Src/ApplicationCode.o (puts)
C:/ST/STM32CubeIDE_1.17.0/STM32CubeIDE/plugins/com.st.stm32cube.ide.mcu.externaltools.gnu-tools-for-stm32.12.3.rel1.win32_1.1.0.202410251130/tools/bin/../lib/gcc/arm-none-eabi/12.3.1/../../../../arm-none-eabi/lib/thumb/v7e-m+fp/hard\libc_nano.a(libc_a-stdio.o)
                              C:/ST/STM32CubeIDE_1.17.0/STM32CubeIDE/plugins/com.st.stm32cube.ide.mcu.externaltools.gnu-tools-for-stm32.12.3.rel1.win32_1.1.0.202410251130/tools/bin/../lib/gcc/arm-none-eabi/12.3.1/../../../../arm-none-eabi/lib/thumb/v7e-m+fp/hard\libc_nano.a(libc_a-findfp.o) (__sread)
C:/ST/STM32CubeIDE_1.17.0/STM32CubeIDE/plugins/com.st.stm32cube.ide.mcu.externaltools.gnu-tools-for-stm32.12.3.rel1.win32_1.1.0.202410251130/tools/bin/../lib/gcc/arm-none-eabi/12.3.1/../../../../arm-none-eabi/lib/thumb/v7e-m+fp/hard\libc_nano.a(libc_a-wbuf.o)
                              C:/ST/STM32CubeIDE_1.17.0/STM32CubeIDE/plugins/com.st.stm32cube.ide.mcu.externaltools.gnu-tools-for-stm32.12.3.rel1.win32_1.1.0.202410251130/tools/bin/../lib/gcc/arm-none-eabi/12.3.1/../../../../arm-none-eabi/lib/thumb/v7e-m+fp/hard\libc_nano.a(libc_a-puts.o) (__swbuf_r)
C:/ST/STM32CubeIDE_1.17.0/STM32CubeIDE/plugins/com.st.stm32cube.ide.mcu.externaltools.gnu-tools-for-stm32.12.3.rel1.win32_1.1.0.202410251130/tools/bin/../lib/gcc/arm-none-eabi/12.3.1/../../../../arm-none-eabi/lib/thumb/v7e-m+fp/hard\libc_nano.a(libc_a-wsetup.o)
                              C:/ST/STM32CubeIDE_1.17.0/STM32CubeIDE/plugins/com.st.stm32cube.ide.mcu.externaltools.gnu-tools-for-stm32.12.3.rel1.win32_1.1.0.202410251130/tools/bin/../lib/gcc/arm-none-eabi/12.3.1/../../../../arm-none-eabi/lib/thumb/v7e-m+fp/hard\libc_nano.a(libc_a-puts.o) (__swsetup_r)
C:/ST/STM32CubeIDE_1.17.0/STM32CubeIDE/plugins/com.st.stm32cube.ide.mcu.externaltools.gnu-tools-for-stm32.12.3.rel1.win32_1.1.0.202410251130/tools/bin/../lib/gcc/arm-none-eabi/12.3.1/../../../../arm-none-eabi/lib/thumb/v7e-m+fp/hard\libc_nano.a(libc_a-memset.o)
                              C:/ST/STM32CubeIDE_1.17.0/STM32CubeIDE/plugins/com.st.stm32cube.ide.mcu.externaltools.gnu-tools-for-stm32.12.3.rel1.win32_1.1.0.202410251130/tools/bin/../lib/gcc/arm-none-eabi/12.3.1/../../../../arm-none-eabi/lib/thumb/v7e-m+fp/hard/crt0.o (memset)
C:/ST/STM32CubeIDE_1.17.0/STM32CubeIDE/plugins/com.st.stm32cube.ide.mcu.externaltools.gnu-tools-for-stm32.12.3.rel1.win32_1.1.0.202410251130/tools/bin/../lib/gcc/arm-none-eabi/12.3.1/../../../../arm-none-eabi/lib/thumb/v7e-m+fp/hard\libc_nano.a(libc_a-closer.o)
[...]
Memory Configuration

Name             Origin             Length             Attributes
CCMRAM           0x10000000         0x00010000         xrw
RAM              0x20000000         0x00030000         xrw
FLASH            0x08000000         0x00200000         xr
*default*        0x00000000         0xffffffff

Linker script and memory map

LOAD C:/ST/STM32CubeIDE_1.17.0/STM32CubeIDE/plugins/com.st.stm32cube.ide.mcu.externaltools.gnu-tools-for-stm32.12.3.rel1.win32_1.1.0.202410251130/tools/bin/../lib/gcc/arm-none-eabi/12.3.1/thumb/v7e-m+fp/hard/crti.o
LOAD C:/ST/STM32CubeIDE_1.17.0/STM32CubeIDE/plugins/com.st.stm32cube.ide.mcu.externaltools.gnu-tools-for-stm32.12.3.rel1.win32_1.1.0.202410251130/tools/bin/../lib/gcc/arm-none-eabi/12.3.1/thumb/v7e-m+fp/hard/crtbegin.o
LOAD C:/ST/STM32CubeIDE_1.17.0/STM32CubeIDE/plugins/com.st.stm32cube.ide.mcu.externaltools.gnu-tools-for-stm32.12.3.rel1.win32_1.1.0.202410251130/tools/bin/../lib/gcc/arm-none-eabi/12.3.1/../../../../arm-none-eabi/lib/thumb/v7e-m+fp/hard/crt0.o
LOAD ./Core/Src/ApplicationCode.o
LOAD ./Core/Src/GamePiece.o
LOAD ./Core/Src/Game_Screen.o
LOAD ./Core/Src/LCD_Driver.o
LOAD ./Core/Src/Touch_Handler.o
LOAD ./Core/Src/fonts.o
LOAD ./Core/Src/ili9341.o
LOAD ./Core/Src/main.o
LOAD ./Core/Src/stm32f4xx_hal_msp.o
LOAD ./Core/Src/stm32f4xx_it.o
LOAD ./Core/Src/stmpe811.o
LOAD ./Core/Src/syscalls.o
LOAD ./Core/Src/sysmem.o
LOAD ./Core/Src/system_stm32f4xx.o
LOAD ./Core/Startup/startup_stm32f429zitx.o
LOAD ./Drivers/STM32F4xx_HAL_Driver/Src/stm32f4xx_hal.o
LOAD ./Drivers/STM32F4xx_HAL_Driver/Src/stm32f4xx_hal_cortex.o
LOAD ./Drivers/STM32F4xx_HAL_Driver/Src/stm32f4xx_hal_dma.o
LOAD ./Drivers/STM32F4xx_HAL_Driver/Src/stm32f4xx_hal_dma_ex.o
LOAD ./Drivers/STM32F4xx_HAL_Driver/Src/stm32f4xx_hal_dsi.o
LOAD ./Drivers/STM32F4xx_HAL_Driver/Src/stm32f4xx_hal_exti.o
LOAD ./Drivers/STM32F4xx_HAL_Driver/Src/stm32f4xx_hal_flash.o
LOAD ./Drivers/STM32F4xx_HAL_Driver/Src/stm32f4xx_hal_flash_ex.o
LOAD ./Drivers/STM32F4xx_HAL_Driver/Src/stm32f4xx_hal_flash_ramfunc.o
LOAD ./Drivers/STM32F4xx_HAL_Driver/Src/stm32f4xx_hal_gpio.o
LOAD ./Drivers/STM32F4xx_HAL_Driver/Src/stm32f4xx_hal_i2c.o
LOAD ./Drivers/STM32F4xx_HAL_Driver/Src/stm32f4xx_hal_i2c_ex.o
LOAD ./Drivers/STM32F4xx_HAL_Driver/Src/stm32f4xx_hal_ltdc.o
LOAD ./Drivers/STM32F4xx_HAL_Driver/Src/stm32f4xx_hal_ltdc_ex.o
LOAD ./Drivers/STM32F4xx_HAL_Driver/Src/stm32f4xx_hal_pwr.o
LOAD ./Drivers/STM32F4xx_HAL_Driver/Src/stm32f4xx_hal_pwr_ex.o
LOAD ./Drivers/STM32F4xx_HAL_Driver/Src/stm32f4xx_hal_rcc.o
LOAD ./Drivers/STM32F4xx_HAL_Driver/Src/stm32f4xx_hal_rcc_ex.o
LOAD ./Drivers/STM32F4xx_HAL_Driver/Src/stm32f4xx_hal_rng.o
LOAD ./Drivers/STM32F4xx_HAL_Driver/Src/stm32f4xx_hal_spi.o
LOAD ./Drivers/STM32F4xx_HAL_Driver/Src/stm32f4xx_hal_tim.o
LOAD ./Drivers/STM32F4xx_HAL_Driver/Src/stm32f4xx_hal_tim_ex.o
START GROUP
LOAD C:/ST/STM32CubeIDE_1.17.0/STM32CubeIDE/plugins/com.st.stm32cube.ide.mcu.externaltools.gnu-tools-for-stm32.12.3.rel1.win32_1.1.0.202410251130/tools/bin/../lib/gcc/arm-none-eabi/12.3.1/../../../../arm-none-eabi/lib/thumb/v7e-m+fp/hard\libc_nano.a
LOAD C:/ST/STM32CubeIDE_1.17.0/STM32CubeIDE/plugins/com.st.stm32cube.ide.mcu.externaltools.gnu-tools-for-stm32.12.3.rel1.win32_1.1.0.202410251130/tools/bin/../lib/gcc/arm-none-eabi/12.3.1/../../../../arm-none-eabi/lib/thumb/v7e-m+fp/hard\libm.a
END GROUP
START GROUP
LOAD C:/ST/STM32CubeIDE_1.17.0/STM32CubeIDE/plugins/com.st.stm32cube.ide.mcu.externaltools.gnu-tools-for-stm32.12.3.rel1.win32_1.1.0.202410251130/tools/bin/../lib/gcc/arm-none-eabi/12.3.1/thumb/v7e-m+fp/hard\libgcc.a
LOAD C:/ST/STM32CubeIDE_1.17.0/STM32CubeIDE/plugins/com.st.stm32cube.ide.mcu.externaltools.gnu-tools-for-stm32.12.3.rel1.win32_1.1.0.202410251130/tools/bin/../lib/gcc/arm-none-eabi/12.3.1/../../../../arm-none-eabi/lib/thumb/v7e-m+fp/hard\libc_nano.a
END GROUP
START GROUP
LOAD C:/ST/STM32CubeIDE_1.17.0/STM32CubeIDE/plugins/com.st.stm32cube.ide.mcu.externaltools.gnu-tools-for-stm32.12.3.rel1.win32_1.1.0.202410251130/tools/bin/../lib/gcc/arm-none-eabi/12.3.1/thumb/v7e-m+fp/hard\libgcc.a
LOAD C:/ST/STM32CubeIDE_1.17.0/STM32CubeIDE/plugins/com.st.stm32cube.ide.mcu.externaltools.gnu-tools-for-stm32.12.3.rel1.win32_1.1.0.202410251130/tools/bin/../lib/gcc/arm-none-eabi/12.3.1/../../../../arm-none-eabi/lib/thumb/v7e-m+fp/hard\libc_nano.a
LOAD C:/ST/STM32CubeIDE_1.17.0/STM32CubeIDE/plugins/com.st.stm32cube.ide.mcu.externaltools.gnu-tools-for-stm32.12.3.rel1.win32_1.1.0.202410251130/tools/bin/../lib/gcc/arm-none-eabi/12.3.1/../../../../arm-none-eabi/lib/thumb/v7e-m+fp/hard\libnosys.a
END GROUP
START GROUP
LOAD C:/ST/STM32CubeIDE_1.17.0/STM32CubeIDE/plugins/com.st.stm32cube.ide.mcu.externaltools.gnu-tools-for-stm32.12.3.rel1.win32_1.1.0.202410251130/tools/bin/../lib/gcc/arm-none-eabi/12.3.1/thumb/v7e-m+fp/hard\libgcc.a
LOAD C:/ST/STM32CubeIDE_1.17.0/STM32CubeIDE/plugins/com.st.stm32cube.ide.mcu.externaltools.gnu-tools-for-stm32.12.3.rel1.win32_1.1.0.202410251130/tools/bin/../lib/gcc/arm-none-eabi/12.3.1/../../../../arm-none-eabi/lib/thumb/v7e-m+fp/hard\libc_nano.a
LOAD C:/ST/STM32CubeIDE_1.17.0/STM32CubeIDE/plugins/com.st.stm32cube.ide.mcu.externaltools.gnu-tools-for-stm32.12.3.rel1.win32_1.1.0.202410251130/tools/bin/../lib/gcc/arm-none-eabi/12.3.1/../../../../arm-none-eabi/lib/thumb/v7e-m+fp/hard\libnosys.a
END GROUP
LOAD C:/ST/STM32CubeIDE_1.17.0/STM32CubeIDE/plugins/com.st.stm32cube.ide.mcu.externaltools.gnu-tools-for-stm32.12.3.rel1.win32_1.1.0.202410251130/tools/bin/../lib/gcc/arm-none-eabi/12.3.1/thumb/v7e-m+fp/hard/crtend.o
LOAD C:/ST/STM32CubeIDE_1.17.0/STM32CubeIDE/plugins/com.st.stm32cube.ide.mcu.externaltools.gnu-tools-for-stm32.12.3.rel1.win32_1.1.0.202410251130/tools/bin/../lib/gcc/arm-none-eabi/12.3.1/thumb/v7e-m+fp/hard/crtn.o
                0x20030000                        _estack = (ORIGIN (RAM) + LENGTH (RAM))
                0x00000200                        _Min_Heap_Size = 0x200
                0x00000400                        _Min_Stack_Size = 0x400

.isr_vector     0x08000000      0x1ac
                0x08000000                        . = ALIGN (0x4)
 *(.isr_vector)
 .isr_vector    0x08000000      0x1ac ./Core/Startup/startup_stm32f429zitx.o
                0x08000000                g_pfnVectors
                0x080001ac                        . = ALIGN (0x4)

.text           0x080001ac     0x61e4
                0x080001ac                        . = ALIGN (0x4)
 *(.text)
 .text          0x080001ac       0x40 C:/ST/STM32CubeIDE_1.17.0/STM32CubeIDE/plugins/com.st.stm32cube.ide.mcu.externaltools.gnu-tools-for-stm32.12.3.rel1.win32_1.1.0.202410251130/tools/bin/../lib/gcc/arm-none-eabi/12.3.1/thumb/v7e-m+fp/hard/crtbegin.o
 .text          0x080001ec       0x30 C:/ST/STM32CubeIDE_1.17.0/STM32CubeIDE/plugins/com.st.stm32cube.ide.mcu.externaltools.gnu-tools-for-stm32.12.3.rel1.win32_1.1.0.202410251130/tools/bin/../lib/gcc/arm-none-eabi/12.3.1/thumb/v7e-m+fp/hard\libgcc.a(_aeabi_uldivmod.o)
                0x080001ec                __aeabi_uldivmod
 .text          0x0800021c      0x2bc C:/ST/STM32CubeIDE_1.17.0/STM32CubeIDE/plugins/com.st.stm32cube.ide.mcu.externaltools.gnu-tools-for-stm32.12.3.rel1.win32_1.1.0.202410251130/tools/bin/../lib/gcc/arm-none-eabi/12.3.1/thumb/v7e-m+fp/hard\libgcc.a(_udivmoddi4.o)
                0x0800021c                __udivmoddi4
 .text          0x080004d8        0x4 C:/ST/STM32CubeIDE_1.17.0/STM32CubeIDE/plugins/com.st.stm32cube.ide.mcu.externaltools.gnu-tools-for-stm32.12.3.rel1.win32_1.1.0.202410251130/tools/bin/../lib/gcc/arm-none-eabi/12.3.1/thumb/v7e-m+fp/hard\libgcc.a(_dvmd_tls.o)
                0x080004d8                __aeabi_idiv0
                0x080004d8                __aeabi_ldiv0
 *(.text*)
 .text.ApplicationInit
                0x080004dc       0x30 ./Core/Src/ApplicationCode.o
                0x080004dc                ApplicationInit
 .text.LCD_Visual_Demo
                0x0800050c        0xe ./Core/Src/ApplicationCode.o
                0x0800050c                LCD_Visual_Demo
 .text.InitGameplay
                0x0800051a       0x10 ./Core/Src/ApplicationCode.o
                0x0800051a                InitGameplay
 .text.movementtest
                0x0800052a        0xc ./Core/Src/ApplicationCode.o
                0x0800052a                movementtest
 *fill*         0x08000536        0x2 
 .text.InitGamePiece
                0x08000538       0x5c ./Core/Src/GamePiece.o
                0x08000538                InitGamePiece
 .text.GamePieceLeft
                0x08000594       0x54 ./Core/Src/GamePiece.o
                0x08000594                GamePieceLeft
 .text.GamePieceRight
                0x080005e8       0x54 ./Core/Src/GamePiece.o
                0x080005e8                GamePieceRight
 .text.GamePieceMovement
                0x0800063c       0x78 ./Core/Src/GamePiece.o
                0x0800063c                GamePieceMovement
 .text.DrawGamePiece
                0x080006b4       0x28 ./Core/Src/GamePiece.o
                0x080006b4                DrawGamePiece
 .text.DropGamePiece
                0x080006dc       0xf0 ./Core/Src/GamePiece.o
                0x080006dc                DropGamePiece
 .text.GetPieceData
                0x080007cc       0x48 ./Core/Src/GamePiece.o
                0x080007cc                GetPieceData
 .text.NewGame  0x08000814       0x50 ./Core/Src/Game_Screen.o
                0x08000814                NewGame
 .text.Drawboard
                0x08000864       0xa4 ./Core/Src/Game_Screen.o
                0x08000864                Drawboard
 .text.GameBoardGrid
                0x08000908       0xfa ./Core/Src/Game_Screen.o
                0x08000908                GameBoardGrid
 *fill*         0x08000a02        0x2 
 .text.ScreenStart
                0x08000a04      0x188 ./Core/Src/Game_Screen.o
                0x08000a04                ScreenStart
 .text.ScreenPlay
                0x08000b8c       0xec ./Core/Src/Game_Screen.o
                0x08000b8c                ScreenPlay
 .text.LCD_GPIO_Init
                0x08000c78      0x190 ./Core/Src/LCD_Driver.o
                0x08000c78                LCD_GPIO_Init
 .text.LTCD_Layer_Init
                0x08000e08       0x80 ./Core/Src/LCD_Driver.o
                0x08000e08                LTCD_Layer_Init
 .text.LTCD__Init
                0x08000e88       0xbc ./Core/Src/LCD_Driver.o
                0x08000e88                LTCD__Init
 .text.LCD_Draw_Pixel
                0x08000f44       0x3c ./Core/Src/LCD_Driver.o
                0x08000f44                LCD_Draw_Pixel
 .text.LCD_Draw_Circle_Fill
                0x08000f80       0xa6 ./Core/Src/LCD_Driver.o
                0x08000f80                LCD_Draw_Circle_Fill
 .text.LCD_Draw_Vertical_Line
                0x08001026       0x4e ./Core/Src/LCD_Driver.o
                0x08001026                LCD_Draw_Vertical_Line
 .text.LCD_Clear
                0x08001074       0x44 ./Core/Src/LCD_Driver.o
                0x08001074                LCD_Clear
 .text.LCD_SetTextColor
                0x080010b8       0x20 ./Core/Src/LCD_Driver.o
                0x080010b8                LCD_SetTextColor
 .text.LCD_SetFont
                0x080010d8       0x20 ./Core/Src/LCD_Driver.o
                0x080010d8                LCD_SetFont
 .text.LCD_Draw_Char
                0x080010f8       0xdc ./Core/Src/LCD_Driver.o
                0x080010f8                LCD_Draw_Char
 .text.LCD_DisplayChar
                0x080011d4       0x44 ./Core/Src/LCD_Driver.o
                0x080011d4                LCD_DisplayChar
 .text.LCD_Error_Handler
                0x08001218        0xc ./Core/Src/LCD_Driver.o
                0x08001218                LCD_Error_Handler
 .text.InitializeLCDTouch
                0x08001224       0x16 ./Core/Src/LCD_Driver.o
                0x08001224                InitializeLCDTouch
 .text.returnTouchStateAndLocation
                0x0800123a       0x18 ./Core/Src/LCD_Driver.o
                0x0800123a                returnTouchStateAndLocation
 .text.ili9341_Init
                0x08001252      0x294 ./Core/Src/ili9341.o
                0x08001252                ili9341_Init
 .text.ili9341_Write_Reg
                0x080014e6       0x1a ./Core/Src/ili9341.o
                0x080014e6                ili9341_Write_Reg
 .text.ili9341_Send_Data
                0x08001500       0x1a ./Core/Src/ili9341.o
                0x08001500                ili9341_Send_Data
 *fill*         0x0800151a        0x2 
 .text.SPI_Init
                0x0800151c       0x74 ./Core/Src/ili9341.o
 .text.SPI_Write
                0x08001590       0x3c ./Core/Src/ili9341.o
 .text.SPI_Error
                0x080015cc       0x18 ./Core/Src/ili9341.o
 .text.SPI_MspInit
                0x080015e4       0x74 ./Core/Src/ili9341.o
 .text.LCD_IO_Init
                0x08001658       0xf0 ./Core/Src/ili9341.o
                0x08001658                LCD_IO_Init
 .text.LCD_IO_WriteData
                0x08001748       0x44 ./Core/Src/ili9341.o
                0x08001748                LCD_IO_WriteData
 .text.LCD_IO_WriteReg
                0x0800178c       0x44 ./Core/Src/ili9341.o
                0x0800178c                LCD_IO_WriteReg
 .text.LCD_Delay
                0x080017d0       0x16 ./Core/Src/ili9341.o
                0x080017d0                LCD_Delay
 .text.main     0x080017e6       0x3e ./Core/Src/main.o
                0x080017e6                main
 .text.SystemClock_Config
                0x08001824       0xd4 ./Core/Src/main.o
                0x08001824                SystemClock_Config
 .text.MX_I2C3_Init
                0x080018f8       0x80 ./Core/Src/main.o
 .text.MX_LTDC_Init
                0x08001978      0x164 ./Core/Src/main.o
 .text.MX_RNG_Init
                0x08001adc       0x28 ./Core/Src/main.o
 .text.MX_SPI5_Init
                0x08001b04       0x6c ./Core/Src/main.o
 .text.MX_TIM2_Init
                0x08001b70       0x98 ./Core/Src/main.o
 .text.MX_GPIO_Init
                0x08001c08      0x35c ./Core/Src/main.o
 .text.Error_Handler
                0x08001f64        0xc ./Core/Src/main.o
                0x08001f64                Error_Handler
 .text.HAL_MspInit
                0x08001f70       0x50 ./Core/Src/stm32f4xx_hal_msp.o
                0x08001f70                HAL_MspInit
 .text.HAL_I2C_MspInit
                0x08001fc0       0xd4 ./Core/Src/stm32f4xx_hal_msp.o
                0x08001fc0                HAL_I2C_MspInit
 .text.HAL_LTDC_MspInit
                0x08002094      0x250 ./Core/Src/stm32f4xx_hal_msp.o
                0x08002094                HAL_LTDC_MspInit
 .text.HAL_RNG_MspInit
                0x080022e4       0x44 ./Core/Src/stm32f4xx_hal_msp.o
                0x080022e4                HAL_RNG_MspInit
 .text.HAL_SPI_MspInit
                0x08002328       0x90 ./Core/Src/stm32f4xx_hal_msp.o
                0x08002328                HAL_SPI_MspInit
 .text.HAL_SPI_MspDeInit
                0x080023b8       0x3c ./Core/Src/stm32f4xx_hal_msp.o
                0x080023b8                HAL_SPI_MspDeInit
 .text.HAL_TIM_Base_MspInit
                0x080023f4       0x40 ./Core/Src/stm32f4xx_hal_msp.o
                0x080023f4                HAL_TIM_Base_MspInit
 .text.NMI_Handler
                0x08002434        0x8 ./Core/Src/stm32f4xx_it.o
                0x08002434                NMI_Handler
 .text.HardFault_Handler
                0x0800243c        0x8 ./Core/Src/stm32f4xx_it.o
                0x0800243c                HardFault_Handler
 .text.MemManage_Handler
                0x08002444        0x8 ./Core/Src/stm32f4xx_it.o
                0x08002444                MemManage_Handler
 .text.BusFault_Handler
                0x0800244c        0x8 ./Core/Src/stm32f4xx_it.o
                0x0800244c                BusFault_Handler
 .text.UsageFault_Handler
                0x08002454        0x8 ./Core/Src/stm32f4xx_it.o
                0x08002454                UsageFault_Handler
 .text.SVC_Handler
                0x0800245c        0xe ./Core/Src/stm32f4xx_it.o
                0x0800245c                SVC_Handler
 .text.DebugMon_Handler
                0x0800246a        0xe ./Core/Src/stm32f4xx_it.o
                0x0800246a                DebugMon_Handler
 .text.PendSV_Handler
                0x08002478        0xe ./Core/Src/stm32f4xx_it.o
                0x08002478                PendSV_Handler
 .text.SysTick_Handler
                0x08002486        0xc ./Core/Src/stm32f4xx_it.o
                0x08002486                SysTick_Handler
 .text.STMPE811_Init
                0x08002492      0x14e ./Core/Src/stmpe811.o
                0x08002492                STMPE811_Init
 .text.STMPE811_Read
                0x080025e0       0x22 ./Core/Src/stmpe811.o
                0x080025e0                STMPE811_Read
 .text.STMPE811_ReadTouch
                0x08002602      0x198 ./Core/Src/stmpe811.o
                0x08002602                STMPE811_ReadTouch
 *fill*         0x0800279a        0x2 
 .text.verifyHAL_I2C_IS_OKAY
                0x0800279c       0x20 ./Core/Src/stmpe811.o
                0x0800279c                verifyHAL_I2C_IS_OKAY
 .text.I2C3_Init
                0x080027bc       0x7c ./Core/Src/stmpe811.o
 .text.I2C3_MspInit
                0x08002838       0xa8 ./Core/Src/stmpe811.o
 .text.I2C3_Write
                0x080028e0       0x54 ./Core/Src/stmpe811.o
                0x080028e0                I2C3_Write
 .text.I2C3_Read
                0x08002934       0x4c ./Core/Src/stmpe811.o
                0x08002934                I2C3_Read
 .text.I2C3_MulitByteRead
                0x08002980       0x44 ./Core/Src/stmpe811.o
                0x08002980                I2C3_MulitByteRead
 .text.TM_STMPE811_ReadX
                0x080029c4       0xbc ./Core/Src/stmpe811.o
                0x080029c4                TM_STMPE811_ReadX
 .text.TM_STMPE811_ReadY
                0x08002a80       0xa4 ./Core/Src/stmpe811.o
                0x08002a80                TM_STMPE811_ReadY
 .text.initialise_monitor_handles
                0x08002b24        0xe ./Core/Src/syscalls.o
                0x08002b24                initialise_monitor_handles
 *fill*         0x08002b32        0x2 
 .text.SystemInit
                0x08002b34       0x24 ./Core/Src/system_stm32f4xx.o
                0x08002b34                SystemInit
 .text.Reset_Handler
                0x08002b58       0x50 ./Core/Startup/startup_stm32f429zitx.o
                0x08002b58                Reset_Handler
 .text.Default_Handler
                0x08002ba8        0x2 ./Core/Startup/startup_stm32f429zitx.o
                0x08002ba8                RTC_Alarm_IRQHandler
                0x08002ba8                HASH_RNG_IRQHandler
                0x08002ba8                EXTI2_IRQHandler
                0x08002ba8                TIM8_CC_IRQHandler
                0x08002ba8                UART8_IRQHandler
                0x08002ba8                SPI4_IRQHandler
                0x08002ba8                TIM1_CC_IRQHandler
                0x08002ba8                DMA2_Stream5_IRQHandler
                0x08002ba8                DMA1_Stream5_IRQHandler
                0x08002ba8                PVD_IRQHandler
                0x08002ba8                SDIO_IRQHandler
                0x08002ba8                TAMP_STAMP_IRQHandler
                0x08002ba8                CAN2_RX1_IRQHandler
                0x08002ba8                EXTI3_IRQHandler
                0x08002ba8                TIM8_TRG_COM_TIM14_IRQHandler
                0x08002ba8                TIM1_UP_TIM10_IRQHandler
                0x08002ba8                TIM8_UP_TIM13_IRQHandler
                0x08002ba8                I2C3_ER_IRQHandler
                0x08002ba8                EXTI0_IRQHandler
                0x08002ba8                I2C2_EV_IRQHandler
                0x08002ba8                DMA1_Stream2_IRQHandler
                0x08002ba8                CAN1_RX0_IRQHandler
                0x08002ba8                FPU_IRQHandler
                0x08002ba8                OTG_HS_WKUP_IRQHandler
                0x08002ba8                LTDC_ER_IRQHandler
                0x08002ba8                CAN2_SCE_IRQHandler
                0x08002ba8                DMA2_Stream2_IRQHandler
                0x08002ba8                SPI1_IRQHandler
                0x08002ba8                TIM6_DAC_IRQHandler
                0x08002ba8                TIM1_BRK_TIM9_IRQHandler
                0x08002ba8                DCMI_IRQHandler
                0x08002ba8                CAN2_RX0_IRQHandler
                0x08002ba8                DMA2_Stream3_IRQHandler
                0x08002ba8                USART6_IRQHandler
                0x08002ba8                USART3_IRQHandler
                0x08002ba8                CAN1_RX1_IRQHandler
                0x08002ba8                UART5_IRQHandler
                0x08002ba8                DMA2_Stream0_IRQHandler
                0x08002ba8                TIM4_IRQHandler
                0x08002ba8                I2C1_EV_IRQHandler
                0x08002ba8                DMA1_Stream6_IRQHandler
                0x08002ba8                DMA1_Stream1_IRQHandler
                0x08002ba8                UART4_IRQHandler
                0x08002ba8                TIM3_IRQHandler
                0x08002ba8                RCC_IRQHandler
                0x08002ba8                TIM8_BRK_TIM12_IRQHandler
                0x08002ba8                Default_Handler
                0x08002ba8                EXTI15_10_IRQHandler
                0x08002ba8                ADC_IRQHandler
                0x08002ba8                DMA1_Stream7_IRQHandler
                0x08002ba8                SPI5_IRQHandler
                0x08002ba8                TIM7_IRQHandler
                0x08002ba8                CAN2_TX_IRQHandler
                0x08002ba8                TIM5_IRQHandler
                0x08002ba8                DMA2_Stream7_IRQHandler
                0x08002ba8                I2C3_EV_IRQHandler
                0x08002ba8                EXTI9_5_IRQHandler
                0x08002ba8                RTC_WKUP_IRQHandler
                0x08002ba8                LTDC_IRQHandler
                0x08002ba8                ETH_WKUP_IRQHandler
                0x08002ba8                SPI2_IRQHandler
                0x08002ba8                OTG_HS_EP1_IN_IRQHandler
                0x08002ba8                DMA1_Stream0_IRQHandler
                0x08002ba8                CAN1_TX_IRQHandler
                0x08002ba8                EXTI4_IRQHandler
                0x08002ba8                ETH_IRQHandler
                0x08002ba8                OTG_HS_EP1_OUT_IRQHandler
                0x08002ba8                WWDG_IRQHandler
                0x08002ba8                SPI6_IRQHandler
                0x08002ba8                TIM2_IRQHandler
                0x08002ba8                OTG_FS_WKUP_IRQHandler
                0x08002ba8                TIM1_TRG_COM_TIM11_IRQHandler
                0x08002ba8                OTG_HS_IRQHandler
                0x08002ba8                DMA2D_IRQHandler
                0x08002ba8                EXTI1_IRQHandler
                0x08002ba8                UART7_IRQHandler
                0x08002ba8                USART2_IRQHandler
                0x08002ba8                I2C2_ER_IRQHandler
                0x08002ba8                DMA2_Stream1_IRQHandler
                0x08002ba8                CAN1_SCE_IRQHandler
                0x08002ba8                FLASH_IRQHandler
                0x08002ba8                DMA2_Stream4_IRQHandler
                0x08002ba8                USART1_IRQHandler
                0x08002ba8                OTG_FS_IRQHandler
                0x08002ba8                SPI3_IRQHandler
                0x08002ba8                DMA1_Stream4_IRQHandler
                0x08002ba8                I2C1_ER_IRQHandler
                0x08002ba8                FMC_IRQHandler
                0x08002ba8                DMA2_Stream6_IRQHandler
                0x08002ba8                SAI1_IRQHandler
                0x08002ba8                DMA1_Stream3_IRQHandler
 *fill*         0x08002baa        0x2 
 .text.HAL_Init
                0x08002bac       0x44 ./Drivers/STM32F4xx_HAL_Driver/Src/stm32f4xx_hal.o
                0x08002bac                HAL_Init
 .text.HAL_InitTick
                0x08002bf0       0x60 ./Drivers/STM32F4xx_HAL_Driver/Src/stm32f4xx_hal.o
                0x08002bf0                HAL_InitTick
 .text.HAL_IncTick
                0x08002c50       0x28 ./Drivers/STM32F4xx_HAL_Driver/Src/stm32f4xx_hal.o
                0x08002c50                HAL_IncTick
 .text.HAL_GetTick
                0x08002c78       0x18 ./Drivers/STM32F4xx_HAL_Driver/Src/stm32f4xx_hal.o
                0x08002c78                HAL_GetTick
 .text.HAL_Delay
                0x08002c90       0x48 ./Drivers/STM32F4xx_HAL_Driver/Src/stm32f4xx_hal.o
                0x08002c90                HAL_Delay
 .text.__NVIC_SetPriorityGrouping
                0x08002cd8       0x48 ./Drivers/STM32F4xx_HAL_Driver/Src/stm32f4xx_hal_cortex.o
 .text.__NVIC_GetPriorityGrouping
                0x08002d20       0x1c ./Drivers/STM32F4xx_HAL_Driver/Src/stm32f4xx_hal_cortex.o
 .text.__NVIC_SetPriority
                0x08002d3c       0x54 ./Drivers/STM32F4xx_HAL_Driver/Src/stm32f4xx_hal_cortex.o
 .text.NVIC_EncodePriority
                0x08002d90       0x66 ./Drivers/STM32F4xx_HAL_Driver/Src/stm32f4xx_hal_cortex.o
 *fill*         0x08002df6        0x2 
 .text.SysTick_Config
                0x08002df8       0x44 ./Drivers/STM32F4xx_HAL_Driver/Src/stm32f4xx_hal_cortex.o
 .text.HAL_NVIC_SetPriorityGrouping
                0x08002e3c       0x16 ./Drivers/STM32F4xx_HAL_Driver/Src/stm32f4xx_hal_cortex.o
                0x08002e3c                HAL_NVIC_SetPriorityGrouping
 .text.HAL_NVIC_SetPriority
                0x08002e52       0x38 ./Drivers/STM32F4xx_HAL_Driver/Src/stm32f4xx_hal_cortex.o
                0x08002e52                HAL_NVIC_SetPriority
 .text.HAL_SYSTICK_Config
                0x08002e8a       0x18 ./Drivers/STM32F4xx_HAL_Driver/Src/stm32f4xx_hal_cortex.o
                0x08002e8a                HAL_SYSTICK_Config
 *fill*         0x08002ea2        0x2 
 .text.HAL_GPIO_Init
                0x08002ea4      0x358 ./Drivers/STM32F4xx_HAL_Driver/Src/stm32f4xx_hal_gpio.o
                0x08002ea4                HAL_GPIO_Init
 .text.HAL_GPIO_DeInit
                0x080031fc      0x218 ./Drivers/STM32F4xx_HAL_Driver/Src/stm32f4xx_hal_gpio.o
                0x080031fc                HAL_GPIO_DeInit
 .text.HAL_GPIO_WritePin
                0x08003414       0x32 ./Drivers/STM32F4xx_HAL_Driver/Src/stm32f4xx_hal_gpio.o
                0x08003414                HAL_GPIO_WritePin
 *fill*         0x08003446        0x2 
 .text.HAL_I2C_Init
                0x08003448      0x288 ./Drivers/STM32F4xx_HAL_Driver/Src/stm32f4xx_hal_i2c.o
                0x08003448                HAL_I2C_Init
 .text.HAL_I2C_Mem_Write
                0x080036d0      0x1f4 ./Drivers/STM32F4xx_HAL_Driver/Src/stm32f4xx_hal_i2c.o
                0x080036d0                HAL_I2C_Mem_Write
 .text.HAL_I2C_Mem_Read
                0x080038c4      0x464 ./Drivers/STM32F4xx_HAL_Driver/Src/stm32f4xx_hal_i2c.o
                0x080038c4                HAL_I2C_Mem_Read
 .text.I2C_RequestMemoryWrite
                0x08003d28      0x12c ./Drivers/STM32F4xx_HAL_Driver/Src/stm32f4xx_hal_i2c.o
 .text.I2C_RequestMemoryRead
                0x08003e54      0x1d0 ./Drivers/STM32F4xx_HAL_Driver/Src/stm32f4xx_hal_i2c.o
 .text.I2C_WaitOnFlagUntilTimeout
                0x08004024       0xf4 ./Drivers/STM32F4xx_HAL_Driver/Src/stm32f4xx_hal_i2c.o
 .text.I2C_WaitOnMasterAddressFlagUntilTimeout
                0x08004118      0x140 ./Drivers/STM32F4xx_HAL_Driver/Src/stm32f4xx_hal_i2c.o
 .text.I2C_WaitOnTXEFlagUntilTimeout
                0x08004258       0x90 ./Drivers/STM32F4xx_HAL_Driver/Src/stm32f4xx_hal_i2c.o
 .text.I2C_WaitOnBTFFlagUntilTimeout
                0x080042e8       0x90 ./Drivers/STM32F4xx_HAL_Driver/Src/stm32f4xx_hal_i2c.o
 .text.I2C_WaitOnRXNEFlagUntilTimeout
                0x08004378       0xba ./Drivers/STM32F4xx_HAL_Driver/Src/stm32f4xx_hal_i2c.o
 .text.I2C_IsAcknowledgeFailed
                0x08004432       0x5e ./Drivers/STM32F4xx_HAL_Driver/Src/stm32f4xx_hal_i2c.o
 .text.HAL_I2CEx_ConfigAnalogFilter
                0x08004490       0x78 ./Drivers/STM32F4xx_HAL_Driver/Src/stm32f4xx_hal_i2c_ex.o
                0x08004490                HAL_I2CEx_ConfigAnalogFilter
 .text.HAL_I2CEx_ConfigDigitalFilter
                0x08004508       0x7e ./Drivers/STM32F4xx_HAL_Driver/Src/stm32f4xx_hal_i2c_ex.o
                0x08004508                HAL_I2CEx_ConfigDigitalFilter
 *fill*         0x08004586        0x2 
 .text.HAL_LTDC_Init
                0x08004588      0x1a0 ./Drivers/STM32F4xx_HAL_Driver/Src/stm32f4xx_hal_ltdc.o
                0x08004588                HAL_LTDC_Init
 .text.HAL_LTDC_ConfigLayer
                0x08004728       0x7c ./Drivers/STM32F4xx_HAL_Driver/Src/stm32f4xx_hal_ltdc.o
                0x08004728                HAL_LTDC_ConfigLayer
 .text.LTDC_SetConfig
                0x080047a4      0x32e ./Drivers/STM32F4xx_HAL_Driver/Src/stm32f4xx_hal_ltdc.o
 *fill*         0x08004ad2        0x2 
 .text.HAL_RCC_OscConfig
                0x08004ad4      0x4f0 ./Drivers/STM32F4xx_HAL_Driver/Src/stm32f4xx_hal_rcc.o
                0x08004ad4                HAL_RCC_OscConfig
 .text.HAL_RCC_ClockConfig
                0x08004fc4      0x1cc ./Drivers/STM32F4xx_HAL_Driver/Src/stm32f4xx_hal_rcc.o
                0x08004fc4                HAL_RCC_ClockConfig
 .text.HAL_RCC_GetSysClockFreq
                0x08005190      0x20c ./Drivers/STM32F4xx_HAL_Driver/Src/stm32f4xx_hal_rcc.o
                0x08005190                HAL_RCC_GetSysClockFreq
 .text.HAL_RCC_GetHCLKFreq
                0x0800539c       0x18 ./Drivers/STM32F4xx_HAL_Driver/Src/stm32f4xx_hal_rcc.o
                0x0800539c                HAL_RCC_GetHCLKFreq
 .text.HAL_RCC_GetPCLK1Freq
                0x080053b4       0x28 ./Drivers/STM32F4xx_HAL_Driver/Src/stm32f4xx_hal_rcc.o
                0x080053b4                HAL_RCC_GetPCLK1Freq
 .text.HAL_RCCEx_PeriphCLKConfig
                0x080053dc      0x380 ./Drivers/STM32F4xx_HAL_Driver/Src/stm32f4xx_hal_rcc_ex.o
                0x080053dc                HAL_RCCEx_PeriphCLKConfig
 .text.HAL_RNG_Init
                0x0800575c       0x54 ./Drivers/STM32F4xx_HAL_Driver/Src/stm32f4xx_hal_rng.o
                0x0800575c                HAL_RNG_Init
 .text.HAL_SPI_Init
                0x080057b0      0x112 ./Drivers/STM32F4xx_HAL_Driver/Src/stm32f4xx_hal_spi.o
                0x080057b0                HAL_SPI_Init
 .text.HAL_SPI_DeInit
                0x080058c2       0x50 ./Drivers/STM32F4xx_HAL_Driver/Src/stm32f4xx_hal_spi.o
                0x080058c2                HAL_SPI_DeInit
 .text.HAL_SPI_Transmit
                0x08005912      0x288 ./Drivers/STM32F4xx_HAL_Driver/Src/stm32f4xx_hal_spi.o
                0x08005912                HAL_SPI_Transmit
 .text.HAL_SPI_GetState
                0x08005b9a       0x1c ./Drivers/STM32F4xx_HAL_Driver/Src/stm32f4xx_hal_spi.o
                0x08005b9a                HAL_SPI_GetState
 *fill*         0x08005bb6        0x2 
 .text.SPI_WaitFlagStateUntilTimeout
                0x08005bb8      0x110 ./Drivers/STM32F4xx_HAL_Driver/Src/stm32f4xx_hal_spi.o
 .text.SPI_EndRxTxTransaction
                0x08005cc8       0xa8 ./Drivers/STM32F4xx_HAL_Driver/Src/stm32f4xx_hal_spi.o
 .text.HAL_TIM_Base_Init
                0x08005d70       0x9e ./Drivers/STM32F4xx_HAL_Driver/Src/stm32f4xx_hal_tim.o
                0x08005d70                HAL_TIM_Base_Init
 .text.HAL_TIM_ConfigClockSource
                0x08005e0e      0x18e ./Drivers/STM32F4xx_HAL_Driver/Src/stm32f4xx_hal_tim.o
                0x08005e0e                HAL_TIM_ConfigClockSource
 .text.TIM_Base_SetConfig
                0x08005f9c      0x158 ./Drivers/STM32F4xx_HAL_Driver/Src/stm32f4xx_hal_tim.o
                0x08005f9c                TIM_Base_SetConfig
 .text.TIM_TI1_ConfigInputStage
                0x080060f4       0x5e ./Drivers/STM32F4xx_HAL_Driver/Src/stm32f4xx_hal_tim.o
 .text.TIM_TI2_ConfigInputStage
                0x08006152       0x60 ./Drivers/STM32F4xx_HAL_Driver/Src/stm32f4xx_hal_tim.o
 .text.TIM_ITRx_SetConfig
                0x080061b2       0x36 ./Drivers/STM32F4xx_HAL_Driver/Src/stm32f4xx_hal_tim.o
 .text.TIM_ETR_SetConfig
                0x080061e8       0x40 ./Drivers/STM32F4xx_HAL_Driver/Src/stm32f4xx_hal_tim.o
                0x080061e8                TIM_ETR_SetConfig
 .text.HAL_TIMEx_MasterConfigSynchronization
                0x08006228       0xf8 ./Drivers/STM32F4xx_HAL_Driver/Src/stm32f4xx_hal_tim_ex.o
                0x08006228                HAL_TIMEx_MasterConfigSynchronization
 .text.memset   0x08006320       0x10 C:/ST/STM32CubeIDE_1.17.0/STM32CubeIDE/plugins/com.st.stm32cube.ide.mcu.externaltools.gnu-tools-for-stm32.12.3.rel1.win32_1.1.0.202410251130/tools/bin/../lib/gcc/arm-none-eabi/12.3.1/../../../../arm-none-eabi/lib/thumb/v7e-m+fp/hard\libc_nano.a(libc_a-memset.o)
                0x08006320                memset
 .text.__libc_init_array
                0x08006330       0x48 C:/ST/STM32CubeIDE_1.17.0/STM32CubeIDE/plugins/com.st.stm32cube.ide.mcu.externaltools.gnu-tools-for-stm32.12.3.rel1.win32_1.1.0.202410251130/tools/bin/../lib/gcc/arm-none-eabi/12.3.1/../../../../arm-none-eabi/lib/thumb/v7e-m+fp/hard\libc_nano.a(libc_a-init.o)
                0x08006330                __libc_init_array
 *(.glue_7)
 .glue_7        0x08006378        0x0 linker stubs
 *(.glue_7t)
 .glue_7t       0x08006378        0x0 linker stubs
 *(.eh_frame)
 .eh_frame      0x08006378        0x0 C:/ST/STM32CubeIDE_1.17.0/STM32CubeIDE/plugins/com.st.stm32cube.ide.mcu.externaltools.gnu-tools-for-stm32.12.3.rel1.win32_1.1.0.202410251130/tools/bin/../lib/gcc/arm-none-eabi/12.3.1/thumb/v7e-m+fp/hard/crtbegin.o
 *(.init)
 .init          0x08006378        0x4 C:/ST/STM32CubeIDE_1.17.0/STM32CubeIDE/plugins/com.st.stm32cube.ide.mcu.externaltools.gnu-tools-for-stm32.12.3.rel1.win32_1.1.0.202410251130/tools/bin/../lib/gcc/arm-none-eabi/12.3.1/thumb/v7e-m+fp/hard/crti.o
                0x08006378                _init
 .init          0x0800637c        0x8 C:/ST/STM32CubeIDE_1.17.0/STM32CubeIDE/plugins/com.st.stm32cube.ide.mcu.externaltools.gnu-tools-for-stm32.12.3.rel1.win32_1.1.0.202410251130/tools/bin/../lib/gcc/arm-none-eabi/12.3.1/thumb/v7e-m+fp/hard/crtn.o
 *(.fini)
 .fini          0x08006384        0x4 C:/ST/STM32CubeIDE_1.17.0/STM32CubeIDE/plugins/com.st.stm32cube.ide.mcu.externaltools.gnu-tools-for-stm32.12.3.rel1.win32_1.1.0.202410251130/tools/bin/../lib/gcc/arm-none-eabi/12.3.1/thumb/v7e-m+fp/hard/crti.o
                0x08006384                _fini
 .fini          0x08006388        0x8 C:/ST/STM32CubeIDE_1.17.0/STM32CubeIDE/plugins/com.st.stm32cube.ide.mcu.externaltools.gnu-tools-for-stm32.12.3.rel1.win32_1.1.0.202410251130/tools/bin/../lib/gcc/arm-none-eabi/12.3.1/thumb/v7e-m+fp/hard/crtn.o
                0x08006390                        . = ALIGN (0x4)
                0x08006390                        _etext = .

.vfp11_veneer   0x08006390        0x0
 .vfp11_veneer  0x08006390        0x0 linker stubs

.v4_bx          0x08006390        0x0
 .v4_bx         0x08006390        0x0 linker stubs

.iplt           0x08006390        0x0
 .iplt          0x08006390        0x0 C:/ST/STM32CubeIDE_1.17.0/STM32CubeIDE/plugins/com.st.stm32cube.ide.mcu.externaltools.gnu-tools-for-stm32.12.3.rel1.win32_1.1.0.202410251130/tools/bin/../lib/gcc/arm-none-eabi/12.3.1/thumb/v7e-m+fp/hard/crtbegin.o

.rodata         0x08006390     0x1ae8
                0x08006390                        . = ALIGN (0x4)
 *(.rodata)
 *(.rodata*)
 .rodata.ASCII16x24_Table
                0x08006390     0x11d0 ./Core/Src/fonts.o
                0x08006390                ASCII16x24_Table
 .rodata.ASCII12x12_Table
                0x08007560      0x900 ./Core/Src/fonts.o
                0x08007560                ASCII12x12_Table
 .rodata.AHBPrescTable
                0x08007e60       0x10 ./Core/Src/system_stm32f4xx.o
                0x08007e60                AHBPrescTable
 .rodata.APBPrescTable
                0x08007e70        0x8 ./Core/Src/system_stm32f4xx.o
                0x08007e70                APBPrescTable
                0x08007e78                        . = ALIGN (0x4)

.ARM.extab      0x08007e78        0x0
                0x08007e78                        . = ALIGN (0x4)
 *(.ARM.extab* .gnu.linkonce.armextab.*)
                0x08007e78                        . = ALIGN (0x4)

.ARM            0x08007e78        0x8
                0x08007e78                        . = ALIGN (0x4)
                0x08007e78                        __exidx_start = .
 *(.ARM.exidx*)
 .ARM.exidx     0x08007e78        0x8 C:/ST/STM32CubeIDE_1.17.0/STM32CubeIDE/plugins/com.st.stm32cube.ide.mcu.externaltools.gnu-tools-for-stm32.12.3.rel1.win32_1.1.0.202410251130/tools/bin/../lib/gcc/arm-none-eabi/12.3.1/thumb/v7e-m+fp/hard\libgcc.a(_udivmoddi4.o)
                0x08007e80                        __exidx_end = .
                0x08007e80                        . = ALIGN (0x4)

.preinit_array  0x08007e80        0x0
                0x08007e80                        . = ALIGN (0x4)
                0x08007e80                        PROVIDE (__preinit_array_start = .)
 *(.preinit_array*)
                0x08007e80                        PROVIDE (__preinit_array_end = .)
                0x08007e80                        . = ALIGN (0x4)

.init_array     0x08007e80        0x4
                0x08007e80                        . = ALIGN (0x4)
                0x08007e80                        PROVIDE (__init_array_start = .)
 *(SORT_BY_NAME(.init_array.*))
 *(.init_array*)
 .init_array    0x08007e80        0x4 C:/ST/STM32CubeIDE_1.17.0/STM32CubeIDE/plugins/com.st.stm32cube.ide.mcu.externaltools.gnu-tools-for-stm32.12.3.rel1.win32_1.1.0.202410251130/tools/bin/../lib/gcc/arm-none-eabi/12.3.1/thumb/v7e-m+fp/hard/crtbegin.o
                0x08007e84                        PROVIDE (__init_array_end = .)
                0x08007e84                        . = ALIGN (0x4)

.fini_array     0x08007e84        0x4
                0x08007e84                        . = ALIGN (0x4)
                [!provide]                        PROVIDE (__fini_array_start = .)
 *(SORT_BY_NAME(.fini_array.*))
 *(.fini_array*)
 .fini_array    0x08007e84        0x4 C:/ST/STM32CubeIDE_1.17.0/STM32CubeIDE/plugins/com.st.stm32cube.ide.mcu.externaltools.gnu-tools-for-stm32.12.3.rel1.win32_1.1.0.202410251130/tools/bin/../lib/gcc/arm-none-eabi/12.3.1/thumb/v7e-m+fp/hard/crtbegin.o
                [!provide]                        PROVIDE (__fini_array_end = .)
                0x08007e88                        . = ALIGN (0x4)
                0x08007e88                        _sidata = LOADADDR (.data)

.rel.dyn        0x08007e88        0x0
 .rel.iplt      0x08007e88        0x0 C:/ST/STM32CubeIDE_1.17.0/STM32CubeIDE/plugins/com.st.stm32cube.ide.mcu.externaltools.gnu-tools-for-stm32.12.3.rel1.win32_1.1.0.202410251130/tools/bin/../lib/gcc/arm-none-eabi/12.3.1/thumb/v7e-m+fp/hard/crtbegin.o

.data           0x20000000       0x24 load address 0x08007e88
                0x20000000                        . = ALIGN (0x4)
                0x20000000                        _sdata = .
 *(.data)
 *(.data*)
 .data.CurrentTextColor
                0x20000000        0x2 ./Core/Src/LCD_Driver.o
 *fill*         0x20000002        0x2 
 .data.Font16x24
                0x20000004        0x8 ./Core/Src/fonts.o
                0x20000004                Font16x24
 .data.Font12x12
                0x2000000c        0x8 ./Core/Src/fonts.o
                0x2000000c                Font12x12
 .data.SpiTimeout
                0x20000014        0x4 ./Core/Src/ili9341.o
                0x20000014                SpiTimeout
 .data.SystemCoreClock
                0x20000018        0x4 ./Core/Src/system_stm32f4xx.o
                0x20000018                SystemCoreClock
 .data.uwTickPrio
                0x2000001c        0x4 ./Drivers/STM32F4xx_HAL_Driver/Src/stm32f4xx_hal.o
                0x2000001c                uwTickPrio
 .data.uwTickFreq
                0x20000020        0x1 ./Drivers/STM32F4xx_HAL_Driver/Src/stm32f4xx_hal.o
                0x20000020                uwTickFreq
 *(.RamFunc)
 *(.RamFunc*)
                0x20000024                        . = ALIGN (0x4)
 *fill*         0x20000021        0x3 
                0x20000024                        _edata = .
                0x08007eac                        _siccmram = LOADADDR (.ccmram)

.igot.plt       0x20000024        0x0 load address 0x08007eac
 .igot.plt      0x20000024        0x0 C:/ST/STM32CubeIDE_1.17.0/STM32CubeIDE/plugins/com.st.stm32cube.ide.mcu.externaltools.gnu-tools-for-stm32.12.3.rel1.win32_1.1.0.202410251130/tools/bin/../lib/gcc/arm-none-eabi/12.3.1/thumb/v7e-m+fp/hard/crtbegin.o

.ccmram         0x10000000        0x0 load address 0x08007eac
                0x10000000                        . = ALIGN (0x4)
                0x10000000                        _sccmram = .
 *(.ccmram)
 *(.ccmram*)
                0x10000000                        . = ALIGN (0x4)
                0x10000000                        _eccmram = .
                0x10000000                        . = ALIGN (0x4)

.bss            0x20000024    0x25b9c
                0x20000024                        _sbss = .
                0x20000024                        __bss_start__ = _sbss
 *(.bss)
 .bss           0x20000024       0x1c C:/ST/STM32CubeIDE_1.17.0/STM32CubeIDE/plugins/com.st.stm32cube.ide.mcu.externaltools.gnu-tools-for-stm32.12.3.rel1.win32_1.1.0.202410251130/tools/bin/../lib/gcc/arm-none-eabi/12.3.1/thumb/v7e-m+fp/hard/crtbegin.o
 *(.bss*)
 .bss.StaticTouchData
                0x20000040        0x8 ./Core/Src/ApplicationCode.o
 .bss.currentplayer
                0x20000048        0x1 ./Core/Src/GamePiece.o
 *fill*         0x20000049        0x1 
 .bss.XPos      0x2000004a        0x2 ./Core/Src/GamePiece.o
 .bss.YPos      0x2000004c        0x2 ./Core/Src/GamePiece.o
 .bss.FillColor
                0x2000004e        0x2 ./Core/Src/GamePiece.o
 .bss.Player1   0x20000050        0x1 ./Core/Src/GamePiece.o
                0x20000050                Player1
 *fill*         0x20000051        0x3 
 .bss.boardspots
                0x20000054       0x2a ./Core/Src/Game_Screen.o
                0x20000054                boardspots
 *fill*         0x2000007e        0x2 
 .bss.hltdc     0x20000080       0xa8 ./Core/Src/LCD_Driver.o
 .bss.PeriphClkInitStruct
                0x20000128       0x30 ./Core/Src/LCD_Driver.o
 .bss.LCD_Currentfonts
                0x20000158        0x4 ./Core/Src/LCD_Driver.o
 .bss.frameBuffer
                0x2000015c    0x25800 ./Core/Src/LCD_Driver.o
                0x2000015c                frameBuffer
 .bss.SpiHandle
                0x2002595c       0x58 ./Core/Src/ili9341.o
 .bss.Is_LCD_IO_Initialized
                0x200259b4        0x1 ./Core/Src/ili9341.o
 *fill*         0x200259b5        0x3 
 .bss.hi2c3     0x200259b8       0x54 ./Core/Src/main.o
                0x200259b8                hi2c3
 .bss.hltdc     0x20025a0c       0xa8 ./Core/Src/main.o
                0x20025a0c                hltdc
 .bss.hrng      0x20025ab4       0x10 ./Core/Src/main.o
                0x20025ab4                hrng
 .bss.hspi5     0x20025ac4       0x58 ./Core/Src/main.o
                0x20025ac4                hspi5
 .bss.htim2     0x20025b1c       0x48 ./Core/Src/main.o
                0x20025b1c                htim2
 .bss.hI2C3     0x20025b64       0x54 ./Core/Src/stmpe811.o
 .bss.HAL_status
                0x20025bb8        0x1 ./Core/Src/stmpe811.o
 *fill*         0x20025bb9        0x3 
 .bss.uwTick    0x20025bbc        0x4 ./Drivers/STM32F4xx_HAL_Driver/Src/stm32f4xx_hal.o
                0x20025bbc                uwTick
 *(COMMON)
                0x20025bc0                        . = ALIGN (0x4)
                0x20025bc0                        _ebss = .
                0x20025bc0                        __bss_end__ = _ebss

._user_heap_stack
                0x20025bc0      0x600
                0x20025bc0                        . = ALIGN (0x8)
                [!provide]                        PROVIDE (end = .)
                0x20025bc0                        PROVIDE (_end = .)
                0x20025dc0                        . = (. + _Min_Heap_Size)
 *fill*         0x20025bc0      0x200 
                0x200261c0                        . = (. + _Min_Stack_Size)
 *fill*         0x20025dc0      0x400 
                0x200261c0                        . = ALIGN (0x8)

/DISCARD/
 libc.a(*)
 libm.a(*)
 libgcc.a(*)

.ARM.attributes
                0x00000000       0x30
 *(.ARM.attributes)
 .ARM.attributes
                0x00000000       0x22 C:/ST/STM32CubeIDE_1.17.0/STM32CubeIDE/plugins/com.st.stm32cube.ide.mcu.externaltools.gnu-tools-for-stm32.12.3.rel1.win32_1.1.0.202410251130/tools/bin/../lib/gcc/arm-none-eabi/12.3.1/thumb/v7e-m+fp/hard/crti.o
 .ARM.attributes
                0x00000022       0x34 C:/ST/STM32CubeIDE_1.17.0/STM32CubeIDE/plugins/com.st.stm32cube.ide.mcu.externaltools.gnu-tools-for-stm32.12.3.rel1.win32_1.1.0.202410251130/tools/bin/../lib/gcc/arm-none-eabi/12.3.1/thumb/v7e-m+fp/hard/crtbegin.o
 .ARM.attributes
                0x00000056       0x34 ./Core/Src/ApplicationCode.o
 .ARM.attributes
                0x0000008a       0x34 ./Core/Src/GamePiece.o
 .ARM.attributes
                0x000000be       0x34 ./Core/Src/Game_Screen.o
 .ARM.attributes
                0x000000f2       0x34 ./Core/Src/LCD_Driver.o
 .ARM.attributes
                0x00000126       0x34 ./Core/Src/fonts.o
 .ARM.attributes
                0x0000015a       0x34 ./Core/Src/ili9341.o
 .ARM.attributes
                0x0000018e       0x34 ./Core/Src/main.o
 .ARM.attributes
                0x000001c2       0x34 ./Core/Src/stm32f4xx_hal_msp.o
 .ARM.attributes
                0x000001f6       0x34 ./Core/Src/stm32f4xx_it.o
 .ARM.attributes
                0x0000022a       0x34 ./Core/Src/stmpe811.o
 .ARM.attributes
                0x0000025e       0x34 ./Core/Src/syscalls.o
 .ARM.attributes
                0x00000292       0x34 ./Core/Src/system_stm32f4xx.o
 .ARM.attributes
                0x000002c6       0x21 ./Core/Startup/startup_stm32f429zitx.o
 .ARM.attributes
                0x000002e7       0x34 ./Drivers/STM32F4xx_HAL_Driver/Src/stm32f4xx_hal.o
 .ARM.attributes
                0x0000031b       0x34 ./Drivers/STM32F4xx_HAL_Driver/Src/stm32f4xx_hal_cortex.o
 .ARM.attributes
                0x0000034f       0x34 ./Drivers/STM32F4xx_HAL_Driver/Src/stm32f4xx_hal_gpio.o
 .ARM.attributes
                0x00000383       0x34 ./Drivers/STM32F4xx_HAL_Driver/Src/stm32f4xx_hal_i2c.o
 .ARM.attributes
                0x000003b7       0x34 ./Drivers/STM32F4xx_HAL_Driver/Src/stm32f4xx_hal_i2c_ex.o
 .ARM.attributes
                0x000003eb       0x34 ./Drivers/STM32F4xx_HAL_Driver/Src/stm32f4xx_hal_ltdc.o
 .ARM.attributes
                0x0000041f       0x34 ./Drivers/STM32F4xx_HAL_Driver/Src/stm32f4xx_hal_rcc.o
 .ARM.attributes
                0x00000453       0x34 ./Drivers/STM32F4xx_HAL_Driver/Src/stm32f4xx_hal_rcc_ex.o
 .ARM.attributes
                0x00000487       0x34 ./Drivers/STM32F4xx_HAL_Driver/Src/stm32f4xx_hal_rng.o
 .ARM.attributes
                0x000004bb       0x34 ./Drivers/STM32F4xx_HAL_Driver/Src/stm32f4xx_hal_spi.o
 .ARM.attributes
                0x000004ef       0x34 ./Drivers/STM32F4xx_HAL_Driver/Src/stm32f4xx_hal_tim.o
 .ARM.attributes
                0x00000523       0x34 ./Drivers/STM32F4xx_HAL_Driver/Src/stm32f4xx_hal_tim_ex.o
 .ARM.attributes
                0x00000557       0x34 C:/ST/STM32CubeIDE_1.17.0/STM32CubeIDE/plugins/com.st.stm32cube.ide.mcu.externaltools.gnu-tools-for-stm32.12.3.rel1.win32_1.1.0.202410251130/tools/bin/../lib/gcc/arm-none-eabi/12.3.1/../../../../arm-none-eabi/lib/thumb/v7e-m+fp/hard\libc_nano.a(libc_a-memset.o)
 .ARM.attributes
                0x0000058b       0x34 C:/ST/STM32CubeIDE_1.17.0/STM32CubeIDE/plugins/com.st.stm32cube.ide.mcu.externaltools.gnu-tools-for-stm32.12.3.rel1.win32_1.1.0.202410251130/tools/bin/../lib/gcc/arm-none-eabi/12.3.1/../../../../arm-none-eabi/lib/thumb/v7e-m+fp/hard\libc_nano.a(libc_a-init.o)
 .ARM.attributes
                0x000005bf       0x22 C:/ST/STM32CubeIDE_1.17.0/STM32CubeIDE/plugins/com.st.stm32cube.ide.mcu.externaltools.gnu-tools-for-stm32.12.3.rel1.win32_1.1.0.202410251130/tools/bin/../lib/gcc/arm-none-eabi/12.3.1/thumb/v7e-m+fp/hard\libgcc.a(_aeabi_uldivmod.o)
 .ARM.attributes
                0x000005e1       0x34 C:/ST/STM32CubeIDE_1.17.0/STM32CubeIDE/plugins/com.st.stm32cube.ide.mcu.externaltools.gnu-tools-for-stm32.12.3.rel1.win32_1.1.0.202410251130/tools/bin/../lib/gcc/arm-none-eabi/12.3.1/thumb/v7e-m+fp/hard\libgcc.a(_udivmoddi4.o)
 .ARM.attributes
                0x00000615       0x22 C:/ST/STM32CubeIDE_1.17.0/STM32CubeIDE/plugins/com.st.stm32cube.ide.mcu.externaltools.gnu-tools-for-stm32.12.3.rel1.win32_1.1.0.202410251130/tools/bin/../lib/gcc/arm-none-eabi/12.3.1/thumb/v7e-m+fp/hard\libgcc.a(_dvmd_tls.o)
 .ARM.attributes
                0x00000637       0x22 C:/ST/STM32CubeIDE_1.17.0/STM32CubeIDE/plugins/com.st.stm32cube.ide.mcu.externaltools.gnu-tools-for-stm32.12.3.rel1.win32_1.1.0.202410251130/tools/bin/../lib/gcc/arm-none-eabi/12.3.1/thumb/v7e-m+fp/hard/crtn.o
OUTPUT(ECEN2370_StarterCode_SP25.elf elf32-littlearm)
LOAD linker stubs
LOAD C:/ST/STM32CubeIDE_1.17.0/STM32CubeIDE/plugins/com.st.stm32cube.ide.mcu.externaltools.gnu-tools-for-stm32.12.3.rel1.win32_1.1.0.202410251130/tools/bin/../lib/gcc/arm-none-eabi/12.3.1/../../../../arm-none-eabi/lib/thumb/v7e-m+fp/hard\libc.a
LOAD C:/ST/STM32CubeIDE_1.17.0/STM32CubeIDE/plugins/com.st.stm32cube.ide.mcu.externaltools.gnu-tools-for-stm32.12.3.rel1.win32_1.1.0.202410251130/tools/bin/../lib/gcc/arm-none-eabi/12.3.1/../../../../arm-none-eabi/lib/thumb/v7e-m+fp/hard\libm.a
LOAD C:/ST/STM32CubeIDE_1.17.0/STM32CubeIDE/plugins/com.st.stm32cube.ide.mcu.externaltools.gnu-tools-for-stm32.12.3.rel1.win32_1.1.0.202410251130/tools/bin/../lib/gcc/arm-none-eabi/12.3.1/thumb/v7e-m+fp/hard\libgcc.a

.debug_info     0x00000000    0x13423
 .debug_info    0x00000000      0x269 ./Core/Src/ApplicationCode.o
 .debug_info    0x00000269      0x34c ./Core/Src/GamePiece.o
 .debug_info    0x000005b5      0x4b2 ./Core/Src/Game_Screen.o
 .debug_info    0x00000a67      0xfbd ./Core/Src/LCD_Driver.o
 .debug_info    0x00001a24      0x145 ./Core/Src/fonts.o
 .debug_info    0x00001b69      0xc85 ./Core/Src/ili9341.o
 .debug_info    0x000027ee     0x1947 ./Core/Src/main.o
 .debug_info    0x00004135     0x17b6 ./Core/Src/stm32f4xx_hal_msp.o
 .debug_info    0x000058eb      0x112 ./Core/Src/stm32f4xx_it.o
 .debug_info    0x000059fd      0xdd6 ./Core/Src/stmpe811.o
 .debug_info    0x000067d3      0x6a3 ./Core/Src/syscalls.o
 .debug_info    0x00006e76      0x52e ./Core/Src/system_stm32f4xx.o
 .debug_info    0x000073a4       0x30 ./Core/Startup/startup_stm32f429zitx.o
 .debug_info    0x000073d4      0x9ba ./Drivers/STM32F4xx_HAL_Driver/Src/stm32f4xx_hal.o
 .debug_info    0x00007d8e      0xdc2 ./Drivers/STM32F4xx_HAL_Driver/Src/stm32f4xx_hal_cortex.o
 .debug_info    0x00008b50      0x6db ./Drivers/STM32F4xx_HAL_Driver/Src/stm32f4xx_hal_gpio.o
 .debug_info    0x0000922b     0x2421 ./Drivers/STM32F4xx_HAL_Driver/Src/stm32f4xx_hal_i2c.o
 .debug_info    0x0000b64c      0x672 ./Drivers/STM32F4xx_HAL_Driver/Src/stm32f4xx_hal_i2c_ex.o
 .debug_info    0x0000bcbe     0x1022 ./Drivers/STM32F4xx_HAL_Driver/Src/stm32f4xx_hal_ltdc.o
 .debug_info    0x0000cce0      0x8c7 ./Drivers/STM32F4xx_HAL_Driver/Src/stm32f4xx_hal_rcc.o
 .debug_info    0x0000d5a7      0x64c ./Drivers/STM32F4xx_HAL_Driver/Src/stm32f4xx_hal_rcc_ex.o
 .debug_info    0x0000dbf3      0x493 ./Drivers/STM32F4xx_HAL_Driver/Src/stm32f4xx_hal_rng.o
 .debug_info    0x0000e086     0x1525 ./Drivers/STM32F4xx_HAL_Driver/Src/stm32f4xx_hal_spi.o
 .debug_info    0x0000f5ab     0x299d ./Drivers/STM32F4xx_HAL_Driver/Src/stm32f4xx_hal_tim.o
 .debug_info    0x00011f48     0x14db ./Drivers/STM32F4xx_HAL_Driver/Src/stm32f4xx_hal_tim_ex.o

.debug_abbrev   0x00000000     0x3194
 .debug_abbrev  0x00000000      0x15f ./Core/Src/ApplicationCode.o
 .debug_abbrev  0x0000015f      0x19b ./Core/Src/GamePiece.o
 .debug_abbrev  0x000002fa      0x192 ./Core/Src/Game_Screen.o
 .debug_abbrev  0x0000048c      0x32a ./Core/Src/LCD_Driver.o
 .debug_abbrev  0x000007b6       0xc6 ./Core/Src/fonts.o
 .debug_abbrev  0x0000087c      0x2c9 ./Core/Src/ili9341.o
 .debug_abbrev  0x00000b45      0x2e7 ./Core/Src/main.o
 .debug_abbrev  0x00000e2c      0x25c ./Core/Src/stm32f4xx_hal_msp.o
 .debug_abbrev  0x00001088       0x73 ./Core/Src/stm32f4xx_it.o
 .debug_abbrev  0x000010fb      0x2c9 ./Core/Src/stmpe811.o
 .debug_abbrev  0x000013c4      0x1b6 ./Core/Src/syscalls.o
 .debug_abbrev  0x0000157a      0x11a ./Core/Src/system_stm32f4xx.o
 .debug_abbrev  0x00001694       0x24 ./Core/Startup/startup_stm32f429zitx.o
 .debug_abbrev  0x000016b8      0x214 ./Drivers/STM32F4xx_HAL_Driver/Src/stm32f4xx_hal.o
 .debug_abbrev  0x000018cc      0x31d ./Drivers/STM32F4xx_HAL_Driver/Src/stm32f4xx_hal_cortex.o
 .debug_abbrev  0x00001be9      0x1d4 ./Drivers/STM32F4xx_HAL_Driver/Src/stm32f4xx_hal_gpio.o
 .debug_abbrev  0x00001dbd      0x2ad ./Drivers/STM32F4xx_HAL_Driver/Src/stm32f4xx_hal_i2c.o
 .debug_abbrev  0x0000206a      0x157 ./Drivers/STM32F4xx_HAL_Driver/Src/stm32f4xx_hal_i2c_ex.o
 .debug_abbrev  0x000021c1      0x233 ./Drivers/STM32F4xx_HAL_Driver/Src/stm32f4xx_hal_ltdc.o
 .debug_abbrev  0x000023f4      0x2b7 ./Drivers/STM32F4xx_HAL_Driver/Src/stm32f4xx_hal_rcc.o
 .debug_abbrev  0x000026ab      0x1b0 ./Drivers/STM32F4xx_HAL_Driver/Src/stm32f4xx_hal_rcc_ex.o
 .debug_abbrev  0x0000285b      0x1c4 ./Drivers/STM32F4xx_HAL_Driver/Src/stm32f4xx_hal_rng.o
 .debug_abbrev  0x00002a1f      0x27a ./Drivers/STM32F4xx_HAL_Driver/Src/stm32f4xx_hal_spi.o
 .debug_abbrev  0x00002c99      0x278 ./Drivers/STM32F4xx_HAL_Driver/Src/stm32f4xx_hal_tim.o
 .debug_abbrev  0x00002f11      0x283 ./Drivers/STM32F4xx_HAL_Driver/Src/stm32f4xx_hal_tim_ex.o

.debug_aranges  0x00000000     0x1400
 .debug_aranges
                0x00000000       0x40 ./Core/Src/ApplicationCode.o
 .debug_aranges
                0x00000040       0x50 ./Core/Src/GamePiece.o
 .debug_aranges
                0x00000090       0x40 ./Core/Src/Game_Screen.o
 .debug_aranges
                0x000000d0       0xb0 ./Core/Src/LCD_Driver.o
 .debug_aranges
                0x00000180       0x18 ./Core/Src/fonts.o
 .debug_aranges
                0x00000198       0x98 ./Core/Src/ili9341.o
 .debug_aranges
                0x00000230       0x60 ./Core/Src/main.o
 .debug_aranges
                0x00000290       0x70 ./Core/Src/stm32f4xx_hal_msp.o
 .debug_aranges
                0x00000300       0x60 ./Core/Src/stm32f4xx_it.o
 .debug_aranges
                0x00000360       0x88 ./Core/Src/stmpe811.o
 .debug_aranges
                0x000003e8       0xa8 ./Core/Src/syscalls.o
 .debug_aranges
                0x00000490       0x28 ./Core/Src/system_stm32f4xx.o
 .debug_aranges
                0x000004b8       0x28 ./Core/Startup/startup_stm32f429zitx.o
 .debug_aranges
                0x000004e0      0x100 ./Drivers/STM32F4xx_HAL_Driver/Src/stm32f4xx_hal.o
 .debug_aranges
                0x000005e0      0x130 ./Drivers/STM32F4xx_HAL_Driver/Src/stm32f4xx_hal_cortex.o
 .debug_aranges
                0x00000710       0x58 ./Drivers/STM32F4xx_HAL_Driver/Src/stm32f4xx_hal_gpio.o
 .debug_aranges
                0x00000768      0x2a8 ./Drivers/STM32F4xx_HAL_Driver/Src/stm32f4xx_hal_i2c.o
 .debug_aranges
                0x00000a10       0x28 ./Drivers/STM32F4xx_HAL_Driver/Src/stm32f4xx_hal_i2c_ex.o
 .debug_aranges
                0x00000a38      0x158 ./Drivers/STM32F4xx_HAL_Driver/Src/stm32f4xx_hal_ltdc.o
 .debug_aranges
                0x00000b90       0x88 ./Drivers/STM32F4xx_HAL_Driver/Src/stm32f4xx_hal_rcc.o
 .debug_aranges
                0x00000c18       0x58 ./Drivers/STM32F4xx_HAL_Driver/Src/stm32f4xx_hal_rcc_ex.o
 .debug_aranges
                0x00000c70       0x88 ./Drivers/STM32F4xx_HAL_Driver/Src/stm32f4xx_hal_rng.o
 .debug_aranges
                0x00000cf8      0x1d0 ./Drivers/STM32F4xx_HAL_Driver/Src/stm32f4xx_hal_spi.o
 .debug_aranges
                0x00000ec8      0x3d0 ./Drivers/STM32F4xx_HAL_Driver/Src/stm32f4xx_hal_tim.o
 .debug_aranges
                0x00001298      0x168 ./Drivers/STM32F4xx_HAL_Driver/Src/stm32f4xx_hal_tim_ex.o

.debug_rnglists
                0x00000000      0xf6a
 .debug_rnglists
                0x00000000       0x2b ./Core/Src/ApplicationCode.o
 .debug_rnglists
                0x0000002b       0x38 ./Core/Src/GamePiece.o
 .debug_rnglists
                0x00000063       0x2f ./Core/Src/Game_Screen.o
 .debug_rnglists
                0x00000092       0x85 ./Core/Src/LCD_Driver.o
 .debug_rnglists
                0x00000117       0x6f ./Core/Src/ili9341.o
 .debug_rnglists
                0x00000186       0x48 ./Core/Src/main.o
 .debug_rnglists
                0x000001ce       0x53 ./Core/Src/stm32f4xx_hal_msp.o
 .debug_rnglists
                0x00000221       0x43 ./Core/Src/stm32f4xx_it.o
 .debug_rnglists
                0x00000264       0x67 ./Core/Src/stmpe811.o
 .debug_rnglists
                0x000002cb       0x79 ./Core/Src/syscalls.o
 .debug_rnglists
                0x00000344       0x1a ./Core/Src/system_stm32f4xx.o
 .debug_rnglists
                0x0000035e       0x19 ./Core/Startup/startup_stm32f429zitx.o
 .debug_rnglists
                0x00000377       0xbb ./Drivers/STM32F4xx_HAL_Driver/Src/stm32f4xx_hal.o
 .debug_rnglists
                0x00000432       0xe0 ./Drivers/STM32F4xx_HAL_Driver/Src/stm32f4xx_hal_cortex.o
 .debug_rnglists
                0x00000512       0x3f ./Drivers/STM32F4xx_HAL_Driver/Src/stm32f4xx_hal_gpio.o
 .debug_rnglists
                0x00000551      0x23c ./Drivers/STM32F4xx_HAL_Driver/Src/stm32f4xx_hal_i2c.o
 .debug_rnglists
                0x0000078d       0x19 ./Drivers/STM32F4xx_HAL_Driver/Src/stm32f4xx_hal_i2c_ex.o
 .debug_rnglists
                0x000007a6      0x10a ./Drivers/STM32F4xx_HAL_Driver/Src/stm32f4xx_hal_ltdc.o
 .debug_rnglists
                0x000008b0       0x66 ./Drivers/STM32F4xx_HAL_Driver/Src/stm32f4xx_hal_rcc.o
 .debug_rnglists
                0x00000916       0x43 ./Drivers/STM32F4xx_HAL_Driver/Src/stm32f4xx_hal_rcc_ex.o
 .debug_rnglists
                0x00000959       0x63 ./Drivers/STM32F4xx_HAL_Driver/Src/stm32f4xx_hal_rng.o
 .debug_rnglists
                0x000009bc      0x16f ./Drivers/STM32F4xx_HAL_Driver/Src/stm32f4xx_hal_spi.o
 .debug_rnglists
                0x00000b2b      0x31a ./Drivers/STM32F4xx_HAL_Driver/Src/stm32f4xx_hal_tim.o
 .debug_rnglists
                0x00000e45      0x125 ./Drivers/STM32F4xx_HAL_Driver/Src/stm32f4xx_hal_tim_ex.o

.debug_macro    0x00000000    0x26dd5
 .debug_macro   0x00000000      0x339 ./Core/Src/ApplicationCode.o
 .debug_macro   0x00000339      0xab4 ./Core/Src/ApplicationCode.o
 .debug_macro   0x00000ded      0x2ad ./Core/Src/ApplicationCode.o
 .debug_macro   0x0000109a       0x2e ./Core/Src/ApplicationCode.o
 .debug_macro   0x000010c8       0x28 ./Core/Src/ApplicationCode.o
 .debug_macro   0x000010f0       0x22 ./Core/Src/ApplicationCode.o
 .debug_macro   0x00001112       0x8e ./Core/Src/ApplicationCode.o
 .debug_macro   0x000011a0       0x51 ./Core/Src/ApplicationCode.o
 .debug_macro   0x000011f1      0x103 ./Core/Src/ApplicationCode.o
 .debug_macro   0x000012f4       0x6a ./Core/Src/ApplicationCode.o
 .debug_macro   0x0000135e      0x1df ./Core/Src/ApplicationCode.o
 .debug_macro   0x0000153d       0x1c ./Core/Src/ApplicationCode.o
 .debug_macro   0x00001559       0x22 ./Core/Src/ApplicationCode.o
 .debug_macro   0x0000157b       0xfb ./Core/Src/ApplicationCode.o
 .debug_macro   0x00001676     0x1011 ./Core/Src/ApplicationCode.o
 .debug_macro   0x00002687      0x11f ./Core/Src/ApplicationCode.o
 .debug_macro   0x000027a6    0x17fd8 ./Core/Src/ApplicationCode.o
 .debug_macro   0x0001a77e       0x6d ./Core/Src/ApplicationCode.o
 .debug_macro   0x0001a7eb     0x3711 ./Core/Src/ApplicationCode.o
 .debug_macro   0x0001defc      0x189 ./Core/Src/ApplicationCode.o
 .debug_macro   0x0001e085       0x5c ./Core/Src/ApplicationCode.o
 .debug_macro   0x0001e0e1      0xcba ./Core/Src/ApplicationCode.o
 .debug_macro   0x0001ed9b      0x9e9 ./Core/Src/ApplicationCode.o
 .debug_macro   0x0001f784      0x115 ./Core/Src/ApplicationCode.o
 .debug_macro   0x0001f899      0x156 ./Core/Src/ApplicationCode.o
 .debug_macro   0x0001f9ef       0xa5 ./Core/Src/ApplicationCode.o
 .debug_macro   0x0001fa94      0x182 ./Core/Src/ApplicationCode.o
 .debug_macro   0x0001fc16      0x287 ./Core/Src/ApplicationCode.o
 .debug_macro   0x0001fe9d       0x5f ./Core/Src/ApplicationCode.o
 .debug_macro   0x0001fefc      0x236 ./Core/Src/ApplicationCode.o
 .debug_macro   0x00020132      0x132 ./Core/Src/ApplicationCode.o
 .debug_macro   0x00020264      0x41d ./Core/Src/ApplicationCode.o
 .debug_macro   0x00020681       0x2e ./Core/Src/ApplicationCode.o
 .debug_macro   0x000206af      0x1b5 ./Core/Src/ApplicationCode.o
 .debug_macro   0x00020864       0x22 ./Core/Src/ApplicationCode.o
 .debug_macro   0x00020886       0xd6 ./Core/Src/ApplicationCode.o
 .debug_macro   0x0002095c      0x198 ./Core/Src/ApplicationCode.o
 .debug_macro   0x00020af4       0xd6 ./Core/Src/ApplicationCode.o
 .debug_macro   0x00020bca      0x127 ./Core/Src/ApplicationCode.o
 .debug_macro   0x00020cf1       0xe2 ./Core/Src/ApplicationCode.o
 .debug_macro   0x00020dd3       0x89 ./Core/Src/ApplicationCode.o
 .debug_macro   0x00020e5c       0xa4 ./Core/Src/ApplicationCode.o
 .debug_macro   0x00020f00      0x225 ./Core/Src/ApplicationCode.o
 .debug_macro   0x00021125      0x8ed ./Core/Src/ApplicationCode.o
 .debug_macro   0x00021a12       0x4d ./Core/Src/ApplicationCode.o
 .debug_macro   0x00021a5f      0x134 ./Core/Src/ApplicationCode.o
 .debug_macro   0x00021b93      0x332 ./Core/Src/ApplicationCode.o
 .debug_macro   0x00021ec5       0x22 ./Core/Src/ApplicationCode.o
 .debug_macro   0x00021ee7      0x173 ./Core/Src/ApplicationCode.o
 .debug_macro   0x0002205a       0x88 ./Core/Src/ApplicationCode.o
 .debug_macro   0x000220e2       0x28 ./Core/Src/ApplicationCode.o
 .debug_macro   0x0002210a       0x22 ./Core/Src/ApplicationCode.o
 .debug_macro   0x0002212c       0x61 ./Core/Src/ApplicationCode.o
 .debug_macro   0x0002218d       0x2a ./Core/Src/ApplicationCode.o
 .debug_macro   0x000221b7       0x43 ./Core/Src/ApplicationCode.o
 .debug_macro   0x000221fa       0x34 ./Core/Src/ApplicationCode.o
 .debug_macro   0x0002222e       0x16 ./Core/Src/ApplicationCode.o
 .debug_macro   0x00022244       0x35 ./Core/Src/ApplicationCode.o
 .debug_macro   0x00022279      0x369 ./Core/Src/ApplicationCode.o
 .debug_macro   0x000225e2       0x10 ./Core/Src/ApplicationCode.o
 .debug_macro   0x000225f2       0x16 ./Core/Src/ApplicationCode.o
 .debug_macro   0x00022608       0x43 ./Core/Src/ApplicationCode.o
 .debug_macro   0x0002264b       0x34 ./Core/Src/ApplicationCode.o
 .debug_macro   0x0002267f       0x10 ./Core/Src/ApplicationCode.o
 .debug_macro   0x0002268f       0x58 ./Core/Src/ApplicationCode.o
 .debug_macro   0x000226e7       0x8e ./Core/Src/ApplicationCode.o
 .debug_macro   0x00022775       0x1c ./Core/Src/ApplicationCode.o
 .debug_macro   0x00022791      0x177 ./Core/Src/ApplicationCode.o
 .debug_macro   0x00022908       0x16 ./Core/Src/ApplicationCode.o
 .debug_macro   0x0002291e       0x16 ./Core/Src/ApplicationCode.o
 .debug_macro   0x00022934      0x146 ./Core/Src/ApplicationCode.o
 .debug_macro   0x00022a7a      0x257 ./Core/Src/GamePiece.o
 .debug_macro   0x00022cd1      0x24e ./Core/Src/Game_Screen.o
 .debug_macro   0x00022f1f      0x245 ./Core/Src/LCD_Driver.o
 .debug_macro   0x00023164       0x6d ./Core/Src/fonts.o
 .debug_macro   0x000231d1      0x21a ./Core/Src/ili9341.o
 .debug_macro   0x000233eb      0x32c ./Core/Src/ili9341.o
 .debug_macro   0x00023717      0x348 ./Core/Src/main.o
 .debug_macro   0x00023a5f      0x4c8 ./Core/Src/main.o
 .debug_macro   0x00023f27      0x21a ./Core/Src/stm32f4xx_hal_msp.o
 .debug_macro   0x00024141      0x224 ./Core/Src/stm32f4xx_it.o
 .debug_macro   0x00024365      0x235 ./Core/Src/stmpe811.o
 .debug_macro   0x0002459a      0x274 ./Core/Src/syscalls.o
 .debug_macro   0x0002480e       0x5b ./Core/Src/syscalls.o
 .debug_macro   0x00024869       0x94 ./Core/Src/syscalls.o
 .debug_macro   0x000248fd       0x57 ./Core/Src/syscalls.o
 .debug_macro   0x00024954       0x10 ./Core/Src/syscalls.o
 .debug_macro   0x00024964       0x10 ./Core/Src/syscalls.o
 .debug_macro   0x00024974       0x10 ./Core/Src/syscalls.o
 .debug_macro   0x00024984       0x10 ./Core/Src/syscalls.o
 .debug_macro   0x00024994       0x1c ./Core/Src/syscalls.o
 .debug_macro   0x000249b0       0x52 ./Core/Src/syscalls.o
 .debug_macro   0x00024a02       0x22 ./Core/Src/syscalls.o
 .debug_macro   0x00024a24       0x10 ./Core/Src/syscalls.o
 .debug_macro   0x00024a34       0x52 ./Core/Src/syscalls.o
 .debug_macro   0x00024a86       0xcf ./Core/Src/syscalls.o
 .debug_macro   0x00024b55       0x1c ./Core/Src/syscalls.o
 .debug_macro   0x00024b71       0x3d ./Core/Src/syscalls.o
 .debug_macro   0x00024bae       0x35 ./Core/Src/syscalls.o
 .debug_macro   0x00024be3      0x12c ./Core/Src/syscalls.o
 .debug_macro   0x00024d0f       0x16 ./Core/Src/syscalls.o
 .debug_macro   0x00024d25       0x16 ./Core/Src/syscalls.o
 .debug_macro   0x00024d3b       0x29 ./Core/Src/syscalls.o
 .debug_macro   0x00024d64       0x10 ./Core/Src/syscalls.o
 .debug_macro   0x00024d74      0x242 ./Core/Src/syscalls.o
 .debug_macro   0x00024fb6       0x1c ./Core/Src/syscalls.o
 .debug_macro   0x00024fd2       0x10 ./Core/Src/syscalls.o
 .debug_macro   0x00024fe2      0x18a ./Core/Src/syscalls.o
 .debug_macro   0x0002516c       0x16 ./Core/Src/syscalls.o
 .debug_macro   0x00025182       0xce ./Core/Src/syscalls.o
 .debug_macro   0x00025250      0x20b ./Core/Src/system_stm32f4xx.o
 .debug_macro   0x0002545b      0x26b ./Drivers/STM32F4xx_HAL_Driver/Src/stm32f4xx_hal.o
 .debug_macro   0x000256c6      0x20b ./Drivers/STM32F4xx_HAL_Driver/Src/stm32f4xx_hal_cortex.o
 .debug_macro   0x000258d1      0x211 ./Drivers/STM32F4xx_HAL_Driver/Src/stm32f4xx_hal_gpio.o
 .debug_macro   0x00025ae2      0x259 ./Drivers/STM32F4xx_HAL_Driver/Src/stm32f4xx_hal_i2c.o
 .debug_macro   0x00025d3b      0x20b ./Drivers/STM32F4xx_HAL_Driver/Src/stm32f4xx_hal_i2c_ex.o
 .debug_macro   0x00025f46      0x213 ./Drivers/STM32F4xx_HAL_Driver/Src/stm32f4xx_hal_ltdc.o
 .debug_macro   0x00026159      0x22f ./Drivers/STM32F4xx_HAL_Driver/Src/stm32f4xx_hal_rcc.o
 .debug_macro   0x00026388      0x20b ./Drivers/STM32F4xx_HAL_Driver/Src/stm32f4xx_hal_rcc_ex.o
 .debug_macro   0x00026593      0x211 ./Drivers/STM32F4xx_HAL_Driver/Src/stm32f4xx_hal_rng.o
 .debug_macro   0x000267a4      0x21a ./Drivers/STM32F4xx_HAL_Driver/Src/stm32f4xx_hal_spi.o
 .debug_macro   0x000269be      0x20c ./Drivers/STM32F4xx_HAL_Driver/Src/stm32f4xx_hal_tim.o
 .debug_macro   0x00026bca      0x20b ./Drivers/STM32F4xx_HAL_Driver/Src/stm32f4xx_hal_tim_ex.o

.debug_line     0x00000000    0x18b0e
 .debug_line    0x00000000      0x9f6 ./Core/Src/ApplicationCode.o
 .debug_line    0x000009f6      0x98b ./Core/Src/GamePiece.o
 .debug_line    0x00001381      0xa42 ./Core/Src/Game_Screen.o
 .debug_line    0x00001dc3      0xbd3 ./Core/Src/LCD_Driver.o
 .debug_line    0x00002996      0x40a ./Core/Src/fonts.o
 .debug_line    0x00002da0      0xa02 ./Core/Src/ili9341.o
 .debug_line    0x000037a2      0xcb8 ./Core/Src/main.o
 .debug_line    0x0000445a      0x9c0 ./Core/Src/stm32f4xx_hal_msp.o
 .debug_line    0x00004e1a      0x883 ./Core/Src/stm32f4xx_it.o
 .debug_line    0x0000569d      0xbd5 ./Core/Src/stmpe811.o
 .debug_line    0x00006272      0x8a8 ./Core/Src/syscalls.o
 .debug_line    0x00006b1a      0x845 ./Core/Src/system_stm32f4xx.o
 .debug_line    0x0000735f       0x7a ./Core/Startup/startup_stm32f429zitx.o
 .debug_line    0x000073d9      0xae4 ./Drivers/STM32F4xx_HAL_Driver/Src/stm32f4xx_hal.o
 .debug_line    0x00007ebd      0xda0 ./Drivers/STM32F4xx_HAL_Driver/Src/stm32f4xx_hal_cortex.o
 .debug_line    0x00008c5d      0xc62 ./Drivers/STM32F4xx_HAL_Driver/Src/stm32f4xx_hal_gpio.o
 .debug_line    0x000098bf     0x3bf4 ./Drivers/STM32F4xx_HAL_Driver/Src/stm32f4xx_hal_i2c.o
 .debug_line    0x0000d4b3      0x83b ./Drivers/STM32F4xx_HAL_Driver/Src/stm32f4xx_hal_i2c_ex.o
 .debug_line    0x0000dcee     0x1865 ./Drivers/STM32F4xx_HAL_Driver/Src/stm32f4xx_hal_ltdc.o
 .debug_line    0x0000f553      0xe39 ./Drivers/STM32F4xx_HAL_Driver/Src/stm32f4xx_hal_rcc.o
 .debug_line    0x0001038c      0xc83 ./Drivers/STM32F4xx_HAL_Driver/Src/stm32f4xx_hal_rcc_ex.o
 .debug_line    0x0001100f      0xa3d ./Drivers/STM32F4xx_HAL_Driver/Src/stm32f4xx_hal_rng.o
 .debug_line    0x00011a4c     0x1dcc ./Drivers/STM32F4xx_HAL_Driver/Src/stm32f4xx_hal_spi.o
 .debug_line    0x00013818     0x3852 ./Drivers/STM32F4xx_HAL_Driver/Src/stm32f4xx_hal_tim.o
 .debug_line    0x0001706a     0x1aa4 ./Drivers/STM32F4xx_HAL_Driver/Src/stm32f4xx_hal_tim_ex.o

.debug_str      0x00000000    0xe2ac4
 .debug_str     0x00000000    0xda3e6 ./Core/Src/ApplicationCode.o
                              0xda6ba (size before relaxing)
 .debug_str     0x000da3e6       0xe1 ./Core/Src/GamePiece.o
                              0xd6fa7 (size before relaxing)
 .debug_str     0x000da4c7       0xd8 ./Core/Src/Game_Screen.o
                              0xd6faa (size before relaxing)
 .debug_str     0x000da59f      0x70c ./Core/Src/LCD_Driver.o
                              0xd7679 (size before relaxing)
 .debug_str     0x000dacab       0x36 ./Core/Src/fonts.o
                               0x3dc1 (size before relaxing)
 .debug_str     0x000dace1      0x537 ./Core/Src/ili9341.o
                              0xd6c0c (size before relaxing)
 .debug_str     0x000db218     0x1732 ./Core/Src/main.o
                              0xdc58d (size before relaxing)
 .debug_str     0x000dc94a      0x11e ./Core/Src/stm32f4xx_hal_msp.o
                              0xd77e0 (size before relaxing)
 .debug_str     0x000dca68       0xc9 ./Core/Src/stm32f4xx_it.o
                              0xd67fc (size before relaxing)
 .debug_str     0x000dcb31      0x171 ./Core/Src/stmpe811.o
                              0xd68a6 (size before relaxing)
 .debug_str     0x000dcca2     0x20a2 ./Core/Src/syscalls.o
                               0x98f8 (size before relaxing)
 .debug_str     0x000ded44       0xdb ./Core/Src/system_stm32f4xx.o
                              0xd59fe (size before relaxing)
 .debug_str     0x000dee1f       0x44 ./Core/Startup/startup_stm32f429zitx.o
                                 0xc3 (size before relaxing)
 .debug_str     0x000dee63      0xb7a ./Drivers/STM32F4xx_HAL_Driver/Src/stm32f4xx_hal.o
                              0xd6621 (size before relaxing)
 .debug_str     0x000df9dd      0x392 ./Drivers/STM32F4xx_HAL_Driver/Src/stm32f4xx_hal_cortex.o
                              0xd634f (size before relaxing)
 .debug_str     0x000dfd6f      0x121 ./Drivers/STM32F4xx_HAL_Driver/Src/stm32f4xx_hal_gpio.o
                              0xd5b79 (size before relaxing)
 .debug_str     0x000dfe90      0xb1e ./Drivers/STM32F4xx_HAL_Driver/Src/stm32f4xx_hal_i2c.o
                              0xd6a0e (size before relaxing)
 .debug_str     0x000e09ae       0x3b ./Drivers/STM32F4xx_HAL_Driver/Src/stm32f4xx_hal_i2c_ex.o
                              0xd5dcd (size before relaxing)
 .debug_str     0x000e09e9      0x491 ./Drivers/STM32F4xx_HAL_Driver/Src/stm32f4xx_hal_ltdc.o
                              0xd6062 (size before relaxing)
 .debug_str     0x000e0e7a      0x213 ./Drivers/STM32F4xx_HAL_Driver/Src/stm32f4xx_hal_rcc.o
                              0xd5e32 (size before relaxing)
 .debug_str     0x000e108d      0x133 ./Drivers/STM32F4xx_HAL_Driver/Src/stm32f4xx_hal_rcc_ex.o
                              0xd5bf9 (size before relaxing)
 .debug_str     0x000e11c0      0x16f ./Drivers/STM32F4xx_HAL_Driver/Src/stm32f4xx_hal_rng.o
                              0xd5aeb (size before relaxing)
 .debug_str     0x000e132f      0x518 ./Drivers/STM32F4xx_HAL_Driver/Src/stm32f4xx_hal_spi.o
                              0xd62a9 (size before relaxing)
 .debug_str     0x000e1847      0xdea ./Drivers/STM32F4xx_HAL_Driver/Src/stm32f4xx_hal_tim.o
                              0xd6d75 (size before relaxing)
 .debug_str     0x000e2631      0x493 ./Drivers/STM32F4xx_HAL_Driver/Src/stm32f4xx_hal_tim_ex.o
                              0xd6581 (size before relaxing)

.comment        0x00000000       0x43
 .comment       0x00000000       0x43 ./Core/Src/ApplicationCode.o
                                 0x44 (size before relaxing)
 .comment       0x00000043       0x44 ./Core/Src/GamePiece.o
 .comment       0x00000043       0x44 ./Core/Src/Game_Screen.o
 .comment       0x00000043       0x44 ./Core/Src/LCD_Driver.o
 .comment       0x00000043       0x44 ./Core/Src/fonts.o
 .comment       0x00000043       0x44 ./Core/Src/ili9341.o
 .comment       0x00000043       0x44 ./Core/Src/main.o
 .comment       0x00000043       0x44 ./Core/Src/stm32f4xx_hal_msp.o
 .comment       0x00000043       0x44 ./Core/Src/stm32f4xx_it.o
 .comment       0x00000043       0x44 ./Core/Src/stmpe811.o
 .comment       0x00000043       0x44 ./Core/Src/syscalls.o
 .comment       0x00000043       0x44 ./Core/Src/system_stm32f4xx.o
 .comment       0x00000043       0x44 ./Drivers/STM32F4xx_HAL_Driver/Src/stm32f4xx_hal.o
 .comment       0x00000043       0x44 ./Drivers/STM32F4xx_HAL_Driver/Src/stm32f4xx_hal_cortex.o
 .comment       0x00000043       0x44 ./Drivers/STM32F4xx_HAL_Driver/Src/stm32f4xx_hal_gpio.o
 .comment       0x00000043       0x44 ./Drivers/STM32F4xx_HAL_Driver/Src/stm32f4xx_hal_i2c.o
 .comment       0x00000043       0x44 ./Drivers/STM32F4xx_HAL_Driver/Src/stm32f4xx_hal_i2c_ex.o
 .comment       0x00000043       0x44 ./Drivers/STM32F4xx_HAL_Driver/Src/stm32f4xx_hal_ltdc.o
 .comment       0x00000043       0x44 ./Drivers/STM32F4xx_HAL_Driver/Src/stm32f4xx_hal_rcc.o
 .comment       0x00000043       0x44 ./Drivers/STM32F4xx_HAL_Driver/Src/stm32f4xx_hal_rcc_ex.o
 .comment       0x00000043       0x44 ./Drivers/STM32F4xx_HAL_Driver/Src/stm32f4xx_hal_rng.o
 .comment       0x00000043       0x44 ./Drivers/STM32F4xx_HAL_Driver/Src/stm32f4xx_hal_spi.o
 .comment       0x00000043       0x44 ./Drivers/STM32F4xx_HAL_Driver/Src/stm32f4xx_hal_tim.o
 .comment       0x00000043       0x44 ./Drivers/STM32F4xx_HAL_Driver/Src/stm32f4xx_hal_tim_ex.o

.debug_frame    0x00000000     0x5340
 .debug_frame   0x00000000       0xa0 ./Core/Src/ApplicationCode.o
 .debug_frame   0x000000a0       0xf0 ./Core/Src/GamePiece.o
 .debug_frame   0x00000190       0xc0 ./Core/Src/Game_Screen.o
 .debug_frame   0x00000250      0x2b0 ./Core/Src/LCD_Driver.o
 .debug_frame   0x00000500      0x228 ./Core/Src/ili9341.o
 .debug_frame   0x00000728      0x12c ./Core/Src/main.o
 .debug_frame   0x00000854      0x1b0 ./Core/Src/stm32f4xx_hal_msp.o
 .debug_frame   0x00000a04      0x104 ./Core/Src/stm32f4xx_it.o
 .debug_frame   0x00000b08      0x204 ./Core/Src/stmpe811.o
 .debug_frame   0x00000d0c      0x2ac ./Core/Src/syscalls.o
 .debug_frame   0x00000fb8       0x58 ./Core/Src/system_stm32f4xx.o
 .debug_frame   0x00001010      0x3b4 ./Drivers/STM32F4xx_HAL_Driver/Src/stm32f4xx_hal.o
 .debug_frame   0x000013c4      0x508 ./Drivers/STM32F4xx_HAL_Driver/Src/stm32f4xx_hal_cortex.o
 .debug_frame   0x000018cc      0x14c ./Drivers/STM32F4xx_HAL_Driver/Src/stm32f4xx_hal_gpio.o
 .debug_frame   0x00001a18      0xc84 ./Drivers/STM32F4xx_HAL_Driver/Src/stm32f4xx_hal_i2c.o
 .debug_frame   0x0000269c       0x60 ./Drivers/STM32F4xx_HAL_Driver/Src/stm32f4xx_hal_i2c_ex.o
 .debug_frame   0x000026fc      0x61c ./Drivers/STM32F4xx_HAL_Driver/Src/stm32f4xx_hal_ltdc.o
 .debug_frame   0x00002d18      0x1f4 ./Drivers/STM32F4xx_HAL_Driver/Src/stm32f4xx_hal_rcc.o
 .debug_frame   0x00002f0c      0x13c ./Drivers/STM32F4xx_HAL_Driver/Src/stm32f4xx_hal_rcc_ex.o
 .debug_frame   0x00003048      0x22c ./Drivers/STM32F4xx_HAL_Driver/Src/stm32f4xx_hal_rng.o
 .debug_frame   0x00003274      0x828 ./Drivers/STM32F4xx_HAL_Driver/Src/stm32f4xx_hal_spi.o
 .debug_frame   0x00003a9c     0x11c0 ./Drivers/STM32F4xx_HAL_Driver/Src/stm32f4xx_hal_tim.o
 .debug_frame   0x00004c5c      0x638 ./Drivers/STM32F4xx_HAL_Driver/Src/stm32f4xx_hal_tim_ex.o
 .debug_frame   0x00005294       0x20 C:/ST/STM32CubeIDE_1.17.0/STM32CubeIDE/plugins/com.st.stm32cube.ide.mcu.externaltools.gnu-tools-for-stm32.12.3.rel1.win32_1.1.0.202410251130/tools/bin/../lib/gcc/arm-none-eabi/12.3.1/../../../../arm-none-eabi/lib/thumb/v7e-m+fp/hard\libc_nano.a(libc_a-memset.o)
 .debug_frame   0x000052b4       0x2c C:/ST/STM32CubeIDE_1.17.0/STM32CubeIDE/plugins/com.st.stm32cube.ide.mcu.externaltools.gnu-tools-for-stm32.12.3.rel1.win32_1.1.0.202410251130/tools/bin/../lib/gcc/arm-none-eabi/12.3.1/../../../../arm-none-eabi/lib/thumb/v7e-m+fp/hard\libc_nano.a(libc_a-init.o)
 .debug_frame   0x000052e0       0x2c C:/ST/STM32CubeIDE_1.17.0/STM32CubeIDE/plugins/com.st.stm32cube.ide.mcu.externaltools.gnu-tools-for-stm32.12.3.rel1.win32_1.1.0.202410251130/tools/bin/../lib/gcc/arm-none-eabi/12.3.1/thumb/v7e-m+fp/hard\libgcc.a(_aeabi_uldivmod.o)
 .debug_frame   0x0000530c       0x34 C:/ST/STM32CubeIDE_1.17.0/STM32CubeIDE/plugins/com.st.stm32cube.ide.mcu.externaltools.gnu-tools-for-stm32.12.3.rel1.win32_1.1.0.202410251130/tools/bin/../lib/gcc/arm-none-eabi/12.3.1/thumb/v7e-m+fp/hard\libgcc.a(_udivmoddi4.o)

.debug_line_str
                0x00000000       0xa7
 .debug_line_str
                0x00000000       0xa7 ./Core/Startup/startup_stm32f429zitx.o
