Archive member included to satisfy reference by file (symbol)

C:/ST/STM32CubeIDE_1.17.0/STM32CubeIDE/plugins/com.st.stm32cube.ide.mcu.externaltools.gnu-tools-for-stm32.12.3.rel1.win32_1.1.0.202410251130/tools/bin/../lib/gcc/arm-none-eabi/12.3.1/../../../../arm-none-eabi/lib/thumb/v7e-m+fp/hard\libc_nano.a(libc_a-exit.o)
                              C:/ST/STM32CubeIDE_1.17.0/STM32CubeIDE/plugins/com.st.stm32cube.ide.mcu.externaltools.gnu-tools-for-stm32.12.3.rel1.win32_1.1.0.202410251130/tools/bin/../lib/gcc/arm-none-eabi/12.3.1/../../../../arm-none-eabi/lib/thumb/v7e-m+fp/hard/crt0.o (exit)
C:/ST/STM32CubeIDE_1.17.0/STM32CubeIDE/plugins/com.st.stm32cube.ide.mcu.externaltools.gnu-tools-for-stm32.12.3.rel1.win32_1.1.0.202410251130/tools/bin/../lib/gcc/arm-none-eabi/12.3.1/../../../../arm-none-eabi/lib/thumb/v7e-m+fp/hard\libc_nano.a(libc_a-findfp.o)
                              C:/ST/STM32CubeIDE_1.17.0/STM32CubeIDE/plugins/com.st.stm32cube.ide.mcu.externaltools.gnu-tools-for-stm32.12.3.rel1.win32_1.1.0.202410251130/tools/bin/../lib/gcc/arm-none-eabi/12.3.1/../../../../arm-none-eabi/lib/thumb/v7e-m+fp/hard\libc_nano.a(libc_a-exit.o) (__stdio_exit_handler)
C:/ST/STM32CubeIDE_1.17.0/STM32CubeIDE/plugins/com.st.stm32cube.ide.mcu.externaltools.gnu-tools-for-stm32.12.3.rel1.win32_1.1.0.202410251130/tools/bin/../lib/gcc/arm-none-eabi/12.3.1/../../../../arm-none-eabi/lib/thumb/v7e-m+fp/hard\libc_nano.a(libc_a-fwalk.o)
                              C:/ST/STM32CubeIDE_1.17.0/STM32CubeIDE/plugins/com.st.stm32cube.ide.mcu.externaltools.gnu-tools-for-stm32.12.3.rel1.win32_1.1.0.202410251130/tools/bin/../lib/gcc/arm-none-eabi/12.3.1/../../../../arm-none-eabi/lib/thumb/v7e-m+fp/hard\libc_nano.a(libc_a-findfp.o) (_fwalk_sglue)
C:/ST/STM32CubeIDE_1.17.0/STM32CubeIDE/plugins/com.st.stm32cube.ide.mcu.externaltools.gnu-tools-for-stm32.12.3.rel1.win32_1.1.0.202410251130/tools/bin/../lib/gcc/arm-none-eabi/12.3.1/../../../../arm-none-eabi/lib/thumb/v7e-m+fp/hard\libc_nano.a(libc_a-printf.o)
                              ./Core/Src/ApplicationCode.o (printf)
C:/ST/STM32CubeIDE_1.17.0/STM32CubeIDE/plugins/com.st.stm32cube.ide.mcu.externaltools.gnu-tools-for-stm32.12.3.rel1.win32_1.1.0.202410251130/tools/bin/../lib/gcc/arm-none-eabi/12.3.1/../../../../arm-none-eabi/lib/thumb/v7e-m+fp/hard\libc_nano.a(libc_a-puts.o)
                              ./Core/Src/ApplicationCode.o (puts)
C:/ST/STM32CubeIDE_1.17.0/STM32CubeIDE/plugins/com.st.stm32cube.ide.mcu.externaltools.gnu-tools-for-stm32.12.3.rel1.win32_1.1.0.202410251130/tools/bin/../lib/gcc/arm-none-eabi/12.3.1/../../../../arm-none-eabi/lib/thumb/v7e-m+fp/hard\libc_nano.a(libc_a-stdio.o)
                              C:/ST/STM32CubeIDE_1.17.0/STM32CubeIDE/plugins/com.st.stm32cube.ide.mcu.externaltools.gnu-tools-for-stm32.12.3.rel1.win32_1.1.0.202410251130/tools/bin/../lib/gcc/arm-none-eabi/12.3.1/../../../../arm-none-eabi/lib/thumb/v7e-m+fp/hard\libc_nano.a(libc_a-findfp.o) (__sread)
C:/ST/STM32CubeIDE_1.17.0/STM32CubeIDE/plugins/com.st.stm32cube.ide.mcu.externaltools.gnu-tools-for-stm32.12.3.rel1.win32_1.1.0.202410251130/tools/bin/../lib/gcc/arm-none-eabi/12.3.1/../../../../arm-none-eabi/lib/thumb/v7e-m+fp/hard\libc_nano.a(libc_a-wbuf.o)
                              C:/ST/STM32CubeIDE_1.17.0/STM32CubeIDE/plugins/com.st.stm32cube.ide.mcu.externaltools.gnu-tools-for-stm32.12.3.rel1.win32_1.1.0.202410251130/tools/bin/../lib/gcc/arm-none-eabi/12.3.1/../../../../arm-none-eabi/lib/thumb/v7e-m+fp/hard\libc_nano.a(libc_a-puts.o) (__swbuf_r)
C:/ST/STM32CubeIDE_1.17.0/STM32CubeIDE/plugins/com.st.stm32cube.ide.mcu.externaltools.gnu-tools-for-stm32.12.3.rel1.win32_1.1.0.202410251130/tools/bin/../lib/gcc/arm-none-eabi/12.3.1/../../../../arm-none-eabi/lib/thumb/v7e-m+fp/hard\libc_nano.a(libc_a-wsetup.o)
                              C:/ST/STM32CubeIDE_1.17.0/STM32CubeIDE/plugins/com.st.stm32cube.ide.mcu.externaltools.gnu-tools-for-stm32.12.3.rel1.win32_1.1.0.202410251130/tools/bin/../lib/gcc/arm-none-eabi/12.3.1/../../../../arm-none-eabi/lib/thumb/v7e-m+fp/hard\libc_nano.a(libc_a-puts.o) (__swsetup_r)
C:/ST/STM32CubeIDE_1.17.0/STM32CubeIDE/plugins/com.st.stm32cube.ide.mcu.externaltools.gnu-tools-for-stm32.12.3.rel1.win32_1.1.0.202410251130/tools/bin/../lib/gcc/arm-none-eabi/12.3.1/../../../../arm-none-eabi/lib/thumb/v7e-m+fp/hard\libc_nano.a(libc_a-memset.o)
                              C:/ST/STM32CubeIDE_1.17.0/STM32CubeIDE/plugins/com.st.stm32cube.ide.mcu.externaltools.gnu-tools-for-stm32.12.3.rel1.win32_1.1.0.202410251130/tools/bin/../lib/gcc/arm-none-eabi/12.3.1/../../../../arm-none-eabi/lib/thumb/v7e-m+fp/hard/crt0.o (memset)
C:/ST/STM32CubeIDE_1.17.0/STM32CubeIDE/plugins/com.st.stm32cube.ide.mcu.externaltools.gnu-tools-for-stm32.12.3.rel1.win32_1.1.0.202410251130/tools/bin/../lib/gcc/arm-none-eabi/12.3.1/../../../../arm-none-eabi/lib/thumb/v7e-m+fp/hard\libc_nano.a(libc_a-closer.o)
[...]
Memory Configuration

Name             Origin             Length             Attributes
CCMRAM           0x10000000         0x00010000         xrw
RAM              0x20000000         0x00030000         xrw
FLASH            0x08000000         0x00200000         xr
*default*        0x00000000         0xffffffff

Linker script and memory map

LOAD C:/ST/STM32CubeIDE_1.17.0/STM32CubeIDE/plugins/com.st.stm32cube.ide.mcu.externaltools.gnu-tools-for-stm32.12.3.rel1.win32_1.1.0.202410251130/tools/bin/../lib/gcc/arm-none-eabi/12.3.1/thumb/v7e-m+fp/hard/crti.o
LOAD C:/ST/STM32CubeIDE_1.17.0/STM32CubeIDE/plugins/com.st.stm32cube.ide.mcu.externaltools.gnu-tools-for-stm32.12.3.rel1.win32_1.1.0.202410251130/tools/bin/../lib/gcc/arm-none-eabi/12.3.1/thumb/v7e-m+fp/hard/crtbegin.o
LOAD C:/ST/STM32CubeIDE_1.17.0/STM32CubeIDE/plugins/com.st.stm32cube.ide.mcu.externaltools.gnu-tools-for-stm32.12.3.rel1.win32_1.1.0.202410251130/tools/bin/../lib/gcc/arm-none-eabi/12.3.1/../../../../arm-none-eabi/lib/thumb/v7e-m+fp/hard/crt0.o
LOAD ./Core/Src/ApplicationCode.o
LOAD ./Core/Src/GamePiece.o
LOAD ./Core/Src/Game_Screen.o
LOAD ./Core/Src/LCD_Driver.o
LOAD ./Core/Src/RNG_Driver.o
LOAD ./Core/Src/Timer_Driver.o
LOAD ./Core/Src/fonts.o
LOAD ./Core/Src/ili9341.o
LOAD ./Core/Src/main.o
LOAD ./Core/Src/stm32f4xx_hal_msp.o
LOAD ./Core/Src/stm32f4xx_it.o
LOAD ./Core/Src/stmpe811.o
LOAD ./Core/Src/syscalls.o
LOAD ./Core/Src/sysmem.o
LOAD ./Core/Src/system_stm32f4xx.o
LOAD ./Core/Startup/startup_stm32f429zitx.o
LOAD ./Drivers/STM32F4xx_HAL_Driver/Src/stm32f4xx_hal.o
LOAD ./Drivers/STM32F4xx_HAL_Driver/Src/stm32f4xx_hal_cortex.o
LOAD ./Drivers/STM32F4xx_HAL_Driver/Src/stm32f4xx_hal_dma.o
LOAD ./Drivers/STM32F4xx_HAL_Driver/Src/stm32f4xx_hal_dma_ex.o
LOAD ./Drivers/STM32F4xx_HAL_Driver/Src/stm32f4xx_hal_dsi.o
LOAD ./Drivers/STM32F4xx_HAL_Driver/Src/stm32f4xx_hal_exti.o
LOAD ./Drivers/STM32F4xx_HAL_Driver/Src/stm32f4xx_hal_flash.o
LOAD ./Drivers/STM32F4xx_HAL_Driver/Src/stm32f4xx_hal_flash_ex.o
LOAD ./Drivers/STM32F4xx_HAL_Driver/Src/stm32f4xx_hal_flash_ramfunc.o
LOAD ./Drivers/STM32F4xx_HAL_Driver/Src/stm32f4xx_hal_gpio.o
LOAD ./Drivers/STM32F4xx_HAL_Driver/Src/stm32f4xx_hal_i2c.o
LOAD ./Drivers/STM32F4xx_HAL_Driver/Src/stm32f4xx_hal_i2c_ex.o
LOAD ./Drivers/STM32F4xx_HAL_Driver/Src/stm32f4xx_hal_ltdc.o
LOAD ./Drivers/STM32F4xx_HAL_Driver/Src/stm32f4xx_hal_ltdc_ex.o
LOAD ./Drivers/STM32F4xx_HAL_Driver/Src/stm32f4xx_hal_pwr.o
LOAD ./Drivers/STM32F4xx_HAL_Driver/Src/stm32f4xx_hal_pwr_ex.o
LOAD ./Drivers/STM32F4xx_HAL_Driver/Src/stm32f4xx_hal_rcc.o
LOAD ./Drivers/STM32F4xx_HAL_Driver/Src/stm32f4xx_hal_rcc_ex.o
LOAD ./Drivers/STM32F4xx_HAL_Driver/Src/stm32f4xx_hal_rng.o
LOAD ./Drivers/STM32F4xx_HAL_Driver/Src/stm32f4xx_hal_spi.o
LOAD ./Drivers/STM32F4xx_HAL_Driver/Src/stm32f4xx_hal_tim.o
LOAD ./Drivers/STM32F4xx_HAL_Driver/Src/stm32f4xx_hal_tim_ex.o
START GROUP
LOAD C:/ST/STM32CubeIDE_1.17.0/STM32CubeIDE/plugins/com.st.stm32cube.ide.mcu.externaltools.gnu-tools-for-stm32.12.3.rel1.win32_1.1.0.202410251130/tools/bin/../lib/gcc/arm-none-eabi/12.3.1/../../../../arm-none-eabi/lib/thumb/v7e-m+fp/hard\libc_nano.a
LOAD C:/ST/STM32CubeIDE_1.17.0/STM32CubeIDE/plugins/com.st.stm32cube.ide.mcu.externaltools.gnu-tools-for-stm32.12.3.rel1.win32_1.1.0.202410251130/tools/bin/../lib/gcc/arm-none-eabi/12.3.1/../../../../arm-none-eabi/lib/thumb/v7e-m+fp/hard\libm.a
END GROUP
START GROUP
LOAD C:/ST/STM32CubeIDE_1.17.0/STM32CubeIDE/plugins/com.st.stm32cube.ide.mcu.externaltools.gnu-tools-for-stm32.12.3.rel1.win32_1.1.0.202410251130/tools/bin/../lib/gcc/arm-none-eabi/12.3.1/thumb/v7e-m+fp/hard\libgcc.a
LOAD C:/ST/STM32CubeIDE_1.17.0/STM32CubeIDE/plugins/com.st.stm32cube.ide.mcu.externaltools.gnu-tools-for-stm32.12.3.rel1.win32_1.1.0.202410251130/tools/bin/../lib/gcc/arm-none-eabi/12.3.1/../../../../arm-none-eabi/lib/thumb/v7e-m+fp/hard\libc_nano.a
END GROUP
START GROUP
LOAD C:/ST/STM32CubeIDE_1.17.0/STM32CubeIDE/plugins/com.st.stm32cube.ide.mcu.externaltools.gnu-tools-for-stm32.12.3.rel1.win32_1.1.0.202410251130/tools/bin/../lib/gcc/arm-none-eabi/12.3.1/thumb/v7e-m+fp/hard\libgcc.a
LOAD C:/ST/STM32CubeIDE_1.17.0/STM32CubeIDE/plugins/com.st.stm32cube.ide.mcu.externaltools.gnu-tools-for-stm32.12.3.rel1.win32_1.1.0.202410251130/tools/bin/../lib/gcc/arm-none-eabi/12.3.1/../../../../arm-none-eabi/lib/thumb/v7e-m+fp/hard\libc_nano.a
LOAD C:/ST/STM32CubeIDE_1.17.0/STM32CubeIDE/plugins/com.st.stm32cube.ide.mcu.externaltools.gnu-tools-for-stm32.12.3.rel1.win32_1.1.0.202410251130/tools/bin/../lib/gcc/arm-none-eabi/12.3.1/../../../../arm-none-eabi/lib/thumb/v7e-m+fp/hard\libnosys.a
END GROUP
START GROUP
LOAD C:/ST/STM32CubeIDE_1.17.0/STM32CubeIDE/plugins/com.st.stm32cube.ide.mcu.externaltools.gnu-tools-for-stm32.12.3.rel1.win32_1.1.0.202410251130/tools/bin/../lib/gcc/arm-none-eabi/12.3.1/thumb/v7e-m+fp/hard\libgcc.a
LOAD C:/ST/STM32CubeIDE_1.17.0/STM32CubeIDE/plugins/com.st.stm32cube.ide.mcu.externaltools.gnu-tools-for-stm32.12.3.rel1.win32_1.1.0.202410251130/tools/bin/../lib/gcc/arm-none-eabi/12.3.1/../../../../arm-none-eabi/lib/thumb/v7e-m+fp/hard\libc_nano.a
LOAD C:/ST/STM32CubeIDE_1.17.0/STM32CubeIDE/plugins/com.st.stm32cube.ide.mcu.externaltools.gnu-tools-for-stm32.12.3.rel1.win32_1.1.0.202410251130/tools/bin/../lib/gcc/arm-none-eabi/12.3.1/../../../../arm-none-eabi/lib/thumb/v7e-m+fp/hard\libnosys.a
END GROUP
LOAD C:/ST/STM32CubeIDE_1.17.0/STM32CubeIDE/plugins/com.st.stm32cube.ide.mcu.externaltools.gnu-tools-for-stm32.12.3.rel1.win32_1.1.0.202410251130/tools/bin/../lib/gcc/arm-none-eabi/12.3.1/thumb/v7e-m+fp/hard/crtend.o
LOAD C:/ST/STM32CubeIDE_1.17.0/STM32CubeIDE/plugins/com.st.stm32cube.ide.mcu.externaltools.gnu-tools-for-stm32.12.3.rel1.win32_1.1.0.202410251130/tools/bin/../lib/gcc/arm-none-eabi/12.3.1/thumb/v7e-m+fp/hard/crtn.o
                0x20030000                        _estack = (ORIGIN (RAM) + LENGTH (RAM))
                0x00000200                        _Min_Heap_Size = 0x200
                0x00000400                        _Min_Stack_Size = 0x400

.isr_vector     0x08000000      0x1ac
                0x08000000                        . = ALIGN (0x4)
 *(.isr_vector)
 .isr_vector    0x08000000      0x1ac ./Core/Startup/startup_stm32f429zitx.o
                0x08000000                g_pfnVectors
                0x080001ac                        . = ALIGN (0x4)

.text           0x080001ac     0x6df4
                0x080001ac                        . = ALIGN (0x4)
 *(.text)
 .text          0x080001ac       0x40 C:/ST/STM32CubeIDE_1.17.0/STM32CubeIDE/plugins/com.st.stm32cube.ide.mcu.externaltools.gnu-tools-for-stm32.12.3.rel1.win32_1.1.0.202410251130/tools/bin/../lib/gcc/arm-none-eabi/12.3.1/thumb/v7e-m+fp/hard/crtbegin.o
 .text          0x080001ec       0x30 C:/ST/STM32CubeIDE_1.17.0/STM32CubeIDE/plugins/com.st.stm32cube.ide.mcu.externaltools.gnu-tools-for-stm32.12.3.rel1.win32_1.1.0.202410251130/tools/bin/../lib/gcc/arm-none-eabi/12.3.1/thumb/v7e-m+fp/hard\libgcc.a(_aeabi_uldivmod.o)
                0x080001ec                __aeabi_uldivmod
 .text          0x0800021c      0x2bc C:/ST/STM32CubeIDE_1.17.0/STM32CubeIDE/plugins/com.st.stm32cube.ide.mcu.externaltools.gnu-tools-for-stm32.12.3.rel1.win32_1.1.0.202410251130/tools/bin/../lib/gcc/arm-none-eabi/12.3.1/thumb/v7e-m+fp/hard\libgcc.a(_udivmoddi4.o)
                0x0800021c                __udivmoddi4
 .text          0x080004d8        0x4 C:/ST/STM32CubeIDE_1.17.0/STM32CubeIDE/plugins/com.st.stm32cube.ide.mcu.externaltools.gnu-tools-for-stm32.12.3.rel1.win32_1.1.0.202410251130/tools/bin/../lib/gcc/arm-none-eabi/12.3.1/thumb/v7e-m+fp/hard\libgcc.a(_dvmd_tls.o)
                0x080004d8                __aeabi_idiv0
                0x080004d8                __aeabi_ldiv0
 *(.text*)
 .text.ApplicationInit
                0x080004dc       0x30 ./Core/Src/ApplicationCode.o
                0x080004dc                ApplicationInit
 .text.ApplicationInitGameplay
                0x0800050c       0x3c ./Core/Src/ApplicationCode.o
                0x0800050c                ApplicationInitGameplay
 .text.ApplicationPieceMovement
                0x08000548       0x48 ./Core/Src/ApplicationCode.o
                0x08000548                ApplicationPieceMovement
 .text.EXTI0_IRQHandler
                0x08000590       0x34 ./Core/Src/ApplicationCode.o
                0x08000590                EXTI0_IRQHandler
 .text.InitGamePiece
                0x080005c4       0x70 ./Core/Src/GamePiece.o
                0x080005c4                InitGamePiece
 .text.GamePieceLeft
                0x08000634       0x64 ./Core/Src/GamePiece.o
                0x08000634                GamePieceLeft
 .text.GamePieceRight
                0x08000698       0x64 ./Core/Src/GamePiece.o
                0x08000698                GamePieceRight
 .text.GamePieceMovement
                0x080006fc       0x6c ./Core/Src/GamePiece.o
                0x080006fc                GamePieceMovement
 .text.DrawGamePiece
                0x08000768       0x28 ./Core/Src/GamePiece.o
                0x08000768                DrawGamePiece
 .text.DropGamePiece
                0x08000790      0x110 ./Core/Src/GamePiece.o
                0x08000790                DropGamePiece
 .text.GetPieceData
                0x080008a0       0x48 ./Core/Src/GamePiece.o
                0x080008a0                GetPieceData
 .text.CheckWin
                0x080008e8      0x5c8 ./Core/Src/GamePiece.o
                0x080008e8                CheckWin
 .text.EndGame  0x08000eb0       0x4c ./Core/Src/GamePiece.o
                0x08000eb0                EndGame
 .text.GetEndgame
                0x08000efc       0x18 ./Core/Src/GamePiece.o
                0x08000efc                GetEndgame
 .text.setEndgame
                0x08000f14       0x20 ./Core/Src/GamePiece.o
                0x08000f14                setEndgame
 .text.initRNGPiece
                0x08000f34       0x80 ./Core/Src/GamePiece.o
                0x08000f34                initRNGPiece
 .text.ResetGame
                0x08000fb4       0x2c ./Core/Src/GamePiece.o
                0x08000fb4                ResetGame
 .text.NewGame  0x08000fe0       0x50 ./Core/Src/Game_Screen.o
                0x08000fe0                NewGame
 .text.Drawboard
                0x08001030       0xa4 ./Core/Src/Game_Screen.o
                0x08001030                Drawboard
 .text.GameBoardGrid
                0x080010d4       0xc8 ./Core/Src/Game_Screen.o
                0x080010d4                GameBoardGrid
 .text.ScreenStart
                0x0800119c      0x188 ./Core/Src/Game_Screen.o
                0x0800119c                ScreenStart
 .text.ScreenPlay
                0x08001324       0xe8 ./Core/Src/Game_Screen.o
                0x08001324                ScreenPlay
 .text.ScreenEnd
                0x0800140c      0x240 ./Core/Src/Game_Screen.o
                0x0800140c                ScreenEnd
 .text.LCD_GPIO_Init
                0x0800164c      0x190 ./Core/Src/LCD_Driver.o
                0x0800164c                LCD_GPIO_Init
 .text.LTCD_Layer_Init
                0x080017dc       0x80 ./Core/Src/LCD_Driver.o
                0x080017dc                LTCD_Layer_Init
 .text.LTCD__Init
                0x0800185c       0xbc ./Core/Src/LCD_Driver.o
                0x0800185c                LTCD__Init
 .text.LCD_Draw_Pixel
                0x08001918       0x3c ./Core/Src/LCD_Driver.o
                0x08001918                LCD_Draw_Pixel
 .text.LCD_Draw_Circle_Fill
                0x08001954       0xa6 ./Core/Src/LCD_Driver.o
                0x08001954                LCD_Draw_Circle_Fill
 .text.LCD_Draw_Vertical_Line
                0x080019fa       0x4e ./Core/Src/LCD_Driver.o
                0x080019fa                LCD_Draw_Vertical_Line
 .text.LCD_Clear
                0x08001a48       0x44 ./Core/Src/LCD_Driver.o
                0x08001a48                LCD_Clear
 .text.LCD_SetTextColor
                0x08001a8c       0x20 ./Core/Src/LCD_Driver.o
                0x08001a8c                LCD_SetTextColor
 .text.LCD_SetFont
                0x08001aac       0x20 ./Core/Src/LCD_Driver.o
                0x08001aac                LCD_SetFont
 .text.LCD_Draw_Char
                0x08001acc       0xdc ./Core/Src/LCD_Driver.o
                0x08001acc                LCD_Draw_Char
 .text.LCD_DisplayChar
                0x08001ba8       0x44 ./Core/Src/LCD_Driver.o
                0x08001ba8                LCD_DisplayChar
 .text.LCD_Error_Handler
                0x08001bec        0xc ./Core/Src/LCD_Driver.o
                0x08001bec                LCD_Error_Handler
 .text.InitializeLCDTouch
                0x08001bf8       0x16 ./Core/Src/LCD_Driver.o
                0x08001bf8                InitializeLCDTouch
 .text.returnTouchStateAndLocation
                0x08001c0e       0x18 ./Core/Src/LCD_Driver.o
                0x08001c0e                returnTouchStateAndLocation
 *fill*         0x08001c26        0x2 
 .text.MX_RNG_Init
                0x08001c28       0x28 ./Core/Src/RNG_Driver.o
                0x08001c28                MX_RNG_Init
 .text.GenerateRNGNum
                0x08001c50       0x3c ./Core/Src/RNG_Driver.o
                0x08001c50                GenerateRNGNum
 .text.StartTimer
                0x08001c8c       0x18 ./Core/Src/Timer_Driver.o
                0x08001c8c                StartTimer
 .text.StopTimer
                0x08001ca4       0x18 ./Core/Src/Timer_Driver.o
                0x08001ca4                StopTimer
 .text.GetTimer
                0x08001cbc       0x24 ./Core/Src/Timer_Driver.o
                0x08001cbc                GetTimer
 .text.ili9341_Init
                0x08001ce0      0x294 ./Core/Src/ili9341.o
                0x08001ce0                ili9341_Init
 .text.ili9341_Write_Reg
                0x08001f74       0x1a ./Core/Src/ili9341.o
                0x08001f74                ili9341_Write_Reg
 .text.ili9341_Send_Data
                0x08001f8e       0x1a ./Core/Src/ili9341.o
                0x08001f8e                ili9341_Send_Data
 .text.SPI_Init
                0x08001fa8       0x74 ./Core/Src/ili9341.o
 .text.SPI_Write
                0x0800201c       0x3c ./Core/Src/ili9341.o
 .text.SPI_Error
                0x08002058       0x18 ./Core/Src/ili9341.o
 .text.SPI_MspInit
                0x08002070       0x74 ./Core/Src/ili9341.o
 .text.LCD_IO_Init
                0x080020e4       0xf0 ./Core/Src/ili9341.o
                0x080020e4                LCD_IO_Init
 .text.LCD_IO_WriteData
                0x080021d4       0x44 ./Core/Src/ili9341.o
                0x080021d4                LCD_IO_WriteData
 .text.LCD_IO_WriteReg
                0x08002218       0x44 ./Core/Src/ili9341.o
                0x08002218                LCD_IO_WriteReg
 .text.LCD_Delay
                0x0800225c       0x16 ./Core/Src/ili9341.o
                0x0800225c                LCD_Delay
 .text.main     0x08002272       0x4a ./Core/Src/main.o
                0x08002272                main
 .text.SystemClock_Config
                0x080022bc       0xd4 ./Core/Src/main.o
                0x080022bc                SystemClock_Config
 .text.MX_I2C3_Init
                0x08002390       0x80 ./Core/Src/main.o
 .text.MX_LTDC_Init
                0x08002410      0x164 ./Core/Src/main.o
 .text.MX_SPI5_Init
                0x08002574       0x6c ./Core/Src/main.o
 .text.MX_TIM2_Init
                0x080025e0       0x98 ./Core/Src/main.o
 .text.MX_GPIO_Init
                0x08002678      0x364 ./Core/Src/main.o
 .text.Error_Handler
                0x080029dc        0xc ./Core/Src/main.o
                0x080029dc                Error_Handler
 .text.HAL_MspInit
                0x080029e8       0x50 ./Core/Src/stm32f4xx_hal_msp.o
                0x080029e8                HAL_MspInit
 .text.HAL_I2C_MspInit
                0x08002a38       0xd4 ./Core/Src/stm32f4xx_hal_msp.o
                0x08002a38                HAL_I2C_MspInit
 .text.HAL_LTDC_MspInit
                0x08002b0c      0x250 ./Core/Src/stm32f4xx_hal_msp.o
                0x08002b0c                HAL_LTDC_MspInit
 .text.HAL_RNG_MspInit
                0x08002d5c       0x44 ./Core/Src/stm32f4xx_hal_msp.o
                0x08002d5c                HAL_RNG_MspInit
 .text.HAL_SPI_MspInit
                0x08002da0       0x90 ./Core/Src/stm32f4xx_hal_msp.o
                0x08002da0                HAL_SPI_MspInit
 .text.HAL_SPI_MspDeInit
                0x08002e30       0x3c ./Core/Src/stm32f4xx_hal_msp.o
                0x08002e30                HAL_SPI_MspDeInit
 .text.HAL_TIM_Base_MspInit
                0x08002e6c       0x40 ./Core/Src/stm32f4xx_hal_msp.o
                0x08002e6c                HAL_TIM_Base_MspInit
 .text.NMI_Handler
                0x08002eac        0x8 ./Core/Src/stm32f4xx_it.o
                0x08002eac                NMI_Handler
 .text.HardFault_Handler
                0x08002eb4        0x8 ./Core/Src/stm32f4xx_it.o
                0x08002eb4                HardFault_Handler
 .text.MemManage_Handler
                0x08002ebc        0x8 ./Core/Src/stm32f4xx_it.o
                0x08002ebc                MemManage_Handler
 .text.BusFault_Handler
                0x08002ec4        0x8 ./Core/Src/stm32f4xx_it.o
                0x08002ec4                BusFault_Handler
 .text.UsageFault_Handler
                0x08002ecc        0x8 ./Core/Src/stm32f4xx_it.o
                0x08002ecc                UsageFault_Handler
 .text.SVC_Handler
                0x08002ed4        0xe ./Core/Src/stm32f4xx_it.o
                0x08002ed4                SVC_Handler
 .text.DebugMon_Handler
                0x08002ee2        0xe ./Core/Src/stm32f4xx_it.o
                0x08002ee2                DebugMon_Handler
 .text.PendSV_Handler
                0x08002ef0        0xe ./Core/Src/stm32f4xx_it.o
                0x08002ef0                PendSV_Handler
 .text.SysTick_Handler
                0x08002efe        0xc ./Core/Src/stm32f4xx_it.o
                0x08002efe                SysTick_Handler
 .text.STMPE811_Init
                0x08002f0a      0x14e ./Core/Src/stmpe811.o
                0x08002f0a                STMPE811_Init
 .text.STMPE811_Read
                0x08003058       0x22 ./Core/Src/stmpe811.o
                0x08003058                STMPE811_Read
 .text.STMPE811_ReadTouch
                0x0800307a      0x198 ./Core/Src/stmpe811.o
                0x0800307a                STMPE811_ReadTouch
 *fill*         0x08003212        0x2 
 .text.verifyHAL_I2C_IS_OKAY
                0x08003214       0x20 ./Core/Src/stmpe811.o
                0x08003214                verifyHAL_I2C_IS_OKAY
 .text.I2C3_Init
                0x08003234       0x7c ./Core/Src/stmpe811.o
 .text.I2C3_MspInit
                0x080032b0       0xa8 ./Core/Src/stmpe811.o
 .text.I2C3_Write
                0x08003358       0x54 ./Core/Src/stmpe811.o
                0x08003358                I2C3_Write
 .text.I2C3_Read
                0x080033ac       0x4c ./Core/Src/stmpe811.o
                0x080033ac                I2C3_Read
 .text.I2C3_MulitByteRead
                0x080033f8       0x44 ./Core/Src/stmpe811.o
                0x080033f8                I2C3_MulitByteRead
 .text.TM_STMPE811_ReadX
                0x0800343c       0xbc ./Core/Src/stmpe811.o
                0x0800343c                TM_STMPE811_ReadX
 .text.TM_STMPE811_ReadY
                0x080034f8       0xa4 ./Core/Src/stmpe811.o
                0x080034f8                TM_STMPE811_ReadY
 .text.initialise_monitor_handles
                0x0800359c        0xe ./Core/Src/syscalls.o
                0x0800359c                initialise_monitor_handles
 *fill*         0x080035aa        0x2 
 .text.SystemInit
                0x080035ac       0x24 ./Core/Src/system_stm32f4xx.o
                0x080035ac                SystemInit
 .text.Reset_Handler
                0x080035d0       0x50 ./Core/Startup/startup_stm32f429zitx.o
                0x080035d0                Reset_Handler
 .text.Default_Handler
                0x08003620        0x2 ./Core/Startup/startup_stm32f429zitx.o
                0x08003620                RTC_Alarm_IRQHandler
                0x08003620                HASH_RNG_IRQHandler
                0x08003620                EXTI2_IRQHandler
                0x08003620                TIM8_CC_IRQHandler
                0x08003620                UART8_IRQHandler
                0x08003620                SPI4_IRQHandler
                0x08003620                TIM1_CC_IRQHandler
                0x08003620                DMA2_Stream5_IRQHandler
                0x08003620                DMA1_Stream5_IRQHandler
                0x08003620                PVD_IRQHandler
                0x08003620                SDIO_IRQHandler
                0x08003620                TAMP_STAMP_IRQHandler
                0x08003620                CAN2_RX1_IRQHandler
                0x08003620                EXTI3_IRQHandler
                0x08003620                TIM8_TRG_COM_TIM14_IRQHandler
                0x08003620                TIM1_UP_TIM10_IRQHandler
                0x08003620                TIM8_UP_TIM13_IRQHandler
                0x08003620                I2C3_ER_IRQHandler
                0x08003620                I2C2_EV_IRQHandler
                0x08003620                DMA1_Stream2_IRQHandler
                0x08003620                CAN1_RX0_IRQHandler
                0x08003620                FPU_IRQHandler
                0x08003620                OTG_HS_WKUP_IRQHandler
                0x08003620                LTDC_ER_IRQHandler
                0x08003620                CAN2_SCE_IRQHandler
                0x08003620                DMA2_Stream2_IRQHandler
                0x08003620                SPI1_IRQHandler
                0x08003620                TIM6_DAC_IRQHandler
                0x08003620                TIM1_BRK_TIM9_IRQHandler
                0x08003620                DCMI_IRQHandler
                0x08003620                CAN2_RX0_IRQHandler
                0x08003620                DMA2_Stream3_IRQHandler
                0x08003620                USART6_IRQHandler
                0x08003620                USART3_IRQHandler
                0x08003620                CAN1_RX1_IRQHandler
                0x08003620                UART5_IRQHandler
                0x08003620                DMA2_Stream0_IRQHandler
                0x08003620                TIM4_IRQHandler
                0x08003620                I2C1_EV_IRQHandler
                0x08003620                DMA1_Stream6_IRQHandler
                0x08003620                DMA1_Stream1_IRQHandler
                0x08003620                UART4_IRQHandler
                0x08003620                TIM3_IRQHandler
                0x08003620                RCC_IRQHandler
                0x08003620                TIM8_BRK_TIM12_IRQHandler
                0x08003620                Default_Handler
                0x08003620                EXTI15_10_IRQHandler
                0x08003620                ADC_IRQHandler
                0x08003620                DMA1_Stream7_IRQHandler
                0x08003620                SPI5_IRQHandler
                0x08003620                TIM7_IRQHandler
                0x08003620                CAN2_TX_IRQHandler
                0x08003620                TIM5_IRQHandler
                0x08003620                DMA2_Stream7_IRQHandler
                0x08003620                I2C3_EV_IRQHandler
                0x08003620                EXTI9_5_IRQHandler
                0x08003620                RTC_WKUP_IRQHandler
                0x08003620                LTDC_IRQHandler
                0x08003620                ETH_WKUP_IRQHandler
                0x08003620                SPI2_IRQHandler
                0x08003620                OTG_HS_EP1_IN_IRQHandler
                0x08003620                DMA1_Stream0_IRQHandler
                0x08003620                CAN1_TX_IRQHandler
                0x08003620                EXTI4_IRQHandler
                0x08003620                ETH_IRQHandler
                0x08003620                OTG_HS_EP1_OUT_IRQHandler
                0x08003620                WWDG_IRQHandler
                0x08003620                SPI6_IRQHandler
                0x08003620                TIM2_IRQHandler
                0x08003620                OTG_FS_WKUP_IRQHandler
                0x08003620                TIM1_TRG_COM_TIM11_IRQHandler
                0x08003620                OTG_HS_IRQHandler
                0x08003620                DMA2D_IRQHandler
                0x08003620                EXTI1_IRQHandler
                0x08003620                UART7_IRQHandler
                0x08003620                USART2_IRQHandler
                0x08003620                I2C2_ER_IRQHandler
                0x08003620                DMA2_Stream1_IRQHandler
                0x08003620                CAN1_SCE_IRQHandler
                0x08003620                FLASH_IRQHandler
                0x08003620                DMA2_Stream4_IRQHandler
                0x08003620                USART1_IRQHandler
                0x08003620                OTG_FS_IRQHandler
                0x08003620                SPI3_IRQHandler
                0x08003620                DMA1_Stream4_IRQHandler
                0x08003620                I2C1_ER_IRQHandler
                0x08003620                FMC_IRQHandler
                0x08003620                DMA2_Stream6_IRQHandler
                0x08003620                SAI1_IRQHandler
                0x08003620                DMA1_Stream3_IRQHandler
 *fill*         0x08003622        0x2 
 .text.HAL_Init
                0x08003624       0x44 ./Drivers/STM32F4xx_HAL_Driver/Src/stm32f4xx_hal.o
                0x08003624                HAL_Init
 .text.HAL_InitTick
                0x08003668       0x60 ./Drivers/STM32F4xx_HAL_Driver/Src/stm32f4xx_hal.o
                0x08003668                HAL_InitTick
 .text.HAL_IncTick
                0x080036c8       0x28 ./Drivers/STM32F4xx_HAL_Driver/Src/stm32f4xx_hal.o
                0x080036c8                HAL_IncTick
 .text.HAL_GetTick
                0x080036f0       0x18 ./Drivers/STM32F4xx_HAL_Driver/Src/stm32f4xx_hal.o
                0x080036f0                HAL_GetTick
 .text.HAL_Delay
                0x08003708       0x48 ./Drivers/STM32F4xx_HAL_Driver/Src/stm32f4xx_hal.o
                0x08003708                HAL_Delay
 .text.__NVIC_SetPriorityGrouping
                0x08003750       0x48 ./Drivers/STM32F4xx_HAL_Driver/Src/stm32f4xx_hal_cortex.o
 .text.__NVIC_GetPriorityGrouping
                0x08003798       0x1c ./Drivers/STM32F4xx_HAL_Driver/Src/stm32f4xx_hal_cortex.o
 .text.__NVIC_EnableIRQ
                0x080037b4       0x3c ./Drivers/STM32F4xx_HAL_Driver/Src/stm32f4xx_hal_cortex.o
 .text.__NVIC_DisableIRQ
                0x080037f0       0x48 ./Drivers/STM32F4xx_HAL_Driver/Src/stm32f4xx_hal_cortex.o
 .text.__NVIC_SetPriority
                0x08003838       0x54 ./Drivers/STM32F4xx_HAL_Driver/Src/stm32f4xx_hal_cortex.o
 .text.NVIC_EncodePriority
                0x0800388c       0x66 ./Drivers/STM32F4xx_HAL_Driver/Src/stm32f4xx_hal_cortex.o
 *fill*         0x080038f2        0x2 
 .text.SysTick_Config
                0x080038f4       0x44 ./Drivers/STM32F4xx_HAL_Driver/Src/stm32f4xx_hal_cortex.o
 .text.HAL_NVIC_SetPriorityGrouping
                0x08003938       0x16 ./Drivers/STM32F4xx_HAL_Driver/Src/stm32f4xx_hal_cortex.o
                0x08003938                HAL_NVIC_SetPriorityGrouping
 .text.HAL_NVIC_SetPriority
                0x0800394e       0x38 ./Drivers/STM32F4xx_HAL_Driver/Src/stm32f4xx_hal_cortex.o
                0x0800394e                HAL_NVIC_SetPriority
 .text.HAL_NVIC_EnableIRQ
                0x08003986       0x1c ./Drivers/STM32F4xx_HAL_Driver/Src/stm32f4xx_hal_cortex.o
                0x08003986                HAL_NVIC_EnableIRQ
 .text.HAL_NVIC_DisableIRQ
                0x080039a2       0x1c ./Drivers/STM32F4xx_HAL_Driver/Src/stm32f4xx_hal_cortex.o
                0x080039a2                HAL_NVIC_DisableIRQ
 .text.HAL_SYSTICK_Config
                0x080039be       0x18 ./Drivers/STM32F4xx_HAL_Driver/Src/stm32f4xx_hal_cortex.o
                0x080039be                HAL_SYSTICK_Config
 *fill*         0x080039d6        0x2 
 .text.HAL_EXTI_ClearPending
                0x080039d8       0x30 ./Drivers/STM32F4xx_HAL_Driver/Src/stm32f4xx_hal_exti.o
                0x080039d8                HAL_EXTI_ClearPending
 .text.HAL_GPIO_Init
                0x08003a08      0x358 ./Drivers/STM32F4xx_HAL_Driver/Src/stm32f4xx_hal_gpio.o
                0x08003a08                HAL_GPIO_Init
 .text.HAL_GPIO_DeInit
                0x08003d60      0x218 ./Drivers/STM32F4xx_HAL_Driver/Src/stm32f4xx_hal_gpio.o
                0x08003d60                HAL_GPIO_DeInit
 .text.HAL_GPIO_WritePin
                0x08003f78       0x32 ./Drivers/STM32F4xx_HAL_Driver/Src/stm32f4xx_hal_gpio.o
                0x08003f78                HAL_GPIO_WritePin
 *fill*         0x08003faa        0x2 
 .text.HAL_I2C_Init
                0x08003fac      0x288 ./Drivers/STM32F4xx_HAL_Driver/Src/stm32f4xx_hal_i2c.o
                0x08003fac                HAL_I2C_Init
 .text.HAL_I2C_Mem_Write
                0x08004234      0x1f4 ./Drivers/STM32F4xx_HAL_Driver/Src/stm32f4xx_hal_i2c.o
                0x08004234                HAL_I2C_Mem_Write
 .text.HAL_I2C_Mem_Read
                0x08004428      0x464 ./Drivers/STM32F4xx_HAL_Driver/Src/stm32f4xx_hal_i2c.o
                0x08004428                HAL_I2C_Mem_Read
 .text.I2C_RequestMemoryWrite
                0x0800488c      0x12c ./Drivers/STM32F4xx_HAL_Driver/Src/stm32f4xx_hal_i2c.o
 .text.I2C_RequestMemoryRead
                0x080049b8      0x1d0 ./Drivers/STM32F4xx_HAL_Driver/Src/stm32f4xx_hal_i2c.o
 .text.I2C_WaitOnFlagUntilTimeout
                0x08004b88       0xf4 ./Drivers/STM32F4xx_HAL_Driver/Src/stm32f4xx_hal_i2c.o
 .text.I2C_WaitOnMasterAddressFlagUntilTimeout
                0x08004c7c      0x140 ./Drivers/STM32F4xx_HAL_Driver/Src/stm32f4xx_hal_i2c.o
 .text.I2C_WaitOnTXEFlagUntilTimeout
                0x08004dbc       0x90 ./Drivers/STM32F4xx_HAL_Driver/Src/stm32f4xx_hal_i2c.o
 .text.I2C_WaitOnBTFFlagUntilTimeout
                0x08004e4c       0x90 ./Drivers/STM32F4xx_HAL_Driver/Src/stm32f4xx_hal_i2c.o
 .text.I2C_WaitOnRXNEFlagUntilTimeout
                0x08004edc       0xba ./Drivers/STM32F4xx_HAL_Driver/Src/stm32f4xx_hal_i2c.o
 .text.I2C_IsAcknowledgeFailed
                0x08004f96       0x5e ./Drivers/STM32F4xx_HAL_Driver/Src/stm32f4xx_hal_i2c.o
 .text.HAL_I2CEx_ConfigAnalogFilter
                0x08004ff4       0x78 ./Drivers/STM32F4xx_HAL_Driver/Src/stm32f4xx_hal_i2c_ex.o
                0x08004ff4                HAL_I2CEx_ConfigAnalogFilter
 .text.HAL_I2CEx_ConfigDigitalFilter
                0x0800506c       0x7e ./Drivers/STM32F4xx_HAL_Driver/Src/stm32f4xx_hal_i2c_ex.o
                0x0800506c                HAL_I2CEx_ConfigDigitalFilter
 *fill*         0x080050ea        0x2 
 .text.HAL_LTDC_Init
                0x080050ec      0x1a0 ./Drivers/STM32F4xx_HAL_Driver/Src/stm32f4xx_hal_ltdc.o
                0x080050ec                HAL_LTDC_Init
 .text.HAL_LTDC_ConfigLayer
                0x0800528c       0x7c ./Drivers/STM32F4xx_HAL_Driver/Src/stm32f4xx_hal_ltdc.o
                0x0800528c                HAL_LTDC_ConfigLayer
 .text.LTDC_SetConfig
                0x08005308      0x32e ./Drivers/STM32F4xx_HAL_Driver/Src/stm32f4xx_hal_ltdc.o
 *fill*         0x08005636        0x2 
 .text.HAL_RCC_OscConfig
                0x08005638      0x4f0 ./Drivers/STM32F4xx_HAL_Driver/Src/stm32f4xx_hal_rcc.o
                0x08005638                HAL_RCC_OscConfig
 .text.HAL_RCC_ClockConfig
                0x08005b28      0x1cc ./Drivers/STM32F4xx_HAL_Driver/Src/stm32f4xx_hal_rcc.o
                0x08005b28                HAL_RCC_ClockConfig
 .text.HAL_RCC_GetSysClockFreq
                0x08005cf4      0x20c ./Drivers/STM32F4xx_HAL_Driver/Src/stm32f4xx_hal_rcc.o
                0x08005cf4                HAL_RCC_GetSysClockFreq
 .text.HAL_RCC_GetHCLKFreq
                0x08005f00       0x18 ./Drivers/STM32F4xx_HAL_Driver/Src/stm32f4xx_hal_rcc.o
                0x08005f00                HAL_RCC_GetHCLKFreq
 .text.HAL_RCC_GetPCLK1Freq
                0x08005f18       0x28 ./Drivers/STM32F4xx_HAL_Driver/Src/stm32f4xx_hal_rcc.o
                0x08005f18                HAL_RCC_GetPCLK1Freq
 .text.HAL_RCCEx_PeriphCLKConfig
                0x08005f40      0x380 ./Drivers/STM32F4xx_HAL_Driver/Src/stm32f4xx_hal_rcc_ex.o
                0x08005f40                HAL_RCCEx_PeriphCLKConfig
 .text.HAL_RNG_Init
                0x080062c0       0x54 ./Drivers/STM32F4xx_HAL_Driver/Src/stm32f4xx_hal_rng.o
                0x080062c0                HAL_RNG_Init
 .text.HAL_RNG_GenerateRandomNumber
                0x08006314       0xac ./Drivers/STM32F4xx_HAL_Driver/Src/stm32f4xx_hal_rng.o
                0x08006314                HAL_RNG_GenerateRandomNumber
 .text.HAL_SPI_Init
                0x080063c0      0x112 ./Drivers/STM32F4xx_HAL_Driver/Src/stm32f4xx_hal_spi.o
                0x080063c0                HAL_SPI_Init
 .text.HAL_SPI_DeInit
                0x080064d2       0x50 ./Drivers/STM32F4xx_HAL_Driver/Src/stm32f4xx_hal_spi.o
                0x080064d2                HAL_SPI_DeInit
 .text.HAL_SPI_Transmit
                0x08006522      0x288 ./Drivers/STM32F4xx_HAL_Driver/Src/stm32f4xx_hal_spi.o
                0x08006522                HAL_SPI_Transmit
 .text.HAL_SPI_GetState
                0x080067aa       0x1c ./Drivers/STM32F4xx_HAL_Driver/Src/stm32f4xx_hal_spi.o
                0x080067aa                HAL_SPI_GetState
 *fill*         0x080067c6        0x2 
 .text.SPI_WaitFlagStateUntilTimeout
                0x080067c8      0x110 ./Drivers/STM32F4xx_HAL_Driver/Src/stm32f4xx_hal_spi.o
 .text.SPI_EndRxTxTransaction
                0x080068d8       0xa8 ./Drivers/STM32F4xx_HAL_Driver/Src/stm32f4xx_hal_spi.o
 .text.HAL_TIM_Base_Init
                0x08006980       0x9e ./Drivers/STM32F4xx_HAL_Driver/Src/stm32f4xx_hal_tim.o
                0x08006980                HAL_TIM_Base_Init
 .text.HAL_TIM_ConfigClockSource
                0x08006a1e      0x18e ./Drivers/STM32F4xx_HAL_Driver/Src/stm32f4xx_hal_tim.o
                0x08006a1e                HAL_TIM_ConfigClockSource
 .text.TIM_Base_SetConfig
                0x08006bac      0x158 ./Drivers/STM32F4xx_HAL_Driver/Src/stm32f4xx_hal_tim.o
                0x08006bac                TIM_Base_SetConfig
 .text.TIM_TI1_ConfigInputStage
                0x08006d04       0x5e ./Drivers/STM32F4xx_HAL_Driver/Src/stm32f4xx_hal_tim.o
 .text.TIM_TI2_ConfigInputStage
                0x08006d62       0x60 ./Drivers/STM32F4xx_HAL_Driver/Src/stm32f4xx_hal_tim.o
 .text.TIM_ITRx_SetConfig
                0x08006dc2       0x36 ./Drivers/STM32F4xx_HAL_Driver/Src/stm32f4xx_hal_tim.o
 .text.TIM_ETR_SetConfig
                0x08006df8       0x40 ./Drivers/STM32F4xx_HAL_Driver/Src/stm32f4xx_hal_tim.o
                0x08006df8                TIM_ETR_SetConfig
 .text.HAL_TIMEx_MasterConfigSynchronization
                0x08006e38       0xf8 ./Drivers/STM32F4xx_HAL_Driver/Src/stm32f4xx_hal_tim_ex.o
                0x08006e38                HAL_TIMEx_MasterConfigSynchronization
 .text.memset   0x08006f30       0x10 C:/ST/STM32CubeIDE_1.17.0/STM32CubeIDE/plugins/com.st.stm32cube.ide.mcu.externaltools.gnu-tools-for-stm32.12.3.rel1.win32_1.1.0.202410251130/tools/bin/../lib/gcc/arm-none-eabi/12.3.1/../../../../arm-none-eabi/lib/thumb/v7e-m+fp/hard\libc_nano.a(libc_a-memset.o)
                0x08006f30                memset
 .text.__libc_init_array
                0x08006f40       0x48 C:/ST/STM32CubeIDE_1.17.0/STM32CubeIDE/plugins/com.st.stm32cube.ide.mcu.externaltools.gnu-tools-for-stm32.12.3.rel1.win32_1.1.0.202410251130/tools/bin/../lib/gcc/arm-none-eabi/12.3.1/../../../../arm-none-eabi/lib/thumb/v7e-m+fp/hard\libc_nano.a(libc_a-init.o)
                0x08006f40                __libc_init_array
 *(.glue_7)
 .glue_7        0x08006f88        0x0 linker stubs
 *(.glue_7t)
 .glue_7t       0x08006f88        0x0 linker stubs
 *(.eh_frame)
 .eh_frame      0x08006f88        0x0 C:/ST/STM32CubeIDE_1.17.0/STM32CubeIDE/plugins/com.st.stm32cube.ide.mcu.externaltools.gnu-tools-for-stm32.12.3.rel1.win32_1.1.0.202410251130/tools/bin/../lib/gcc/arm-none-eabi/12.3.1/thumb/v7e-m+fp/hard/crtbegin.o
 *(.init)
 .init          0x08006f88        0x4 C:/ST/STM32CubeIDE_1.17.0/STM32CubeIDE/plugins/com.st.stm32cube.ide.mcu.externaltools.gnu-tools-for-stm32.12.3.rel1.win32_1.1.0.202410251130/tools/bin/../lib/gcc/arm-none-eabi/12.3.1/thumb/v7e-m+fp/hard/crti.o
                0x08006f88                _init
 .init          0x08006f8c        0x8 C:/ST/STM32CubeIDE_1.17.0/STM32CubeIDE/plugins/com.st.stm32cube.ide.mcu.externaltools.gnu-tools-for-stm32.12.3.rel1.win32_1.1.0.202410251130/tools/bin/../lib/gcc/arm-none-eabi/12.3.1/thumb/v7e-m+fp/hard/crtn.o
 *(.fini)
 .fini          0x08006f94        0x4 C:/ST/STM32CubeIDE_1.17.0/STM32CubeIDE/plugins/com.st.stm32cube.ide.mcu.externaltools.gnu-tools-for-stm32.12.3.rel1.win32_1.1.0.202410251130/tools/bin/../lib/gcc/arm-none-eabi/12.3.1/thumb/v7e-m+fp/hard/crti.o
                0x08006f94                _fini
 .fini          0x08006f98        0x8 C:/ST/STM32CubeIDE_1.17.0/STM32CubeIDE/plugins/com.st.stm32cube.ide.mcu.externaltools.gnu-tools-for-stm32.12.3.rel1.win32_1.1.0.202410251130/tools/bin/../lib/gcc/arm-none-eabi/12.3.1/thumb/v7e-m+fp/hard/crtn.o
                0x08006fa0                        . = ALIGN (0x4)
                0x08006fa0                        _etext = .

.vfp11_veneer   0x08006fa0        0x0
 .vfp11_veneer  0x08006fa0        0x0 linker stubs

.v4_bx          0x08006fa0        0x0
 .v4_bx         0x08006fa0        0x0 linker stubs

.iplt           0x08006fa0        0x0
 .iplt          0x08006fa0        0x0 C:/ST/STM32CubeIDE_1.17.0/STM32CubeIDE/plugins/com.st.stm32cube.ide.mcu.externaltools.gnu-tools-for-stm32.12.3.rel1.win32_1.1.0.202410251130/tools/bin/../lib/gcc/arm-none-eabi/12.3.1/thumb/v7e-m+fp/hard/crtbegin.o

.rodata         0x08006fa0     0x1ae8
                0x08006fa0                        . = ALIGN (0x4)
 *(.rodata)
 *(.rodata*)
 .rodata.ASCII16x24_Table
                0x08006fa0     0x11d0 ./Core/Src/fonts.o
                0x08006fa0                ASCII16x24_Table
 .rodata.ASCII12x12_Table
                0x08008170      0x900 ./Core/Src/fonts.o
                0x08008170                ASCII12x12_Table
 .rodata.AHBPrescTable
                0x08008a70       0x10 ./Core/Src/system_stm32f4xx.o
                0x08008a70                AHBPrescTable
 .rodata.APBPrescTable
                0x08008a80        0x8 ./Core/Src/system_stm32f4xx.o
                0x08008a80                APBPrescTable
                0x08008a88                        . = ALIGN (0x4)

.ARM.extab      0x08008a88        0x0
                0x08008a88                        . = ALIGN (0x4)
 *(.ARM.extab* .gnu.linkonce.armextab.*)
                0x08008a88                        . = ALIGN (0x4)

.ARM            0x08008a88        0x8
                0x08008a88                        . = ALIGN (0x4)
                0x08008a88                        __exidx_start = .
 *(.ARM.exidx*)
 .ARM.exidx     0x08008a88        0x8 C:/ST/STM32CubeIDE_1.17.0/STM32CubeIDE/plugins/com.st.stm32cube.ide.mcu.externaltools.gnu-tools-for-stm32.12.3.rel1.win32_1.1.0.202410251130/tools/bin/../lib/gcc/arm-none-eabi/12.3.1/thumb/v7e-m+fp/hard\libgcc.a(_udivmoddi4.o)
                0x08008a90                        __exidx_end = .
                0x08008a90                        . = ALIGN (0x4)

.preinit_array  0x08008a90        0x0
                0x08008a90                        . = ALIGN (0x4)
                0x08008a90                        PROVIDE (__preinit_array_start = .)
 *(.preinit_array*)
                0x08008a90                        PROVIDE (__preinit_array_end = .)
                0x08008a90                        . = ALIGN (0x4)

.init_array     0x08008a90        0x4
                0x08008a90                        . = ALIGN (0x4)
                0x08008a90                        PROVIDE (__init_array_start = .)
 *(SORT_BY_NAME(.init_array.*))
 *(.init_array*)
 .init_array    0x08008a90        0x4 C:/ST/STM32CubeIDE_1.17.0/STM32CubeIDE/plugins/com.st.stm32cube.ide.mcu.externaltools.gnu-tools-for-stm32.12.3.rel1.win32_1.1.0.202410251130/tools/bin/../lib/gcc/arm-none-eabi/12.3.1/thumb/v7e-m+fp/hard/crtbegin.o
                0x08008a94                        PROVIDE (__init_array_end = .)
                0x08008a94                        . = ALIGN (0x4)

.fini_array     0x08008a94        0x4
                0x08008a94                        . = ALIGN (0x4)
                [!provide]                        PROVIDE (__fini_array_start = .)
 *(SORT_BY_NAME(.fini_array.*))
 *(.fini_array*)
 .fini_array    0x08008a94        0x4 C:/ST/STM32CubeIDE_1.17.0/STM32CubeIDE/plugins/com.st.stm32cube.ide.mcu.externaltools.gnu-tools-for-stm32.12.3.rel1.win32_1.1.0.202410251130/tools/bin/../lib/gcc/arm-none-eabi/12.3.1/thumb/v7e-m+fp/hard/crtbegin.o
                [!provide]                        PROVIDE (__fini_array_end = .)
                0x08008a98                        . = ALIGN (0x4)
                0x08008a98                        _sidata = LOADADDR (.data)

.rel.dyn        0x08008a98        0x0
 .rel.iplt      0x08008a98        0x0 C:/ST/STM32CubeIDE_1.17.0/STM32CubeIDE/plugins/com.st.stm32cube.ide.mcu.externaltools.gnu-tools-for-stm32.12.3.rel1.win32_1.1.0.202410251130/tools/bin/../lib/gcc/arm-none-eabi/12.3.1/thumb/v7e-m+fp/hard/crtbegin.o

.data           0x20000000       0x24 load address 0x08008a98
                0x20000000                        . = ALIGN (0x4)
                0x20000000                        _sdata = .
 *(.data)
 *(.data*)
 .data.Player1  0x20000000        0x1 ./Core/Src/GamePiece.o
                0x20000000                Player1
 *fill*         0x20000001        0x1 
 .data.CurrentTextColor
                0x20000002        0x2 ./Core/Src/LCD_Driver.o
 .data.Font16x24
                0x20000004        0x8 ./Core/Src/fonts.o
                0x20000004                Font16x24
 .data.Font12x12
                0x2000000c        0x8 ./Core/Src/fonts.o
                0x2000000c                Font12x12
 .data.SpiTimeout
                0x20000014        0x4 ./Core/Src/ili9341.o
                0x20000014                SpiTimeout
 .data.SystemCoreClock
                0x20000018        0x4 ./Core/Src/system_stm32f4xx.o
                0x20000018                SystemCoreClock
 .data.uwTickPrio
                0x2000001c        0x4 ./Drivers/STM32F4xx_HAL_Driver/Src/stm32f4xx_hal.o
                0x2000001c                uwTickPrio
 .data.uwTickFreq
                0x20000020        0x1 ./Drivers/STM32F4xx_HAL_Driver/Src/stm32f4xx_hal.o
                0x20000020                uwTickFreq
 *(.RamFunc)
 *(.RamFunc*)
                0x20000024                        . = ALIGN (0x4)
 *fill*         0x20000021        0x3 
                0x20000024                        _edata = .
                0x08008abc                        _siccmram = LOADADDR (.ccmram)

.igot.plt       0x20000024        0x0 load address 0x08008abc
 .igot.plt      0x20000024        0x0 C:/ST/STM32CubeIDE_1.17.0/STM32CubeIDE/plugins/com.st.stm32cube.ide.mcu.externaltools.gnu-tools-for-stm32.12.3.rel1.win32_1.1.0.202410251130/tools/bin/../lib/gcc/arm-none-eabi/12.3.1/thumb/v7e-m+fp/hard/crtbegin.o

.ccmram         0x10000000        0x0 load address 0x08008abc
                0x10000000                        . = ALIGN (0x4)
                0x10000000                        _sccmram = .
 *(.ccmram)
 *(.ccmram*)
                0x10000000                        . = ALIGN (0x4)
                0x10000000                        _eccmram = .
                0x10000000                        . = ALIGN (0x4)

.bss            0x20000024    0x25bac
                0x20000024                        _sbss = .
                0x20000024                        __bss_start__ = _sbss
 *(.bss)
 .bss           0x20000024       0x1c C:/ST/STM32CubeIDE_1.17.0/STM32CubeIDE/plugins/com.st.stm32cube.ide.mcu.externaltools.gnu-tools-for-stm32.12.3.rel1.win32_1.1.0.202410251130/tools/bin/../lib/gcc/arm-none-eabi/12.3.1/thumb/v7e-m+fp/hard/crtbegin.o
 *(.bss*)
 .bss.OnePlayer
                0x20000040        0x1 ./Core/Src/ApplicationCode.o
                0x20000040                OnePlayer
 .bss.drop      0x20000041        0x1 ./Core/Src/ApplicationCode.o
                0x20000041                drop
 *fill*         0x20000042        0x2 
 .bss.StaticTouchData
                0x20000044        0x8 ./Core/Src/ApplicationCode.o
 .bss.currentplayer
                0x2000004c        0x1 ./Core/Src/GamePiece.o
                0x2000004c                currentplayer
 *fill*         0x2000004d        0x1 
 .bss.XPos      0x2000004e        0x2 ./Core/Src/GamePiece.o
 .bss.YPos      0x20000050        0x2 ./Core/Src/GamePiece.o
 .bss.FillColor
                0x20000052        0x2 ./Core/Src/GamePiece.o
 .bss.endGame   0x20000054        0x1 ./Core/Src/GamePiece.o
                0x20000054                endGame
 .bss.updateScore
                0x20000055        0x1 ./Core/Src/GamePiece.o
                0x20000055                updateScore
 *fill*         0x20000056        0x2 
 .bss.boardspots
                0x20000058       0x2a ./Core/Src/Game_Screen.o
                0x20000058                boardspots
 .bss.RedScore  0x20000082        0x2 ./Core/Src/Game_Screen.o
                0x20000082                RedScore
 .bss.YellowScore
                0x20000084        0x2 ./Core/Src/Game_Screen.o
                0x20000084                YellowScore
 *fill*         0x20000086        0x2 
 .bss.hltdc     0x20000088       0xa8 ./Core/Src/LCD_Driver.o
 .bss.PeriphClkInitStruct
                0x20000130       0x30 ./Core/Src/LCD_Driver.o
 .bss.LCD_Currentfonts
                0x20000160        0x4 ./Core/Src/LCD_Driver.o
 .bss.frameBuffer
                0x20000164    0x25800 ./Core/Src/LCD_Driver.o
                0x20000164                frameBuffer
 .bss.hrng      0x20025964       0x10 ./Core/Src/RNG_Driver.o
                0x20025964                hrng
 .bss.startTick
                0x20025974        0x4 ./Core/Src/Timer_Driver.o
 .bss.stopTick  0x20025978        0x4 ./Core/Src/Timer_Driver.o
 .bss.SpiHandle
                0x2002597c       0x58 ./Core/Src/ili9341.o
 .bss.Is_LCD_IO_Initialized
                0x200259d4        0x1 ./Core/Src/ili9341.o
 *fill*         0x200259d5        0x3 
 .bss.hi2c3     0x200259d8       0x54 ./Core/Src/main.o
                0x200259d8                hi2c3
 .bss.hltdc     0x20025a2c       0xa8 ./Core/Src/main.o
                0x20025a2c                hltdc
 .bss.hspi5     0x20025ad4       0x58 ./Core/Src/main.o
                0x20025ad4                hspi5
 .bss.htim2     0x20025b2c       0x48 ./Core/Src/main.o
                0x20025b2c                htim2
 .bss.hI2C3     0x20025b74       0x54 ./Core/Src/stmpe811.o
 .bss.HAL_status
                0x20025bc8        0x1 ./Core/Src/stmpe811.o
 *fill*         0x20025bc9        0x3 
 .bss.uwTick    0x20025bcc        0x4 ./Drivers/STM32F4xx_HAL_Driver/Src/stm32f4xx_hal.o
                0x20025bcc                uwTick
 *(COMMON)
                0x20025bd0                        . = ALIGN (0x4)
                0x20025bd0                        _ebss = .
                0x20025bd0                        __bss_end__ = _ebss

._user_heap_stack
                0x20025bd0      0x600
                0x20025bd0                        . = ALIGN (0x8)
                [!provide]                        PROVIDE (end = .)
                0x20025bd0                        PROVIDE (_end = .)
                0x20025dd0                        . = (. + _Min_Heap_Size)
 *fill*         0x20025bd0      0x200 
                0x200261d0                        . = (. + _Min_Stack_Size)
 *fill*         0x20025dd0      0x400 
                0x200261d0                        . = ALIGN (0x8)

/DISCARD/
 libc.a(*)
 libm.a(*)
 libgcc.a(*)

.ARM.attributes
                0x00000000       0x30
 *(.ARM.attributes)
 .ARM.attributes
                0x00000000       0x22 C:/ST/STM32CubeIDE_1.17.0/STM32CubeIDE/plugins/com.st.stm32cube.ide.mcu.externaltools.gnu-tools-for-stm32.12.3.rel1.win32_1.1.0.202410251130/tools/bin/../lib/gcc/arm-none-eabi/12.3.1/thumb/v7e-m+fp/hard/crti.o
 .ARM.attributes
                0x00000022       0x34 C:/ST/STM32CubeIDE_1.17.0/STM32CubeIDE/plugins/com.st.stm32cube.ide.mcu.externaltools.gnu-tools-for-stm32.12.3.rel1.win32_1.1.0.202410251130/tools/bin/../lib/gcc/arm-none-eabi/12.3.1/thumb/v7e-m+fp/hard/crtbegin.o
 .ARM.attributes
                0x00000056       0x34 ./Core/Src/ApplicationCode.o
 .ARM.attributes
                0x0000008a       0x34 ./Core/Src/GamePiece.o
 .ARM.attributes
                0x000000be       0x34 ./Core/Src/Game_Screen.o
 .ARM.attributes
                0x000000f2       0x34 ./Core/Src/LCD_Driver.o
 .ARM.attributes
                0x00000126       0x34 ./Core/Src/RNG_Driver.o
 .ARM.attributes
                0x0000015a       0x34 ./Core/Src/Timer_Driver.o
 .ARM.attributes
                0x0000018e       0x34 ./Core/Src/fonts.o
 .ARM.attributes
                0x000001c2       0x34 ./Core/Src/ili9341.o
 .ARM.attributes
                0x000001f6       0x34 ./Core/Src/main.o
 .ARM.attributes
                0x0000022a       0x34 ./Core/Src/stm32f4xx_hal_msp.o
 .ARM.attributes
                0x0000025e       0x34 ./Core/Src/stm32f4xx_it.o
 .ARM.attributes
                0x00000292       0x34 ./Core/Src/stmpe811.o
 .ARM.attributes
                0x000002c6       0x34 ./Core/Src/syscalls.o
 .ARM.attributes
                0x000002fa       0x34 ./Core/Src/system_stm32f4xx.o
 .ARM.attributes
                0x0000032e       0x21 ./Core/Startup/startup_stm32f429zitx.o
 .ARM.attributes
                0x0000034f       0x34 ./Drivers/STM32F4xx_HAL_Driver/Src/stm32f4xx_hal.o
 .ARM.attributes
                0x00000383       0x34 ./Drivers/STM32F4xx_HAL_Driver/Src/stm32f4xx_hal_cortex.o
 .ARM.attributes
                0x000003b7       0x34 ./Drivers/STM32F4xx_HAL_Driver/Src/stm32f4xx_hal_exti.o
 .ARM.attributes
                0x000003eb       0x34 ./Drivers/STM32F4xx_HAL_Driver/Src/stm32f4xx_hal_gpio.o
 .ARM.attributes
                0x0000041f       0x34 ./Drivers/STM32F4xx_HAL_Driver/Src/stm32f4xx_hal_i2c.o
 .ARM.attributes
                0x00000453       0x34 ./Drivers/STM32F4xx_HAL_Driver/Src/stm32f4xx_hal_i2c_ex.o
 .ARM.attributes
                0x00000487       0x34 ./Drivers/STM32F4xx_HAL_Driver/Src/stm32f4xx_hal_ltdc.o
 .ARM.attributes
                0x000004bb       0x34 ./Drivers/STM32F4xx_HAL_Driver/Src/stm32f4xx_hal_rcc.o
 .ARM.attributes
                0x000004ef       0x34 ./Drivers/STM32F4xx_HAL_Driver/Src/stm32f4xx_hal_rcc_ex.o
 .ARM.attributes
                0x00000523       0x34 ./Drivers/STM32F4xx_HAL_Driver/Src/stm32f4xx_hal_rng.o
 .ARM.attributes
                0x00000557       0x34 ./Drivers/STM32F4xx_HAL_Driver/Src/stm32f4xx_hal_spi.o
 .ARM.attributes
                0x0000058b       0x34 ./Drivers/STM32F4xx_HAL_Driver/Src/stm32f4xx_hal_tim.o
 .ARM.attributes
                0x000005bf       0x34 ./Drivers/STM32F4xx_HAL_Driver/Src/stm32f4xx_hal_tim_ex.o
 .ARM.attributes
                0x000005f3       0x34 C:/ST/STM32CubeIDE_1.17.0/STM32CubeIDE/plugins/com.st.stm32cube.ide.mcu.externaltools.gnu-tools-for-stm32.12.3.rel1.win32_1.1.0.202410251130/tools/bin/../lib/gcc/arm-none-eabi/12.3.1/../../../../arm-none-eabi/lib/thumb/v7e-m+fp/hard\libc_nano.a(libc_a-memset.o)
 .ARM.attributes
                0x00000627       0x34 C:/ST/STM32CubeIDE_1.17.0/STM32CubeIDE/plugins/com.st.stm32cube.ide.mcu.externaltools.gnu-tools-for-stm32.12.3.rel1.win32_1.1.0.202410251130/tools/bin/../lib/gcc/arm-none-eabi/12.3.1/../../../../arm-none-eabi/lib/thumb/v7e-m+fp/hard\libc_nano.a(libc_a-init.o)
 .ARM.attributes
                0x0000065b       0x22 C:/ST/STM32CubeIDE_1.17.0/STM32CubeIDE/plugins/com.st.stm32cube.ide.mcu.externaltools.gnu-tools-for-stm32.12.3.rel1.win32_1.1.0.202410251130/tools/bin/../lib/gcc/arm-none-eabi/12.3.1/thumb/v7e-m+fp/hard\libgcc.a(_aeabi_uldivmod.o)
 .ARM.attributes
                0x0000067d       0x34 C:/ST/STM32CubeIDE_1.17.0/STM32CubeIDE/plugins/com.st.stm32cube.ide.mcu.externaltools.gnu-tools-for-stm32.12.3.rel1.win32_1.1.0.202410251130/tools/bin/../lib/gcc/arm-none-eabi/12.3.1/thumb/v7e-m+fp/hard\libgcc.a(_udivmoddi4.o)
 .ARM.attributes
                0x000006b1       0x22 C:/ST/STM32CubeIDE_1.17.0/STM32CubeIDE/plugins/com.st.stm32cube.ide.mcu.externaltools.gnu-tools-for-stm32.12.3.rel1.win32_1.1.0.202410251130/tools/bin/../lib/gcc/arm-none-eabi/12.3.1/thumb/v7e-m+fp/hard\libgcc.a(_dvmd_tls.o)
 .ARM.attributes
                0x000006d3       0x22 C:/ST/STM32CubeIDE_1.17.0/STM32CubeIDE/plugins/com.st.stm32cube.ide.mcu.externaltools.gnu-tools-for-stm32.12.3.rel1.win32_1.1.0.202410251130/tools/bin/../lib/gcc/arm-none-eabi/12.3.1/thumb/v7e-m+fp/hard/crtn.o
OUTPUT(GFortinFinal.elf elf32-littlearm)
LOAD linker stubs
LOAD C:/ST/STM32CubeIDE_1.17.0/STM32CubeIDE/plugins/com.st.stm32cube.ide.mcu.externaltools.gnu-tools-for-stm32.12.3.rel1.win32_1.1.0.202410251130/tools/bin/../lib/gcc/arm-none-eabi/12.3.1/../../../../arm-none-eabi/lib/thumb/v7e-m+fp/hard\libc.a
LOAD C:/ST/STM32CubeIDE_1.17.0/STM32CubeIDE/plugins/com.st.stm32cube.ide.mcu.externaltools.gnu-tools-for-stm32.12.3.rel1.win32_1.1.0.202410251130/tools/bin/../lib/gcc/arm-none-eabi/12.3.1/../../../../arm-none-eabi/lib/thumb/v7e-m+fp/hard\libm.a
LOAD C:/ST/STM32CubeIDE_1.17.0/STM32CubeIDE/plugins/com.st.stm32cube.ide.mcu.externaltools.gnu-tools-for-stm32.12.3.rel1.win32_1.1.0.202410251130/tools/bin/../lib/gcc/arm-none-eabi/12.3.1/thumb/v7e-m+fp/hard\libgcc.a

.debug_info     0x00000000    0x1441e
 .debug_info    0x00000000      0x643 ./Core/Src/ApplicationCode.o
 .debug_info    0x00000643      0x4a7 ./Core/Src/GamePiece.o
 .debug_info    0x00000aea      0x534 ./Core/Src/Game_Screen.o
 .debug_info    0x0000101e      0xfbd ./Core/Src/LCD_Driver.o
 .debug_info    0x00001fdb      0x243 ./Core/Src/RNG_Driver.o
 .debug_info    0x0000221e      0x178 ./Core/Src/Timer_Driver.o
 .debug_info    0x00002396      0x145 ./Core/Src/fonts.o
 .debug_info    0x000024db      0xc85 ./Core/Src/ili9341.o
 .debug_info    0x00003160     0x1adc ./Core/Src/main.o
 .debug_info    0x00004c3c     0x17b6 ./Core/Src/stm32f4xx_hal_msp.o
 .debug_info    0x000063f2      0x112 ./Core/Src/stm32f4xx_it.o
 .debug_info    0x00006504      0xdd6 ./Core/Src/stmpe811.o
 .debug_info    0x000072da      0x6a3 ./Core/Src/syscalls.o
 .debug_info    0x0000797d      0x52e ./Core/Src/system_stm32f4xx.o
 .debug_info    0x00007eab       0x30 ./Core/Startup/startup_stm32f429zitx.o
 .debug_info    0x00007edb      0x9ba ./Drivers/STM32F4xx_HAL_Driver/Src/stm32f4xx_hal.o
 .debug_info    0x00008895      0xdc2 ./Drivers/STM32F4xx_HAL_Driver/Src/stm32f4xx_hal_cortex.o
 .debug_info    0x00009657      0x4f4 ./Drivers/STM32F4xx_HAL_Driver/Src/stm32f4xx_hal_exti.o
 .debug_info    0x00009b4b      0x6db ./Drivers/STM32F4xx_HAL_Driver/Src/stm32f4xx_hal_gpio.o
 .debug_info    0x0000a226     0x2421 ./Drivers/STM32F4xx_HAL_Driver/Src/stm32f4xx_hal_i2c.o
 .debug_info    0x0000c647      0x672 ./Drivers/STM32F4xx_HAL_Driver/Src/stm32f4xx_hal_i2c_ex.o
 .debug_info    0x0000ccb9     0x1022 ./Drivers/STM32F4xx_HAL_Driver/Src/stm32f4xx_hal_ltdc.o
 .debug_info    0x0000dcdb      0x8c7 ./Drivers/STM32F4xx_HAL_Driver/Src/stm32f4xx_hal_rcc.o
 .debug_info    0x0000e5a2      0x64c ./Drivers/STM32F4xx_HAL_Driver/Src/stm32f4xx_hal_rcc_ex.o
 .debug_info    0x0000ebee      0x493 ./Drivers/STM32F4xx_HAL_Driver/Src/stm32f4xx_hal_rng.o
 .debug_info    0x0000f081     0x1525 ./Drivers/STM32F4xx_HAL_Driver/Src/stm32f4xx_hal_spi.o
 .debug_info    0x000105a6     0x299d ./Drivers/STM32F4xx_HAL_Driver/Src/stm32f4xx_hal_tim.o
 .debug_info    0x00012f43     0x14db ./Drivers/STM32F4xx_HAL_Driver/Src/stm32f4xx_hal_tim_ex.o

.debug_abbrev   0x00000000     0x3724
 .debug_abbrev  0x00000000      0x1e0 ./Core/Src/ApplicationCode.o
 .debug_abbrev  0x000001e0      0x253 ./Core/Src/GamePiece.o
 .debug_abbrev  0x00000433      0x1de ./Core/Src/Game_Screen.o
 .debug_abbrev  0x00000611      0x32a ./Core/Src/LCD_Driver.o
 .debug_abbrev  0x0000093b      0x144 ./Core/Src/RNG_Driver.o
 .debug_abbrev  0x00000a7f       0xd2 ./Core/Src/Timer_Driver.o
 .debug_abbrev  0x00000b51       0xc6 ./Core/Src/fonts.o
 .debug_abbrev  0x00000c17      0x2c9 ./Core/Src/ili9341.o
 .debug_abbrev  0x00000ee0      0x316 ./Core/Src/main.o
 .debug_abbrev  0x000011f6      0x25c ./Core/Src/stm32f4xx_hal_msp.o
 .debug_abbrev  0x00001452       0x73 ./Core/Src/stm32f4xx_it.o
 .debug_abbrev  0x000014c5      0x2c9 ./Core/Src/stmpe811.o
 .debug_abbrev  0x0000178e      0x1b6 ./Core/Src/syscalls.o
 .debug_abbrev  0x00001944      0x11a ./Core/Src/system_stm32f4xx.o
 .debug_abbrev  0x00001a5e       0x24 ./Core/Startup/startup_stm32f429zitx.o
 .debug_abbrev  0x00001a82      0x214 ./Drivers/STM32F4xx_HAL_Driver/Src/stm32f4xx_hal.o
 .debug_abbrev  0x00001c96      0x31d ./Drivers/STM32F4xx_HAL_Driver/Src/stm32f4xx_hal_cortex.o
 .debug_abbrev  0x00001fb3      0x1c6 ./Drivers/STM32F4xx_HAL_Driver/Src/stm32f4xx_hal_exti.o
 .debug_abbrev  0x00002179      0x1d4 ./Drivers/STM32F4xx_HAL_Driver/Src/stm32f4xx_hal_gpio.o
 .debug_abbrev  0x0000234d      0x2ad ./Drivers/STM32F4xx_HAL_Driver/Src/stm32f4xx_hal_i2c.o
 .debug_abbrev  0x000025fa      0x157 ./Drivers/STM32F4xx_HAL_Driver/Src/stm32f4xx_hal_i2c_ex.o
 .debug_abbrev  0x00002751      0x233 ./Drivers/STM32F4xx_HAL_Driver/Src/stm32f4xx_hal_ltdc.o
 .debug_abbrev  0x00002984      0x2b7 ./Drivers/STM32F4xx_HAL_Driver/Src/stm32f4xx_hal_rcc.o
 .debug_abbrev  0x00002c3b      0x1b0 ./Drivers/STM32F4xx_HAL_Driver/Src/stm32f4xx_hal_rcc_ex.o
 .debug_abbrev  0x00002deb      0x1c4 ./Drivers/STM32F4xx_HAL_Driver/Src/stm32f4xx_hal_rng.o
 .debug_abbrev  0x00002faf      0x27a ./Drivers/STM32F4xx_HAL_Driver/Src/stm32f4xx_hal_spi.o
 .debug_abbrev  0x00003229      0x278 ./Drivers/STM32F4xx_HAL_Driver/Src/stm32f4xx_hal_tim.o
 .debug_abbrev  0x000034a1      0x283 ./Drivers/STM32F4xx_HAL_Driver/Src/stm32f4xx_hal_tim_ex.o

.debug_aranges  0x00000000     0x1510
 .debug_aranges
                0x00000000       0x60 ./Core/Src/ApplicationCode.o
 .debug_aranges
                0x00000060       0x80 ./Core/Src/GamePiece.o
 .debug_aranges
                0x000000e0       0x48 ./Core/Src/Game_Screen.o
 .debug_aranges
                0x00000128       0xb0 ./Core/Src/LCD_Driver.o
 .debug_aranges
                0x000001d8       0x28 ./Core/Src/RNG_Driver.o
 .debug_aranges
                0x00000200       0x38 ./Core/Src/Timer_Driver.o
 .debug_aranges
                0x00000238       0x18 ./Core/Src/fonts.o
 .debug_aranges
                0x00000250       0x98 ./Core/Src/ili9341.o
 .debug_aranges
                0x000002e8       0x58 ./Core/Src/main.o
 .debug_aranges
                0x00000340       0x70 ./Core/Src/stm32f4xx_hal_msp.o
 .debug_aranges
                0x000003b0       0x60 ./Core/Src/stm32f4xx_it.o
 .debug_aranges
                0x00000410       0x88 ./Core/Src/stmpe811.o
 .debug_aranges
                0x00000498       0xa8 ./Core/Src/syscalls.o
 .debug_aranges
                0x00000540       0x28 ./Core/Src/system_stm32f4xx.o
 .debug_aranges
                0x00000568       0x28 ./Core/Startup/startup_stm32f429zitx.o
 .debug_aranges
                0x00000590      0x100 ./Drivers/STM32F4xx_HAL_Driver/Src/stm32f4xx_hal.o
 .debug_aranges
                0x00000690      0x130 ./Drivers/STM32F4xx_HAL_Driver/Src/stm32f4xx_hal_cortex.o
 .debug_aranges
                0x000007c0       0x60 ./Drivers/STM32F4xx_HAL_Driver/Src/stm32f4xx_hal_exti.o
 .debug_aranges
                0x00000820       0x58 ./Drivers/STM32F4xx_HAL_Driver/Src/stm32f4xx_hal_gpio.o
 .debug_aranges
                0x00000878      0x2a8 ./Drivers/STM32F4xx_HAL_Driver/Src/stm32f4xx_hal_i2c.o
 .debug_aranges
                0x00000b20       0x28 ./Drivers/STM32F4xx_HAL_Driver/Src/stm32f4xx_hal_i2c_ex.o
 .debug_aranges
                0x00000b48      0x158 ./Drivers/STM32F4xx_HAL_Driver/Src/stm32f4xx_hal_ltdc.o
 .debug_aranges
                0x00000ca0       0x88 ./Drivers/STM32F4xx_HAL_Driver/Src/stm32f4xx_hal_rcc.o
 .debug_aranges
                0x00000d28       0x58 ./Drivers/STM32F4xx_HAL_Driver/Src/stm32f4xx_hal_rcc_ex.o
 .debug_aranges
                0x00000d80       0x88 ./Drivers/STM32F4xx_HAL_Driver/Src/stm32f4xx_hal_rng.o
 .debug_aranges
                0x00000e08      0x1d0 ./Drivers/STM32F4xx_HAL_Driver/Src/stm32f4xx_hal_spi.o
 .debug_aranges
                0x00000fd8      0x3d0 ./Drivers/STM32F4xx_HAL_Driver/Src/stm32f4xx_hal_tim.o
 .debug_aranges
                0x000013a8      0x168 ./Drivers/STM32F4xx_HAL_Driver/Src/stm32f4xx_hal_tim_ex.o

.debug_rnglists
                0x00000000     0x1039
 .debug_rnglists
                0x00000000       0x43 ./Core/Src/ApplicationCode.o
 .debug_rnglists
                0x00000043       0x6a ./Core/Src/GamePiece.o
 .debug_rnglists
                0x000000ad       0x36 ./Core/Src/Game_Screen.o
 .debug_rnglists
                0x000000e3       0x85 ./Core/Src/LCD_Driver.o
 .debug_rnglists
                0x00000168       0x19 ./Core/Src/RNG_Driver.o
 .debug_rnglists
                0x00000181       0x25 ./Core/Src/Timer_Driver.o
 .debug_rnglists
                0x000001a6       0x6f ./Core/Src/ili9341.o
 .debug_rnglists
                0x00000215       0x42 ./Core/Src/main.o
 .debug_rnglists
                0x00000257       0x53 ./Core/Src/stm32f4xx_hal_msp.o
 .debug_rnglists
                0x000002aa       0x43 ./Core/Src/stm32f4xx_it.o
 .debug_rnglists
                0x000002ed       0x67 ./Core/Src/stmpe811.o
 .debug_rnglists
                0x00000354       0x79 ./Core/Src/syscalls.o
 .debug_rnglists
                0x000003cd       0x1a ./Core/Src/system_stm32f4xx.o
 .debug_rnglists
                0x000003e7       0x19 ./Core/Startup/startup_stm32f429zitx.o
 .debug_rnglists
                0x00000400       0xbb ./Drivers/STM32F4xx_HAL_Driver/Src/stm32f4xx_hal.o
 .debug_rnglists
                0x000004bb       0xe0 ./Drivers/STM32F4xx_HAL_Driver/Src/stm32f4xx_hal_cortex.o
 .debug_rnglists
                0x0000059b       0x46 ./Drivers/STM32F4xx_HAL_Driver/Src/stm32f4xx_hal_exti.o
 .debug_rnglists
                0x000005e1       0x3f ./Drivers/STM32F4xx_HAL_Driver/Src/stm32f4xx_hal_gpio.o
 .debug_rnglists
                0x00000620      0x23c ./Drivers/STM32F4xx_HAL_Driver/Src/stm32f4xx_hal_i2c.o
 .debug_rnglists
                0x0000085c       0x19 ./Drivers/STM32F4xx_HAL_Driver/Src/stm32f4xx_hal_i2c_ex.o
 .debug_rnglists
                0x00000875      0x10a ./Drivers/STM32F4xx_HAL_Driver/Src/stm32f4xx_hal_ltdc.o
 .debug_rnglists
                0x0000097f       0x66 ./Drivers/STM32F4xx_HAL_Driver/Src/stm32f4xx_hal_rcc.o
 .debug_rnglists
                0x000009e5       0x43 ./Drivers/STM32F4xx_HAL_Driver/Src/stm32f4xx_hal_rcc_ex.o
 .debug_rnglists
                0x00000a28       0x63 ./Drivers/STM32F4xx_HAL_Driver/Src/stm32f4xx_hal_rng.o
 .debug_rnglists
                0x00000a8b      0x16f ./Drivers/STM32F4xx_HAL_Driver/Src/stm32f4xx_hal_spi.o
 .debug_rnglists
                0x00000bfa      0x31a ./Drivers/STM32F4xx_HAL_Driver/Src/stm32f4xx_hal_tim.o
 .debug_rnglists
                0x00000f14      0x125 ./Drivers/STM32F4xx_HAL_Driver/Src/stm32f4xx_hal_tim_ex.o

.debug_macro    0x00000000    0x27450
 .debug_macro   0x00000000      0x347 ./Core/Src/ApplicationCode.o
 .debug_macro   0x00000347      0xab4 ./Core/Src/ApplicationCode.o
 .debug_macro   0x00000dfb      0x2ad ./Core/Src/ApplicationCode.o
 .debug_macro   0x000010a8       0x2e ./Core/Src/ApplicationCode.o
 .debug_macro   0x000010d6       0x28 ./Core/Src/ApplicationCode.o
 .debug_macro   0x000010fe       0x22 ./Core/Src/ApplicationCode.o
 .debug_macro   0x00001120       0x8e ./Core/Src/ApplicationCode.o
 .debug_macro   0x000011ae       0x51 ./Core/Src/ApplicationCode.o
 .debug_macro   0x000011ff      0x103 ./Core/Src/ApplicationCode.o
 .debug_macro   0x00001302       0x6a ./Core/Src/ApplicationCode.o
 .debug_macro   0x0000136c      0x1df ./Core/Src/ApplicationCode.o
 .debug_macro   0x0000154b       0x1c ./Core/Src/ApplicationCode.o
 .debug_macro   0x00001567       0x22 ./Core/Src/ApplicationCode.o
 .debug_macro   0x00001589       0xfb ./Core/Src/ApplicationCode.o
 .debug_macro   0x00001684     0x1011 ./Core/Src/ApplicationCode.o
 .debug_macro   0x00002695      0x11f ./Core/Src/ApplicationCode.o
 .debug_macro   0x000027b4    0x17fd8 ./Core/Src/ApplicationCode.o
 .debug_macro   0x0001a78c       0x6d ./Core/Src/ApplicationCode.o
 .debug_macro   0x0001a7f9     0x3711 ./Core/Src/ApplicationCode.o
 .debug_macro   0x0001df0a      0x189 ./Core/Src/ApplicationCode.o
 .debug_macro   0x0001e093       0x5c ./Core/Src/ApplicationCode.o
 .debug_macro   0x0001e0ef      0xcba ./Core/Src/ApplicationCode.o
 .debug_macro   0x0001eda9      0x9e9 ./Core/Src/ApplicationCode.o
 .debug_macro   0x0001f792      0x115 ./Core/Src/ApplicationCode.o
 .debug_macro   0x0001f8a7      0x156 ./Core/Src/ApplicationCode.o
 .debug_macro   0x0001f9fd       0xa5 ./Core/Src/ApplicationCode.o
 .debug_macro   0x0001faa2      0x182 ./Core/Src/ApplicationCode.o
 .debug_macro   0x0001fc24      0x287 ./Core/Src/ApplicationCode.o
 .debug_macro   0x0001feab       0x5f ./Core/Src/ApplicationCode.o
 .debug_macro   0x0001ff0a      0x236 ./Core/Src/ApplicationCode.o
 .debug_macro   0x00020140      0x132 ./Core/Src/ApplicationCode.o
 .debug_macro   0x00020272      0x41d ./Core/Src/ApplicationCode.o
 .debug_macro   0x0002068f       0x2e ./Core/Src/ApplicationCode.o
 .debug_macro   0x000206bd      0x1b5 ./Core/Src/ApplicationCode.o
 .debug_macro   0x00020872       0x22 ./Core/Src/ApplicationCode.o
 .debug_macro   0x00020894       0xd6 ./Core/Src/ApplicationCode.o
 .debug_macro   0x0002096a      0x198 ./Core/Src/ApplicationCode.o
 .debug_macro   0x00020b02       0xd6 ./Core/Src/ApplicationCode.o
 .debug_macro   0x00020bd8      0x127 ./Core/Src/ApplicationCode.o
 .debug_macro   0x00020cff       0xe2 ./Core/Src/ApplicationCode.o
 .debug_macro   0x00020de1       0x89 ./Core/Src/ApplicationCode.o
 .debug_macro   0x00020e6a       0xa4 ./Core/Src/ApplicationCode.o
 .debug_macro   0x00020f0e      0x225 ./Core/Src/ApplicationCode.o
 .debug_macro   0x00021133      0x8ed ./Core/Src/ApplicationCode.o
 .debug_macro   0x00021a20       0x4d ./Core/Src/ApplicationCode.o
 .debug_macro   0x00021a6d      0x134 ./Core/Src/ApplicationCode.o
 .debug_macro   0x00021ba1      0x332 ./Core/Src/ApplicationCode.o
 .debug_macro   0x00021ed3       0x22 ./Core/Src/ApplicationCode.o
 .debug_macro   0x00021ef5      0x173 ./Core/Src/ApplicationCode.o
 .debug_macro   0x00022068       0x88 ./Core/Src/ApplicationCode.o
 .debug_macro   0x000220f0       0x28 ./Core/Src/ApplicationCode.o
 .debug_macro   0x00022118       0x2e ./Core/Src/ApplicationCode.o
 .debug_macro   0x00022146       0x61 ./Core/Src/ApplicationCode.o
 .debug_macro   0x000221a7       0x2a ./Core/Src/ApplicationCode.o
 .debug_macro   0x000221d1       0x43 ./Core/Src/ApplicationCode.o
 .debug_macro   0x00022214       0x34 ./Core/Src/ApplicationCode.o
 .debug_macro   0x00022248       0x16 ./Core/Src/ApplicationCode.o
 .debug_macro   0x0002225e       0x35 ./Core/Src/ApplicationCode.o
 .debug_macro   0x00022293      0x369 ./Core/Src/ApplicationCode.o
 .debug_macro   0x000225fc       0x10 ./Core/Src/ApplicationCode.o
 .debug_macro   0x0002260c       0x16 ./Core/Src/ApplicationCode.o
 .debug_macro   0x00022622       0x43 ./Core/Src/ApplicationCode.o
 .debug_macro   0x00022665       0x34 ./Core/Src/ApplicationCode.o
 .debug_macro   0x00022699       0x10 ./Core/Src/ApplicationCode.o
 .debug_macro   0x000226a9       0x58 ./Core/Src/ApplicationCode.o
 .debug_macro   0x00022701       0x8e ./Core/Src/ApplicationCode.o
 .debug_macro   0x0002278f       0x1c ./Core/Src/ApplicationCode.o
 .debug_macro   0x000227ab      0x177 ./Core/Src/ApplicationCode.o
 .debug_macro   0x00022922       0x16 ./Core/Src/ApplicationCode.o
 .debug_macro   0x00022938       0x16 ./Core/Src/ApplicationCode.o
 .debug_macro   0x0002294e      0x146 ./Core/Src/ApplicationCode.o
 .debug_macro   0x00022a94      0x265 ./Core/Src/GamePiece.o
 .debug_macro   0x00022cf9      0x258 ./Core/Src/Game_Screen.o
 .debug_macro   0x00022f51      0x245 ./Core/Src/LCD_Driver.o
 .debug_macro   0x00023196      0x20f ./Core/Src/RNG_Driver.o
 .debug_macro   0x000233a5      0x215 ./Core/Src/Timer_Driver.o
 .debug_macro   0x000235ba       0x6d ./Core/Src/fonts.o
 .debug_macro   0x00023627      0x21a ./Core/Src/ili9341.o
 .debug_macro   0x00023841      0x32c ./Core/Src/ili9341.o
 .debug_macro   0x00023b6d      0x35a ./Core/Src/main.o
 .debug_macro   0x00023ec7      0x4c8 ./Core/Src/main.o
 .debug_macro   0x0002438f      0x21e ./Core/Src/stm32f4xx_hal_msp.o
 .debug_macro   0x000245ad      0x228 ./Core/Src/stm32f4xx_it.o
 .debug_macro   0x000247d5      0x235 ./Core/Src/stmpe811.o
 .debug_macro   0x00024a0a      0x274 ./Core/Src/syscalls.o
 .debug_macro   0x00024c7e       0x5b ./Core/Src/syscalls.o
 .debug_macro   0x00024cd9       0x94 ./Core/Src/syscalls.o
 .debug_macro   0x00024d6d       0x57 ./Core/Src/syscalls.o
 .debug_macro   0x00024dc4       0x10 ./Core/Src/syscalls.o
 .debug_macro   0x00024dd4       0x10 ./Core/Src/syscalls.o
 .debug_macro   0x00024de4       0x10 ./Core/Src/syscalls.o
 .debug_macro   0x00024df4       0x10 ./Core/Src/syscalls.o
 .debug_macro   0x00024e04       0x1c ./Core/Src/syscalls.o
 .debug_macro   0x00024e20       0x52 ./Core/Src/syscalls.o
 .debug_macro   0x00024e72       0x22 ./Core/Src/syscalls.o
 .debug_macro   0x00024e94       0x10 ./Core/Src/syscalls.o
 .debug_macro   0x00024ea4       0x52 ./Core/Src/syscalls.o
 .debug_macro   0x00024ef6       0xcf ./Core/Src/syscalls.o
 .debug_macro   0x00024fc5       0x1c ./Core/Src/syscalls.o
 .debug_macro   0x00024fe1       0x3d ./Core/Src/syscalls.o
 .debug_macro   0x0002501e       0x35 ./Core/Src/syscalls.o
 .debug_macro   0x00025053      0x12c ./Core/Src/syscalls.o
 .debug_macro   0x0002517f       0x16 ./Core/Src/syscalls.o
 .debug_macro   0x00025195       0x16 ./Core/Src/syscalls.o
 .debug_macro   0x000251ab       0x29 ./Core/Src/syscalls.o
 .debug_macro   0x000251d4       0x10 ./Core/Src/syscalls.o
 .debug_macro   0x000251e4      0x242 ./Core/Src/syscalls.o
 .debug_macro   0x00025426       0x1c ./Core/Src/syscalls.o
 .debug_macro   0x00025442       0x10 ./Core/Src/syscalls.o
 .debug_macro   0x00025452      0x18a ./Core/Src/syscalls.o
 .debug_macro   0x000255dc       0x16 ./Core/Src/syscalls.o
 .debug_macro   0x000255f2       0xce ./Core/Src/syscalls.o
 .debug_macro   0x000256c0      0x20b ./Core/Src/system_stm32f4xx.o
 .debug_macro   0x000258cb      0x26b ./Drivers/STM32F4xx_HAL_Driver/Src/stm32f4xx_hal.o
 .debug_macro   0x00025b36      0x20b ./Drivers/STM32F4xx_HAL_Driver/Src/stm32f4xx_hal_cortex.o
 .debug_macro   0x00025d41      0x20b ./Drivers/STM32F4xx_HAL_Driver/Src/stm32f4xx_hal_exti.o
 .debug_macro   0x00025f4c      0x211 ./Drivers/STM32F4xx_HAL_Driver/Src/stm32f4xx_hal_gpio.o
 .debug_macro   0x0002615d      0x259 ./Drivers/STM32F4xx_HAL_Driver/Src/stm32f4xx_hal_i2c.o
 .debug_macro   0x000263b6      0x20b ./Drivers/STM32F4xx_HAL_Driver/Src/stm32f4xx_hal_i2c_ex.o
 .debug_macro   0x000265c1      0x213 ./Drivers/STM32F4xx_HAL_Driver/Src/stm32f4xx_hal_ltdc.o
 .debug_macro   0x000267d4      0x22f ./Drivers/STM32F4xx_HAL_Driver/Src/stm32f4xx_hal_rcc.o
 .debug_macro   0x00026a03      0x20b ./Drivers/STM32F4xx_HAL_Driver/Src/stm32f4xx_hal_rcc_ex.o
 .debug_macro   0x00026c0e      0x211 ./Drivers/STM32F4xx_HAL_Driver/Src/stm32f4xx_hal_rng.o
 .debug_macro   0x00026e1f      0x21a ./Drivers/STM32F4xx_HAL_Driver/Src/stm32f4xx_hal_spi.o
 .debug_macro   0x00027039      0x20c ./Drivers/STM32F4xx_HAL_Driver/Src/stm32f4xx_hal_tim.o
 .debug_macro   0x00027245      0x20b ./Drivers/STM32F4xx_HAL_Driver/Src/stm32f4xx_hal_tim_ex.o

.debug_line     0x00000000    0x1ab83
 .debug_line    0x00000000      0xacc ./Core/Src/ApplicationCode.o
 .debug_line    0x00000acc      0xdb2 ./Core/Src/GamePiece.o
 .debug_line    0x0000187e      0xadd ./Core/Src/Game_Screen.o
 .debug_line    0x0000235b      0xbd3 ./Core/Src/LCD_Driver.o
 .debug_line    0x00002f2e      0x7e5 ./Core/Src/RNG_Driver.o
 .debug_line    0x00003713      0x811 ./Core/Src/Timer_Driver.o
 .debug_line    0x00003f24      0x40a ./Core/Src/fonts.o
 .debug_line    0x0000432e      0xa02 ./Core/Src/ili9341.o
 .debug_line    0x00004d30      0xcc5 ./Core/Src/main.o
 .debug_line    0x000059f5      0x9d0 ./Core/Src/stm32f4xx_hal_msp.o
 .debug_line    0x000063c5      0x893 ./Core/Src/stm32f4xx_it.o
 .debug_line    0x00006c58      0xbd5 ./Core/Src/stmpe811.o
 .debug_line    0x0000782d      0x8a8 ./Core/Src/syscalls.o
 .debug_line    0x000080d5      0x845 ./Core/Src/system_stm32f4xx.o
 .debug_line    0x0000891a       0x7a ./Core/Startup/startup_stm32f429zitx.o
 .debug_line    0x00008994      0xae4 ./Drivers/STM32F4xx_HAL_Driver/Src/stm32f4xx_hal.o
 .debug_line    0x00009478      0xda0 ./Drivers/STM32F4xx_HAL_Driver/Src/stm32f4xx_hal_cortex.o
 .debug_line    0x0000a218      0xaba ./Drivers/STM32F4xx_HAL_Driver/Src/stm32f4xx_hal_exti.o
 .debug_line    0x0000acd2      0xc62 ./Drivers/STM32F4xx_HAL_Driver/Src/stm32f4xx_hal_gpio.o
 .debug_line    0x0000b934     0x3bf4 ./Drivers/STM32F4xx_HAL_Driver/Src/stm32f4xx_hal_i2c.o
 .debug_line    0x0000f528      0x83b ./Drivers/STM32F4xx_HAL_Driver/Src/stm32f4xx_hal_i2c_ex.o
 .debug_line    0x0000fd63     0x1865 ./Drivers/STM32F4xx_HAL_Driver/Src/stm32f4xx_hal_ltdc.o
 .debug_line    0x000115c8      0xe39 ./Drivers/STM32F4xx_HAL_Driver/Src/stm32f4xx_hal_rcc.o
 .debug_line    0x00012401      0xc83 ./Drivers/STM32F4xx_HAL_Driver/Src/stm32f4xx_hal_rcc_ex.o
 .debug_line    0x00013084      0xa3d ./Drivers/STM32F4xx_HAL_Driver/Src/stm32f4xx_hal_rng.o
 .debug_line    0x00013ac1     0x1dcc ./Drivers/STM32F4xx_HAL_Driver/Src/stm32f4xx_hal_spi.o
 .debug_line    0x0001588d     0x3852 ./Drivers/STM32F4xx_HAL_Driver/Src/stm32f4xx_hal_tim.o
 .debug_line    0x000190df     0x1aa4 ./Drivers/STM32F4xx_HAL_Driver/Src/stm32f4xx_hal_tim_ex.o

.debug_str      0x00000000    0xe2e42
 .debug_str     0x00000000    0xdaac0 ./Core/Src/ApplicationCode.o
                              0xdadc3 (size before relaxing)
 .debug_str     0x000daac0      0x128 ./Core/Src/GamePiece.o
                              0xd70a7 (size before relaxing)
 .debug_str     0x000dabe8       0xd1 ./Core/Src/Game_Screen.o
                              0xd702b (size before relaxing)
 .debug_str     0x000dacb9      0x70c ./Core/Src/LCD_Driver.o
                              0xd7679 (size before relaxing)
 .debug_str     0x000db3c5       0xf3 ./Core/Src/RNG_Driver.o
                              0xd598f (size before relaxing)
 .debug_str     0x000db4b8       0xb8 ./Core/Src/Timer_Driver.o
                              0xd591d (size before relaxing)
 .debug_str     0x000db570       0x36 ./Core/Src/fonts.o
                               0x3dc1 (size before relaxing)
 .debug_str     0x000db5a6      0x537 ./Core/Src/ili9341.o
                              0xd6c0c (size before relaxing)
 .debug_str     0x000dbadd     0x167c ./Core/Src/main.o
                              0xdcad7 (size before relaxing)
 .debug_str     0x000dd159      0x11e ./Core/Src/stm32f4xx_hal_msp.o
                              0xd77e0 (size before relaxing)
 .debug_str     0x000dd277       0xc9 ./Core/Src/stm32f4xx_it.o
                              0xd67fc (size before relaxing)
 .debug_str     0x000dd340      0x171 ./Core/Src/stmpe811.o
                              0xd68a6 (size before relaxing)
 .debug_str     0x000dd4b1     0x20a2 ./Core/Src/syscalls.o
                               0x98f8 (size before relaxing)
 .debug_str     0x000df553       0xdb ./Core/Src/system_stm32f4xx.o
                              0xd59fe (size before relaxing)
 .debug_str     0x000df62e       0x44 ./Core/Startup/startup_stm32f429zitx.o
                                 0xc3 (size before relaxing)
 .debug_str     0x000df672      0x5b1 ./Drivers/STM32F4xx_HAL_Driver/Src/stm32f4xx_hal.o
                              0xd6621 (size before relaxing)
 .debug_str     0x000dfc23      0x36b ./Drivers/STM32F4xx_HAL_Driver/Src/stm32f4xx_hal_cortex.o
                              0xd634f (size before relaxing)
 .debug_str     0x000dff8e      0x1bc ./Drivers/STM32F4xx_HAL_Driver/Src/stm32f4xx_hal_exti.o
                              0xd5a57 (size before relaxing)
 .debug_str     0x000e014a       0xe1 ./Drivers/STM32F4xx_HAL_Driver/Src/stm32f4xx_hal_gpio.o
                              0xd5b79 (size before relaxing)
 .debug_str     0x000e022b      0xb1e ./Drivers/STM32F4xx_HAL_Driver/Src/stm32f4xx_hal_i2c.o
                              0xd6a0e (size before relaxing)
 .debug_str     0x000e0d49       0x3b ./Drivers/STM32F4xx_HAL_Driver/Src/stm32f4xx_hal_i2c_ex.o
                              0xd5dcd (size before relaxing)
 .debug_str     0x000e0d84      0x491 ./Drivers/STM32F4xx_HAL_Driver/Src/stm32f4xx_hal_ltdc.o
                              0xd6062 (size before relaxing)
 .debug_str     0x000e1215      0x213 ./Drivers/STM32F4xx_HAL_Driver/Src/stm32f4xx_hal_rcc.o
                              0xd5e32 (size before relaxing)
 .debug_str     0x000e1428      0x133 ./Drivers/STM32F4xx_HAL_Driver/Src/stm32f4xx_hal_rcc_ex.o
                              0xd5bf9 (size before relaxing)
 .debug_str     0x000e155b      0x152 ./Drivers/STM32F4xx_HAL_Driver/Src/stm32f4xx_hal_rng.o
                              0xd5aeb (size before relaxing)
 .debug_str     0x000e16ad      0x518 ./Drivers/STM32F4xx_HAL_Driver/Src/stm32f4xx_hal_spi.o
                              0xd62a9 (size before relaxing)
 .debug_str     0x000e1bc5      0xdea ./Drivers/STM32F4xx_HAL_Driver/Src/stm32f4xx_hal_tim.o
                              0xd6d75 (size before relaxing)
 .debug_str     0x000e29af      0x493 ./Drivers/STM32F4xx_HAL_Driver/Src/stm32f4xx_hal_tim_ex.o
                              0xd6581 (size before relaxing)

.comment        0x00000000       0x43
 .comment       0x00000000       0x43 ./Core/Src/ApplicationCode.o
                                 0x44 (size before relaxing)
 .comment       0x00000043       0x44 ./Core/Src/GamePiece.o
 .comment       0x00000043       0x44 ./Core/Src/Game_Screen.o
 .comment       0x00000043       0x44 ./Core/Src/LCD_Driver.o
 .comment       0x00000043       0x44 ./Core/Src/RNG_Driver.o
 .comment       0x00000043       0x44 ./Core/Src/Timer_Driver.o
 .comment       0x00000043       0x44 ./Core/Src/fonts.o
 .comment       0x00000043       0x44 ./Core/Src/ili9341.o
 .comment       0x00000043       0x44 ./Core/Src/main.o
 .comment       0x00000043       0x44 ./Core/Src/stm32f4xx_hal_msp.o
 .comment       0x00000043       0x44 ./Core/Src/stm32f4xx_it.o
 .comment       0x00000043       0x44 ./Core/Src/stmpe811.o
 .comment       0x00000043       0x44 ./Core/Src/syscalls.o
 .comment       0x00000043       0x44 ./Core/Src/system_stm32f4xx.o
 .comment       0x00000043       0x44 ./Drivers/STM32F4xx_HAL_Driver/Src/stm32f4xx_hal.o
 .comment       0x00000043       0x44 ./Drivers/STM32F4xx_HAL_Driver/Src/stm32f4xx_hal_cortex.o
 .comment       0x00000043       0x44 ./Drivers/STM32F4xx_HAL_Driver/Src/stm32f4xx_hal_exti.o
 .comment       0x00000043       0x44 ./Drivers/STM32F4xx_HAL_Driver/Src/stm32f4xx_hal_gpio.o
 .comment       0x00000043       0x44 ./Drivers/STM32F4xx_HAL_Driver/Src/stm32f4xx_hal_i2c.o
 .comment       0x00000043       0x44 ./Drivers/STM32F4xx_HAL_Driver/Src/stm32f4xx_hal_i2c_ex.o
 .comment       0x00000043       0x44 ./Drivers/STM32F4xx_HAL_Driver/Src/stm32f4xx_hal_ltdc.o
 .comment       0x00000043       0x44 ./Drivers/STM32F4xx_HAL_Driver/Src/stm32f4xx_hal_rcc.o
 .comment       0x00000043       0x44 ./Drivers/STM32F4xx_HAL_Driver/Src/stm32f4xx_hal_rcc_ex.o
 .comment       0x00000043       0x44 ./Drivers/STM32F4xx_HAL_Driver/Src/stm32f4xx_hal_rng.o
 .comment       0x00000043       0x44 ./Drivers/STM32F4xx_HAL_Driver/Src/stm32f4xx_hal_spi.o
 .comment       0x00000043       0x44 ./Drivers/STM32F4xx_HAL_Driver/Src/stm32f4xx_hal_tim.o
 .comment       0x00000043       0x44 ./Drivers/STM32F4xx_HAL_Driver/Src/stm32f4xx_hal_tim_ex.o

.debug_frame    0x00000000     0x56cc
 .debug_frame   0x00000000      0x118 ./Core/Src/ApplicationCode.o
 .debug_frame   0x00000118      0x1b8 ./Core/Src/GamePiece.o
 .debug_frame   0x000002d0       0xe4 ./Core/Src/Game_Screen.o
 .debug_frame   0x000003b4      0x2b0 ./Core/Src/LCD_Driver.o
 .debug_frame   0x00000664       0x50 ./Core/Src/RNG_Driver.o
 .debug_frame   0x000006b4       0x80 ./Core/Src/Timer_Driver.o
 .debug_frame   0x00000734      0x228 ./Core/Src/ili9341.o
 .debug_frame   0x0000095c      0x110 ./Core/Src/main.o
 .debug_frame   0x00000a6c      0x1b0 ./Core/Src/stm32f4xx_hal_msp.o
 .debug_frame   0x00000c1c      0x104 ./Core/Src/stm32f4xx_it.o
 .debug_frame   0x00000d20      0x204 ./Core/Src/stmpe811.o
 .debug_frame   0x00000f24      0x2ac ./Core/Src/syscalls.o
 .debug_frame   0x000011d0       0x58 ./Core/Src/system_stm32f4xx.o
 .debug_frame   0x00001228      0x3b4 ./Drivers/STM32F4xx_HAL_Driver/Src/stm32f4xx_hal.o
 .debug_frame   0x000015dc      0x508 ./Drivers/STM32F4xx_HAL_Driver/Src/stm32f4xx_hal_cortex.o
 .debug_frame   0x00001ae4      0x174 ./Drivers/STM32F4xx_HAL_Driver/Src/stm32f4xx_hal_exti.o
 .debug_frame   0x00001c58      0x14c ./Drivers/STM32F4xx_HAL_Driver/Src/stm32f4xx_hal_gpio.o
 .debug_frame   0x00001da4      0xc84 ./Drivers/STM32F4xx_HAL_Driver/Src/stm32f4xx_hal_i2c.o
 .debug_frame   0x00002a28       0x60 ./Drivers/STM32F4xx_HAL_Driver/Src/stm32f4xx_hal_i2c_ex.o
 .debug_frame   0x00002a88      0x61c ./Drivers/STM32F4xx_HAL_Driver/Src/stm32f4xx_hal_ltdc.o
 .debug_frame   0x000030a4      0x1f4 ./Drivers/STM32F4xx_HAL_Driver/Src/stm32f4xx_hal_rcc.o
 .debug_frame   0x00003298      0x13c ./Drivers/STM32F4xx_HAL_Driver/Src/stm32f4xx_hal_rcc_ex.o
 .debug_frame   0x000033d4      0x22c ./Drivers/STM32F4xx_HAL_Driver/Src/stm32f4xx_hal_rng.o
 .debug_frame   0x00003600      0x828 ./Drivers/STM32F4xx_HAL_Driver/Src/stm32f4xx_hal_spi.o
 .debug_frame   0x00003e28     0x11c0 ./Drivers/STM32F4xx_HAL_Driver/Src/stm32f4xx_hal_tim.o
 .debug_frame   0x00004fe8      0x638 ./Drivers/STM32F4xx_HAL_Driver/Src/stm32f4xx_hal_tim_ex.o
 .debug_frame   0x00005620       0x20 C:/ST/STM32CubeIDE_1.17.0/STM32CubeIDE/plugins/com.st.stm32cube.ide.mcu.externaltools.gnu-tools-for-stm32.12.3.rel1.win32_1.1.0.202410251130/tools/bin/../lib/gcc/arm-none-eabi/12.3.1/../../../../arm-none-eabi/lib/thumb/v7e-m+fp/hard\libc_nano.a(libc_a-memset.o)
 .debug_frame   0x00005640       0x2c C:/ST/STM32CubeIDE_1.17.0/STM32CubeIDE/plugins/com.st.stm32cube.ide.mcu.externaltools.gnu-tools-for-stm32.12.3.rel1.win32_1.1.0.202410251130/tools/bin/../lib/gcc/arm-none-eabi/12.3.1/../../../../arm-none-eabi/lib/thumb/v7e-m+fp/hard\libc_nano.a(libc_a-init.o)
 .debug_frame   0x0000566c       0x2c C:/ST/STM32CubeIDE_1.17.0/STM32CubeIDE/plugins/com.st.stm32cube.ide.mcu.externaltools.gnu-tools-for-stm32.12.3.rel1.win32_1.1.0.202410251130/tools/bin/../lib/gcc/arm-none-eabi/12.3.1/thumb/v7e-m+fp/hard\libgcc.a(_aeabi_uldivmod.o)
 .debug_frame   0x00005698       0x34 C:/ST/STM32CubeIDE_1.17.0/STM32CubeIDE/plugins/com.st.stm32cube.ide.mcu.externaltools.gnu-tools-for-stm32.12.3.rel1.win32_1.1.0.202410251130/tools/bin/../lib/gcc/arm-none-eabi/12.3.1/thumb/v7e-m+fp/hard\libgcc.a(_udivmoddi4.o)

.debug_line_str
                0x00000000       0xa7
 .debug_line_str
                0x00000000       0xa7 ./Core/Startup/startup_stm32f429zitx.o
