Archive member included to satisfy reference by file (symbol)

C:/ST/STM32CubeIDE_1.17.0/STM32CubeIDE/plugins/com.st.stm32cube.ide.mcu.externaltools.gnu-tools-for-stm32.12.3.rel1.win32_1.1.0.202410251130/tools/bin/../lib/gcc/arm-none-eabi/12.3.1/../../../../arm-none-eabi/lib/thumb/v7e-m+fp/hard\libc_nano.a(libc_a-exit.o)
                              C:/ST/STM32CubeIDE_1.17.0/STM32CubeIDE/plugins/com.st.stm32cube.ide.mcu.externaltools.gnu-tools-for-stm32.12.3.rel1.win32_1.1.0.202410251130/tools/bin/../lib/gcc/arm-none-eabi/12.3.1/../../../../arm-none-eabi/lib/thumb/v7e-m+fp/hard/crt0.o (exit)
C:/ST/STM32CubeIDE_1.17.0/STM32CubeIDE/plugins/com.st.stm32cube.ide.mcu.externaltools.gnu-tools-for-stm32.12.3.rel1.win32_1.1.0.202410251130/tools/bin/../lib/gcc/arm-none-eabi/12.3.1/../../../../arm-none-eabi/lib/thumb/v7e-m+fp/hard\libc_nano.a(libc_a-findfp.o)
                              C:/ST/STM32CubeIDE_1.17.0/STM32CubeIDE/plugins/com.st.stm32cube.ide.mcu.externaltools.gnu-tools-for-stm32.12.3.rel1.win32_1.1.0.202410251130/tools/bin/../lib/gcc/arm-none-eabi/12.3.1/../../../../arm-none-eabi/lib/thumb/v7e-m+fp/hard\libc_nano.a(libc_a-exit.o) (__stdio_exit_handler)
C:/ST/STM32CubeIDE_1.17.0/STM32CubeIDE/plugins/com.st.stm32cube.ide.mcu.externaltools.gnu-tools-for-stm32.12.3.rel1.win32_1.1.0.202410251130/tools/bin/../lib/gcc/arm-none-eabi/12.3.1/../../../../arm-none-eabi/lib/thumb/v7e-m+fp/hard\libc_nano.a(libc_a-fwalk.o)
                              C:/ST/STM32CubeIDE_1.17.0/STM32CubeIDE/plugins/com.st.stm32cube.ide.mcu.externaltools.gnu-tools-for-stm32.12.3.rel1.win32_1.1.0.202410251130/tools/bin/../lib/gcc/arm-none-eabi/12.3.1/../../../../arm-none-eabi/lib/thumb/v7e-m+fp/hard\libc_nano.a(libc_a-findfp.o) (_fwalk_sglue)
C:/ST/STM32CubeIDE_1.17.0/STM32CubeIDE/plugins/com.st.stm32cube.ide.mcu.externaltools.gnu-tools-for-stm32.12.3.rel1.win32_1.1.0.202410251130/tools/bin/../lib/gcc/arm-none-eabi/12.3.1/../../../../arm-none-eabi/lib/thumb/v7e-m+fp/hard\libc_nano.a(libc_a-printf.o)
                              ./Core/Src/ApplicationCode.o (printf)
C:/ST/STM32CubeIDE_1.17.0/STM32CubeIDE/plugins/com.st.stm32cube.ide.mcu.externaltools.gnu-tools-for-stm32.12.3.rel1.win32_1.1.0.202410251130/tools/bin/../lib/gcc/arm-none-eabi/12.3.1/../../../../arm-none-eabi/lib/thumb/v7e-m+fp/hard\libc_nano.a(libc_a-puts.o)
                              ./Core/Src/ApplicationCode.o (puts)
C:/ST/STM32CubeIDE_1.17.0/STM32CubeIDE/plugins/com.st.stm32cube.ide.mcu.externaltools.gnu-tools-for-stm32.12.3.rel1.win32_1.1.0.202410251130/tools/bin/../lib/gcc/arm-none-eabi/12.3.1/../../../../arm-none-eabi/lib/thumb/v7e-m+fp/hard\libc_nano.a(libc_a-stdio.o)
                              C:/ST/STM32CubeIDE_1.17.0/STM32CubeIDE/plugins/com.st.stm32cube.ide.mcu.externaltools.gnu-tools-for-stm32.12.3.rel1.win32_1.1.0.202410251130/tools/bin/../lib/gcc/arm-none-eabi/12.3.1/../../../../arm-none-eabi/lib/thumb/v7e-m+fp/hard\libc_nano.a(libc_a-findfp.o) (__sread)
C:/ST/STM32CubeIDE_1.17.0/STM32CubeIDE/plugins/com.st.stm32cube.ide.mcu.externaltools.gnu-tools-for-stm32.12.3.rel1.win32_1.1.0.202410251130/tools/bin/../lib/gcc/arm-none-eabi/12.3.1/../../../../arm-none-eabi/lib/thumb/v7e-m+fp/hard\libc_nano.a(libc_a-wbuf.o)
                              C:/ST/STM32CubeIDE_1.17.0/STM32CubeIDE/plugins/com.st.stm32cube.ide.mcu.externaltools.gnu-tools-for-stm32.12.3.rel1.win32_1.1.0.202410251130/tools/bin/../lib/gcc/arm-none-eabi/12.3.1/../../../../arm-none-eabi/lib/thumb/v7e-m+fp/hard\libc_nano.a(libc_a-puts.o) (__swbuf_r)
C:/ST/STM32CubeIDE_1.17.0/STM32CubeIDE/plugins/com.st.stm32cube.ide.mcu.externaltools.gnu-tools-for-stm32.12.3.rel1.win32_1.1.0.202410251130/tools/bin/../lib/gcc/arm-none-eabi/12.3.1/../../../../arm-none-eabi/lib/thumb/v7e-m+fp/hard\libc_nano.a(libc_a-wsetup.o)
                              C:/ST/STM32CubeIDE_1.17.0/STM32CubeIDE/plugins/com.st.stm32cube.ide.mcu.externaltools.gnu-tools-for-stm32.12.3.rel1.win32_1.1.0.202410251130/tools/bin/../lib/gcc/arm-none-eabi/12.3.1/../../../../arm-none-eabi/lib/thumb/v7e-m+fp/hard\libc_nano.a(libc_a-puts.o) (__swsetup_r)
C:/ST/STM32CubeIDE_1.17.0/STM32CubeIDE/plugins/com.st.stm32cube.ide.mcu.externaltools.gnu-tools-for-stm32.12.3.rel1.win32_1.1.0.202410251130/tools/bin/../lib/gcc/arm-none-eabi/12.3.1/../../../../arm-none-eabi/lib/thumb/v7e-m+fp/hard\libc_nano.a(libc_a-memset.o)
                              C:/ST/STM32CubeIDE_1.17.0/STM32CubeIDE/plugins/com.st.stm32cube.ide.mcu.externaltools.gnu-tools-for-stm32.12.3.rel1.win32_1.1.0.202410251130/tools/bin/../lib/gcc/arm-none-eabi/12.3.1/../../../../arm-none-eabi/lib/thumb/v7e-m+fp/hard/crt0.o (memset)
C:/ST/STM32CubeIDE_1.17.0/STM32CubeIDE/plugins/com.st.stm32cube.ide.mcu.externaltools.gnu-tools-for-stm32.12.3.rel1.win32_1.1.0.202410251130/tools/bin/../lib/gcc/arm-none-eabi/12.3.1/../../../../arm-none-eabi/lib/thumb/v7e-m+fp/hard\libc_nano.a(libc_a-closer.o)
[...]
Memory Configuration

Name             Origin             Length             Attributes
CCMRAM           0x10000000         0x00010000         xrw
RAM              0x20000000         0x00030000         xrw
FLASH            0x08000000         0x00200000         xr
*default*        0x00000000         0xffffffff

Linker script and memory map

LOAD C:/ST/STM32CubeIDE_1.17.0/STM32CubeIDE/plugins/com.st.stm32cube.ide.mcu.externaltools.gnu-tools-for-stm32.12.3.rel1.win32_1.1.0.202410251130/tools/bin/../lib/gcc/arm-none-eabi/12.3.1/thumb/v7e-m+fp/hard/crti.o
LOAD C:/ST/STM32CubeIDE_1.17.0/STM32CubeIDE/plugins/com.st.stm32cube.ide.mcu.externaltools.gnu-tools-for-stm32.12.3.rel1.win32_1.1.0.202410251130/tools/bin/../lib/gcc/arm-none-eabi/12.3.1/thumb/v7e-m+fp/hard/crtbegin.o
LOAD C:/ST/STM32CubeIDE_1.17.0/STM32CubeIDE/plugins/com.st.stm32cube.ide.mcu.externaltools.gnu-tools-for-stm32.12.3.rel1.win32_1.1.0.202410251130/tools/bin/../lib/gcc/arm-none-eabi/12.3.1/../../../../arm-none-eabi/lib/thumb/v7e-m+fp/hard/crt0.o
LOAD ./Core/Src/ApplicationCode.o
LOAD ./Core/Src/GamePiece.o
LOAD ./Core/Src/Game_Screen.o
LOAD ./Core/Src/LCD_Driver.o
LOAD ./Core/Src/RNG_Driver.o
LOAD ./Core/Src/Timer_Driver.o
LOAD ./Core/Src/fonts.o
LOAD ./Core/Src/ili9341.o
LOAD ./Core/Src/main.o
LOAD ./Core/Src/stm32f4xx_hal_msp.o
LOAD ./Core/Src/stm32f4xx_it.o
LOAD ./Core/Src/stmpe811.o
LOAD ./Core/Src/syscalls.o
LOAD ./Core/Src/sysmem.o
LOAD ./Core/Src/system_stm32f4xx.o
LOAD ./Core/Startup/startup_stm32f429zitx.o
LOAD ./Drivers/STM32F4xx_HAL_Driver/Src/stm32f4xx_hal.o
LOAD ./Drivers/STM32F4xx_HAL_Driver/Src/stm32f4xx_hal_cortex.o
LOAD ./Drivers/STM32F4xx_HAL_Driver/Src/stm32f4xx_hal_dma.o
LOAD ./Drivers/STM32F4xx_HAL_Driver/Src/stm32f4xx_hal_dma_ex.o
LOAD ./Drivers/STM32F4xx_HAL_Driver/Src/stm32f4xx_hal_dsi.o
LOAD ./Drivers/STM32F4xx_HAL_Driver/Src/stm32f4xx_hal_exti.o
LOAD ./Drivers/STM32F4xx_HAL_Driver/Src/stm32f4xx_hal_flash.o
LOAD ./Drivers/STM32F4xx_HAL_Driver/Src/stm32f4xx_hal_flash_ex.o
LOAD ./Drivers/STM32F4xx_HAL_Driver/Src/stm32f4xx_hal_flash_ramfunc.o
LOAD ./Drivers/STM32F4xx_HAL_Driver/Src/stm32f4xx_hal_gpio.o
LOAD ./Drivers/STM32F4xx_HAL_Driver/Src/stm32f4xx_hal_i2c.o
LOAD ./Drivers/STM32F4xx_HAL_Driver/Src/stm32f4xx_hal_i2c_ex.o
LOAD ./Drivers/STM32F4xx_HAL_Driver/Src/stm32f4xx_hal_ltdc.o
LOAD ./Drivers/STM32F4xx_HAL_Driver/Src/stm32f4xx_hal_ltdc_ex.o
LOAD ./Drivers/STM32F4xx_HAL_Driver/Src/stm32f4xx_hal_pwr.o
LOAD ./Drivers/STM32F4xx_HAL_Driver/Src/stm32f4xx_hal_pwr_ex.o
LOAD ./Drivers/STM32F4xx_HAL_Driver/Src/stm32f4xx_hal_rcc.o
LOAD ./Drivers/STM32F4xx_HAL_Driver/Src/stm32f4xx_hal_rcc_ex.o
LOAD ./Drivers/STM32F4xx_HAL_Driver/Src/stm32f4xx_hal_rng.o
LOAD ./Drivers/STM32F4xx_HAL_Driver/Src/stm32f4xx_hal_spi.o
LOAD ./Drivers/STM32F4xx_HAL_Driver/Src/stm32f4xx_hal_tim.o
LOAD ./Drivers/STM32F4xx_HAL_Driver/Src/stm32f4xx_hal_tim_ex.o
START GROUP
LOAD C:/ST/STM32CubeIDE_1.17.0/STM32CubeIDE/plugins/com.st.stm32cube.ide.mcu.externaltools.gnu-tools-for-stm32.12.3.rel1.win32_1.1.0.202410251130/tools/bin/../lib/gcc/arm-none-eabi/12.3.1/../../../../arm-none-eabi/lib/thumb/v7e-m+fp/hard\libc_nano.a
LOAD C:/ST/STM32CubeIDE_1.17.0/STM32CubeIDE/plugins/com.st.stm32cube.ide.mcu.externaltools.gnu-tools-for-stm32.12.3.rel1.win32_1.1.0.202410251130/tools/bin/../lib/gcc/arm-none-eabi/12.3.1/../../../../arm-none-eabi/lib/thumb/v7e-m+fp/hard\libm.a
END GROUP
START GROUP
LOAD C:/ST/STM32CubeIDE_1.17.0/STM32CubeIDE/plugins/com.st.stm32cube.ide.mcu.externaltools.gnu-tools-for-stm32.12.3.rel1.win32_1.1.0.202410251130/tools/bin/../lib/gcc/arm-none-eabi/12.3.1/thumb/v7e-m+fp/hard\libgcc.a
LOAD C:/ST/STM32CubeIDE_1.17.0/STM32CubeIDE/plugins/com.st.stm32cube.ide.mcu.externaltools.gnu-tools-for-stm32.12.3.rel1.win32_1.1.0.202410251130/tools/bin/../lib/gcc/arm-none-eabi/12.3.1/../../../../arm-none-eabi/lib/thumb/v7e-m+fp/hard\libc_nano.a
END GROUP
START GROUP
LOAD C:/ST/STM32CubeIDE_1.17.0/STM32CubeIDE/plugins/com.st.stm32cube.ide.mcu.externaltools.gnu-tools-for-stm32.12.3.rel1.win32_1.1.0.202410251130/tools/bin/../lib/gcc/arm-none-eabi/12.3.1/thumb/v7e-m+fp/hard\libgcc.a
LOAD C:/ST/STM32CubeIDE_1.17.0/STM32CubeIDE/plugins/com.st.stm32cube.ide.mcu.externaltools.gnu-tools-for-stm32.12.3.rel1.win32_1.1.0.202410251130/tools/bin/../lib/gcc/arm-none-eabi/12.3.1/../../../../arm-none-eabi/lib/thumb/v7e-m+fp/hard\libc_nano.a
LOAD C:/ST/STM32CubeIDE_1.17.0/STM32CubeIDE/plugins/com.st.stm32cube.ide.mcu.externaltools.gnu-tools-for-stm32.12.3.rel1.win32_1.1.0.202410251130/tools/bin/../lib/gcc/arm-none-eabi/12.3.1/../../../../arm-none-eabi/lib/thumb/v7e-m+fp/hard\libnosys.a
END GROUP
START GROUP
LOAD C:/ST/STM32CubeIDE_1.17.0/STM32CubeIDE/plugins/com.st.stm32cube.ide.mcu.externaltools.gnu-tools-for-stm32.12.3.rel1.win32_1.1.0.202410251130/tools/bin/../lib/gcc/arm-none-eabi/12.3.1/thumb/v7e-m+fp/hard\libgcc.a
LOAD C:/ST/STM32CubeIDE_1.17.0/STM32CubeIDE/plugins/com.st.stm32cube.ide.mcu.externaltools.gnu-tools-for-stm32.12.3.rel1.win32_1.1.0.202410251130/tools/bin/../lib/gcc/arm-none-eabi/12.3.1/../../../../arm-none-eabi/lib/thumb/v7e-m+fp/hard\libc_nano.a
LOAD C:/ST/STM32CubeIDE_1.17.0/STM32CubeIDE/plugins/com.st.stm32cube.ide.mcu.externaltools.gnu-tools-for-stm32.12.3.rel1.win32_1.1.0.202410251130/tools/bin/../lib/gcc/arm-none-eabi/12.3.1/../../../../arm-none-eabi/lib/thumb/v7e-m+fp/hard\libnosys.a
END GROUP
LOAD C:/ST/STM32CubeIDE_1.17.0/STM32CubeIDE/plugins/com.st.stm32cube.ide.mcu.externaltools.gnu-tools-for-stm32.12.3.rel1.win32_1.1.0.202410251130/tools/bin/../lib/gcc/arm-none-eabi/12.3.1/thumb/v7e-m+fp/hard/crtend.o
LOAD C:/ST/STM32CubeIDE_1.17.0/STM32CubeIDE/plugins/com.st.stm32cube.ide.mcu.externaltools.gnu-tools-for-stm32.12.3.rel1.win32_1.1.0.202410251130/tools/bin/../lib/gcc/arm-none-eabi/12.3.1/thumb/v7e-m+fp/hard/crtn.o
                0x20030000                        _estack = (ORIGIN (RAM) + LENGTH (RAM))
                0x00000200                        _Min_Heap_Size = 0x200
                0x00000400                        _Min_Stack_Size = 0x400

.isr_vector     0x08000000      0x1ac
                0x08000000                        . = ALIGN (0x4)
 *(.isr_vector)
 .isr_vector    0x08000000      0x1ac ./Core/Startup/startup_stm32f429zitx.o
                0x08000000                g_pfnVectors
                0x080001ac                        . = ALIGN (0x4)

.text           0x080001ac     0x6e5c
                0x080001ac                        . = ALIGN (0x4)
 *(.text)
 .text          0x080001ac       0x40 C:/ST/STM32CubeIDE_1.17.0/STM32CubeIDE/plugins/com.st.stm32cube.ide.mcu.externaltools.gnu-tools-for-stm32.12.3.rel1.win32_1.1.0.202410251130/tools/bin/../lib/gcc/arm-none-eabi/12.3.1/thumb/v7e-m+fp/hard/crtbegin.o
 .text          0x080001ec       0x30 C:/ST/STM32CubeIDE_1.17.0/STM32CubeIDE/plugins/com.st.stm32cube.ide.mcu.externaltools.gnu-tools-for-stm32.12.3.rel1.win32_1.1.0.202410251130/tools/bin/../lib/gcc/arm-none-eabi/12.3.1/thumb/v7e-m+fp/hard\libgcc.a(_aeabi_uldivmod.o)
                0x080001ec                __aeabi_uldivmod
 .text          0x0800021c      0x2bc C:/ST/STM32CubeIDE_1.17.0/STM32CubeIDE/plugins/com.st.stm32cube.ide.mcu.externaltools.gnu-tools-for-stm32.12.3.rel1.win32_1.1.0.202410251130/tools/bin/../lib/gcc/arm-none-eabi/12.3.1/thumb/v7e-m+fp/hard\libgcc.a(_udivmoddi4.o)
                0x0800021c                __udivmoddi4
 .text          0x080004d8        0x4 C:/ST/STM32CubeIDE_1.17.0/STM32CubeIDE/plugins/com.st.stm32cube.ide.mcu.externaltools.gnu-tools-for-stm32.12.3.rel1.win32_1.1.0.202410251130/tools/bin/../lib/gcc/arm-none-eabi/12.3.1/thumb/v7e-m+fp/hard\libgcc.a(_dvmd_tls.o)
                0x080004d8                __aeabi_idiv0
                0x080004d8                __aeabi_ldiv0
 *(.text*)
 .text.ApplicationInit
                0x080004dc       0x30 ./Core/Src/ApplicationCode.o
                0x080004dc                ApplicationInit
 .text.ApplicationInitGameplay
                0x0800050c       0x3c ./Core/Src/ApplicationCode.o
                0x0800050c                ApplicationInitGameplay
 .text.ApplicationPieceMovement
                0x08000548       0x48 ./Core/Src/ApplicationCode.o
                0x08000548                ApplicationPieceMovement
 .text.EXTI0_IRQHandler
                0x08000590       0x34 ./Core/Src/ApplicationCode.o
                0x08000590                EXTI0_IRQHandler
 .text.InitGamePiece
                0x080005c4       0x70 ./Core/Src/GamePiece.o
                0x080005c4                InitGamePiece
 .text.GamePieceLeft
                0x08000634       0x64 ./Core/Src/GamePiece.o
                0x08000634                GamePieceLeft
 .text.GamePieceRight
                0x08000698       0x64 ./Core/Src/GamePiece.o
                0x08000698                GamePieceRight
 .text.GamePieceMovement
                0x080006fc       0x6c ./Core/Src/GamePiece.o
                0x080006fc                GamePieceMovement
 .text.DrawGamePiece
                0x08000768       0x28 ./Core/Src/GamePiece.o
                0x08000768                DrawGamePiece
 .text.DropGamePiece
                0x08000790      0x110 ./Core/Src/GamePiece.o
                0x08000790                DropGamePiece
 .text.GetPieceData
                0x080008a0       0x48 ./Core/Src/GamePiece.o
                0x080008a0                GetPieceData
 .text.CheckWin
                0x080008e8      0x5c8 ./Core/Src/GamePiece.o
                0x080008e8                CheckWin
 .text.EndGame  0x08000eb0       0x5c ./Core/Src/GamePiece.o
                0x08000eb0                EndGame
 .text.GetEndgame
                0x08000f0c       0x18 ./Core/Src/GamePiece.o
                0x08000f0c                GetEndgame
 .text.setEndgame
                0x08000f24       0x20 ./Core/Src/GamePiece.o
                0x08000f24                setEndgame
 .text.initRNGPiece
                0x08000f44       0x80 ./Core/Src/GamePiece.o
                0x08000f44                initRNGPiece
 .text.ResetGame
                0x08000fc4       0x2c ./Core/Src/GamePiece.o
                0x08000fc4                ResetGame
 .text.CheckTie
                0x08000ff0       0x58 ./Core/Src/GamePiece.o
                0x08000ff0                CheckTie
 .text.NewGame  0x08001048       0x50 ./Core/Src/Game_Screen.o
                0x08001048                NewGame
 .text.Drawboard
                0x08001098       0xa4 ./Core/Src/Game_Screen.o
                0x08001098                Drawboard
 .text.GameBoardGrid
                0x0800113c       0xc8 ./Core/Src/Game_Screen.o
                0x0800113c                GameBoardGrid
 .text.ScreenStart
                0x08001204      0x188 ./Core/Src/Game_Screen.o
                0x08001204                ScreenStart
 .text.ScreenPlay
                0x0800138c       0xe8 ./Core/Src/Game_Screen.o
                0x0800138c                ScreenPlay
 .text.ScreenEnd
                0x08001474      0x240 ./Core/Src/Game_Screen.o
                0x08001474                ScreenEnd
 .text.LCD_GPIO_Init
                0x080016b4      0x190 ./Core/Src/LCD_Driver.o
                0x080016b4                LCD_GPIO_Init
 .text.LTCD_Layer_Init
                0x08001844       0x80 ./Core/Src/LCD_Driver.o
                0x08001844                LTCD_Layer_Init
 .text.LTCD__Init
                0x080018c4       0xbc ./Core/Src/LCD_Driver.o
                0x080018c4                LTCD__Init
 .text.LCD_Draw_Pixel
                0x08001980       0x3c ./Core/Src/LCD_Driver.o
                0x08001980                LCD_Draw_Pixel
 .text.LCD_Draw_Circle_Fill
                0x080019bc       0xa6 ./Core/Src/LCD_Driver.o
                0x080019bc                LCD_Draw_Circle_Fill
 .text.LCD_Draw_Vertical_Line
                0x08001a62       0x4e ./Core/Src/LCD_Driver.o
                0x08001a62                LCD_Draw_Vertical_Line
 .text.LCD_Clear
                0x08001ab0       0x44 ./Core/Src/LCD_Driver.o
                0x08001ab0                LCD_Clear
 .text.LCD_SetTextColor
                0x08001af4       0x20 ./Core/Src/LCD_Driver.o
                0x08001af4                LCD_SetTextColor
 .text.LCD_SetFont
                0x08001b14       0x20 ./Core/Src/LCD_Driver.o
                0x08001b14                LCD_SetFont
 .text.LCD_Draw_Char
                0x08001b34       0xdc ./Core/Src/LCD_Driver.o
                0x08001b34                LCD_Draw_Char
 .text.LCD_DisplayChar
                0x08001c10       0x44 ./Core/Src/LCD_Driver.o
                0x08001c10                LCD_DisplayChar
 .text.LCD_Error_Handler
                0x08001c54        0xc ./Core/Src/LCD_Driver.o
                0x08001c54                LCD_Error_Handler
 .text.InitializeLCDTouch
                0x08001c60       0x16 ./Core/Src/LCD_Driver.o
                0x08001c60                InitializeLCDTouch
 .text.returnTouchStateAndLocation
                0x08001c76       0x18 ./Core/Src/LCD_Driver.o
                0x08001c76                returnTouchStateAndLocation
 *fill*         0x08001c8e        0x2 
 .text.MX_RNG_Init
                0x08001c90       0x28 ./Core/Src/RNG_Driver.o
                0x08001c90                MX_RNG_Init
 .text.GenerateRNGNum
                0x08001cb8       0x3c ./Core/Src/RNG_Driver.o
                0x08001cb8                GenerateRNGNum
 .text.StartTimer
                0x08001cf4       0x18 ./Core/Src/Timer_Driver.o
                0x08001cf4                StartTimer
 .text.StopTimer
                0x08001d0c       0x18 ./Core/Src/Timer_Driver.o
                0x08001d0c                StopTimer
 .text.GetTimer
                0x08001d24       0x24 ./Core/Src/Timer_Driver.o
                0x08001d24                GetTimer
 .text.ili9341_Init
                0x08001d48      0x294 ./Core/Src/ili9341.o
                0x08001d48                ili9341_Init
 .text.ili9341_Write_Reg
                0x08001fdc       0x1a ./Core/Src/ili9341.o
                0x08001fdc                ili9341_Write_Reg
 .text.ili9341_Send_Data
                0x08001ff6       0x1a ./Core/Src/ili9341.o
                0x08001ff6                ili9341_Send_Data
 .text.SPI_Init
                0x08002010       0x74 ./Core/Src/ili9341.o
 .text.SPI_Write
                0x08002084       0x3c ./Core/Src/ili9341.o
 .text.SPI_Error
                0x080020c0       0x18 ./Core/Src/ili9341.o
 .text.SPI_MspInit
                0x080020d8       0x74 ./Core/Src/ili9341.o
 .text.LCD_IO_Init
                0x0800214c       0xf0 ./Core/Src/ili9341.o
                0x0800214c                LCD_IO_Init
 .text.LCD_IO_WriteData
                0x0800223c       0x44 ./Core/Src/ili9341.o
                0x0800223c                LCD_IO_WriteData
 .text.LCD_IO_WriteReg
                0x08002280       0x44 ./Core/Src/ili9341.o
                0x08002280                LCD_IO_WriteReg
 .text.LCD_Delay
                0x080022c4       0x16 ./Core/Src/ili9341.o
                0x080022c4                LCD_Delay
 .text.main     0x080022da       0x4a ./Core/Src/main.o
                0x080022da                main
 .text.SystemClock_Config
                0x08002324       0xd4 ./Core/Src/main.o
                0x08002324                SystemClock_Config
 .text.MX_I2C3_Init
                0x080023f8       0x80 ./Core/Src/main.o
 .text.MX_LTDC_Init
                0x08002478      0x164 ./Core/Src/main.o
 .text.MX_SPI5_Init
                0x080025dc       0x6c ./Core/Src/main.o
 .text.MX_TIM2_Init
                0x08002648       0x98 ./Core/Src/main.o
 .text.MX_GPIO_Init
                0x080026e0      0x364 ./Core/Src/main.o
 .text.Error_Handler
                0x08002a44        0xc ./Core/Src/main.o
                0x08002a44                Error_Handler
 .text.HAL_MspInit
                0x08002a50       0x50 ./Core/Src/stm32f4xx_hal_msp.o
                0x08002a50                HAL_MspInit
 .text.HAL_I2C_MspInit
                0x08002aa0       0xd4 ./Core/Src/stm32f4xx_hal_msp.o
                0x08002aa0                HAL_I2C_MspInit
 .text.HAL_LTDC_MspInit
                0x08002b74      0x250 ./Core/Src/stm32f4xx_hal_msp.o
                0x08002b74                HAL_LTDC_MspInit
 .text.HAL_RNG_MspInit
                0x08002dc4       0x44 ./Core/Src/stm32f4xx_hal_msp.o
                0x08002dc4                HAL_RNG_MspInit
 .text.HAL_SPI_MspInit
                0x08002e08       0x90 ./Core/Src/stm32f4xx_hal_msp.o
                0x08002e08                HAL_SPI_MspInit
 .text.HAL_SPI_MspDeInit
                0x08002e98       0x3c ./Core/Src/stm32f4xx_hal_msp.o
                0x08002e98                HAL_SPI_MspDeInit
 .text.HAL_TIM_Base_MspInit
                0x08002ed4       0x40 ./Core/Src/stm32f4xx_hal_msp.o
                0x08002ed4                HAL_TIM_Base_MspInit
 .text.NMI_Handler
                0x08002f14        0x8 ./Core/Src/stm32f4xx_it.o
                0x08002f14                NMI_Handler
 .text.HardFault_Handler
                0x08002f1c        0x8 ./Core/Src/stm32f4xx_it.o
                0x08002f1c                HardFault_Handler
 .text.MemManage_Handler
                0x08002f24        0x8 ./Core/Src/stm32f4xx_it.o
                0x08002f24                MemManage_Handler
 .text.BusFault_Handler
                0x08002f2c        0x8 ./Core/Src/stm32f4xx_it.o
                0x08002f2c                BusFault_Handler
 .text.UsageFault_Handler
                0x08002f34        0x8 ./Core/Src/stm32f4xx_it.o
                0x08002f34                UsageFault_Handler
 .text.SVC_Handler
                0x08002f3c        0xe ./Core/Src/stm32f4xx_it.o
                0x08002f3c                SVC_Handler
 .text.DebugMon_Handler
                0x08002f4a        0xe ./Core/Src/stm32f4xx_it.o
                0x08002f4a                DebugMon_Handler
 .text.PendSV_Handler
                0x08002f58        0xe ./Core/Src/stm32f4xx_it.o
                0x08002f58                PendSV_Handler
 .text.SysTick_Handler
                0x08002f66        0xc ./Core/Src/stm32f4xx_it.o
                0x08002f66                SysTick_Handler
 .text.STMPE811_Init
                0x08002f72      0x14e ./Core/Src/stmpe811.o
                0x08002f72                STMPE811_Init
 .text.STMPE811_Read
                0x080030c0       0x22 ./Core/Src/stmpe811.o
                0x080030c0                STMPE811_Read
 .text.STMPE811_ReadTouch
                0x080030e2      0x198 ./Core/Src/stmpe811.o
                0x080030e2                STMPE811_ReadTouch
 *fill*         0x0800327a        0x2 
 .text.verifyHAL_I2C_IS_OKAY
                0x0800327c       0x20 ./Core/Src/stmpe811.o
                0x0800327c                verifyHAL_I2C_IS_OKAY
 .text.I2C3_Init
                0x0800329c       0x7c ./Core/Src/stmpe811.o
 .text.I2C3_MspInit
                0x08003318       0xa8 ./Core/Src/stmpe811.o
 .text.I2C3_Write
                0x080033c0       0x54 ./Core/Src/stmpe811.o
                0x080033c0                I2C3_Write
 .text.I2C3_Read
                0x08003414       0x4c ./Core/Src/stmpe811.o
                0x08003414                I2C3_Read
 .text.I2C3_MulitByteRead
                0x08003460       0x44 ./Core/Src/stmpe811.o
                0x08003460                I2C3_MulitByteRead
 .text.TM_STMPE811_ReadX
                0x080034a4       0xbc ./Core/Src/stmpe811.o
                0x080034a4                TM_STMPE811_ReadX
 .text.TM_STMPE811_ReadY
                0x08003560       0xa4 ./Core/Src/stmpe811.o
                0x08003560                TM_STMPE811_ReadY
 .text.initialise_monitor_handles
                0x08003604        0xe ./Core/Src/syscalls.o
                0x08003604                initialise_monitor_handles
 *fill*         0x08003612        0x2 
 .text.SystemInit
                0x08003614       0x24 ./Core/Src/system_stm32f4xx.o
                0x08003614                SystemInit
 .text.Reset_Handler
                0x08003638       0x50 ./Core/Startup/startup_stm32f429zitx.o
                0x08003638                Reset_Handler
 .text.Default_Handler
                0x08003688        0x2 ./Core/Startup/startup_stm32f429zitx.o
                0x08003688                RTC_Alarm_IRQHandler
                0x08003688                HASH_RNG_IRQHandler
                0x08003688                EXTI2_IRQHandler
                0x08003688                TIM8_CC_IRQHandler
                0x08003688                UART8_IRQHandler
                0x08003688                SPI4_IRQHandler
                0x08003688                TIM1_CC_IRQHandler
                0x08003688                DMA2_Stream5_IRQHandler
                0x08003688                DMA1_Stream5_IRQHandler
                0x08003688                PVD_IRQHandler
                0x08003688                SDIO_IRQHandler
                0x08003688                TAMP_STAMP_IRQHandler
                0x08003688                CAN2_RX1_IRQHandler
                0x08003688                EXTI3_IRQHandler
                0x08003688                TIM8_TRG_COM_TIM14_IRQHandler
                0x08003688                TIM1_UP_TIM10_IRQHandler
                0x08003688                TIM8_UP_TIM13_IRQHandler
                0x08003688                I2C3_ER_IRQHandler
                0x08003688                I2C2_EV_IRQHandler
                0x08003688                DMA1_Stream2_IRQHandler
                0x08003688                CAN1_RX0_IRQHandler
                0x08003688                FPU_IRQHandler
                0x08003688                OTG_HS_WKUP_IRQHandler
                0x08003688                LTDC_ER_IRQHandler
                0x08003688                CAN2_SCE_IRQHandler
                0x08003688                DMA2_Stream2_IRQHandler
                0x08003688                SPI1_IRQHandler
                0x08003688                TIM6_DAC_IRQHandler
                0x08003688                TIM1_BRK_TIM9_IRQHandler
                0x08003688                DCMI_IRQHandler
                0x08003688                CAN2_RX0_IRQHandler
                0x08003688                DMA2_Stream3_IRQHandler
                0x08003688                USART6_IRQHandler
                0x08003688                USART3_IRQHandler
                0x08003688                CAN1_RX1_IRQHandler
                0x08003688                UART5_IRQHandler
                0x08003688                DMA2_Stream0_IRQHandler
                0x08003688                TIM4_IRQHandler
                0x08003688                I2C1_EV_IRQHandler
                0x08003688                DMA1_Stream6_IRQHandler
                0x08003688                DMA1_Stream1_IRQHandler
                0x08003688                UART4_IRQHandler
                0x08003688                TIM3_IRQHandler
                0x08003688                RCC_IRQHandler
                0x08003688                TIM8_BRK_TIM12_IRQHandler
                0x08003688                Default_Handler
                0x08003688                EXTI15_10_IRQHandler
                0x08003688                ADC_IRQHandler
                0x08003688                DMA1_Stream7_IRQHandler
                0x08003688                SPI5_IRQHandler
                0x08003688                TIM7_IRQHandler
                0x08003688                CAN2_TX_IRQHandler
                0x08003688                TIM5_IRQHandler
                0x08003688                DMA2_Stream7_IRQHandler
                0x08003688                I2C3_EV_IRQHandler
                0x08003688                EXTI9_5_IRQHandler
                0x08003688                RTC_WKUP_IRQHandler
                0x08003688                LTDC_IRQHandler
                0x08003688                ETH_WKUP_IRQHandler
                0x08003688                SPI2_IRQHandler
                0x08003688                OTG_HS_EP1_IN_IRQHandler
                0x08003688                DMA1_Stream0_IRQHandler
                0x08003688                CAN1_TX_IRQHandler
                0x08003688                EXTI4_IRQHandler
                0x08003688                ETH_IRQHandler
                0x08003688                OTG_HS_EP1_OUT_IRQHandler
                0x08003688                WWDG_IRQHandler
                0x08003688                SPI6_IRQHandler
                0x08003688                TIM2_IRQHandler
                0x08003688                OTG_FS_WKUP_IRQHandler
                0x08003688                TIM1_TRG_COM_TIM11_IRQHandler
                0x08003688                OTG_HS_IRQHandler
                0x08003688                DMA2D_IRQHandler
                0x08003688                EXTI1_IRQHandler
                0x08003688                UART7_IRQHandler
                0x08003688                USART2_IRQHandler
                0x08003688                I2C2_ER_IRQHandler
                0x08003688                DMA2_Stream1_IRQHandler
                0x08003688                CAN1_SCE_IRQHandler
                0x08003688                FLASH_IRQHandler
                0x08003688                DMA2_Stream4_IRQHandler
                0x08003688                USART1_IRQHandler
                0x08003688                OTG_FS_IRQHandler
                0x08003688                SPI3_IRQHandler
                0x08003688                DMA1_Stream4_IRQHandler
                0x08003688                I2C1_ER_IRQHandler
                0x08003688                FMC_IRQHandler
                0x08003688                DMA2_Stream6_IRQHandler
                0x08003688                SAI1_IRQHandler
                0x08003688                DMA1_Stream3_IRQHandler
 *fill*         0x0800368a        0x2 
 .text.HAL_Init
                0x0800368c       0x44 ./Drivers/STM32F4xx_HAL_Driver/Src/stm32f4xx_hal.o
                0x0800368c                HAL_Init
 .text.HAL_InitTick
                0x080036d0       0x60 ./Drivers/STM32F4xx_HAL_Driver/Src/stm32f4xx_hal.o
                0x080036d0                HAL_InitTick
 .text.HAL_IncTick
                0x08003730       0x28 ./Drivers/STM32F4xx_HAL_Driver/Src/stm32f4xx_hal.o
                0x08003730                HAL_IncTick
 .text.HAL_GetTick
                0x08003758       0x18 ./Drivers/STM32F4xx_HAL_Driver/Src/stm32f4xx_hal.o
                0x08003758                HAL_GetTick
 .text.HAL_Delay
                0x08003770       0x48 ./Drivers/STM32F4xx_HAL_Driver/Src/stm32f4xx_hal.o
                0x08003770                HAL_Delay
 .text.__NVIC_SetPriorityGrouping
                0x080037b8       0x48 ./Drivers/STM32F4xx_HAL_Driver/Src/stm32f4xx_hal_cortex.o
 .text.__NVIC_GetPriorityGrouping
                0x08003800       0x1c ./Drivers/STM32F4xx_HAL_Driver/Src/stm32f4xx_hal_cortex.o
 .text.__NVIC_EnableIRQ
                0x0800381c       0x3c ./Drivers/STM32F4xx_HAL_Driver/Src/stm32f4xx_hal_cortex.o
 .text.__NVIC_DisableIRQ
                0x08003858       0x48 ./Drivers/STM32F4xx_HAL_Driver/Src/stm32f4xx_hal_cortex.o
 .text.__NVIC_SetPriority
                0x080038a0       0x54 ./Drivers/STM32F4xx_HAL_Driver/Src/stm32f4xx_hal_cortex.o
 .text.NVIC_EncodePriority
                0x080038f4       0x66 ./Drivers/STM32F4xx_HAL_Driver/Src/stm32f4xx_hal_cortex.o
 *fill*         0x0800395a        0x2 
 .text.SysTick_Config
                0x0800395c       0x44 ./Drivers/STM32F4xx_HAL_Driver/Src/stm32f4xx_hal_cortex.o
 .text.HAL_NVIC_SetPriorityGrouping
                0x080039a0       0x16 ./Drivers/STM32F4xx_HAL_Driver/Src/stm32f4xx_hal_cortex.o
                0x080039a0                HAL_NVIC_SetPriorityGrouping
 .text.HAL_NVIC_SetPriority
                0x080039b6       0x38 ./Drivers/STM32F4xx_HAL_Driver/Src/stm32f4xx_hal_cortex.o
                0x080039b6                HAL_NVIC_SetPriority
 .text.HAL_NVIC_EnableIRQ
                0x080039ee       0x1c ./Drivers/STM32F4xx_HAL_Driver/Src/stm32f4xx_hal_cortex.o
                0x080039ee                HAL_NVIC_EnableIRQ
 .text.HAL_NVIC_DisableIRQ
                0x08003a0a       0x1c ./Drivers/STM32F4xx_HAL_Driver/Src/stm32f4xx_hal_cortex.o
                0x08003a0a                HAL_NVIC_DisableIRQ
 .text.HAL_SYSTICK_Config
                0x08003a26       0x18 ./Drivers/STM32F4xx_HAL_Driver/Src/stm32f4xx_hal_cortex.o
                0x08003a26                HAL_SYSTICK_Config
 *fill*         0x08003a3e        0x2 
 .text.HAL_EXTI_ClearPending
                0x08003a40       0x30 ./Drivers/STM32F4xx_HAL_Driver/Src/stm32f4xx_hal_exti.o
                0x08003a40                HAL_EXTI_ClearPending
 .text.HAL_GPIO_Init
                0x08003a70      0x358 ./Drivers/STM32F4xx_HAL_Driver/Src/stm32f4xx_hal_gpio.o
                0x08003a70                HAL_GPIO_Init
 .text.HAL_GPIO_DeInit
                0x08003dc8      0x218 ./Drivers/STM32F4xx_HAL_Driver/Src/stm32f4xx_hal_gpio.o
                0x08003dc8                HAL_GPIO_DeInit
 .text.HAL_GPIO_WritePin
                0x08003fe0       0x32 ./Drivers/STM32F4xx_HAL_Driver/Src/stm32f4xx_hal_gpio.o
                0x08003fe0                HAL_GPIO_WritePin
 *fill*         0x08004012        0x2 
 .text.HAL_I2C_Init
                0x08004014      0x288 ./Drivers/STM32F4xx_HAL_Driver/Src/stm32f4xx_hal_i2c.o
                0x08004014                HAL_I2C_Init
 .text.HAL_I2C_Mem_Write
                0x0800429c      0x1f4 ./Drivers/STM32F4xx_HAL_Driver/Src/stm32f4xx_hal_i2c.o
                0x0800429c                HAL_I2C_Mem_Write
 .text.HAL_I2C_Mem_Read
                0x08004490      0x464 ./Drivers/STM32F4xx_HAL_Driver/Src/stm32f4xx_hal_i2c.o
                0x08004490                HAL_I2C_Mem_Read
 .text.I2C_RequestMemoryWrite
                0x080048f4      0x12c ./Drivers/STM32F4xx_HAL_Driver/Src/stm32f4xx_hal_i2c.o
 .text.I2C_RequestMemoryRead
                0x08004a20      0x1d0 ./Drivers/STM32F4xx_HAL_Driver/Src/stm32f4xx_hal_i2c.o
 .text.I2C_WaitOnFlagUntilTimeout
                0x08004bf0       0xf4 ./Drivers/STM32F4xx_HAL_Driver/Src/stm32f4xx_hal_i2c.o
 .text.I2C_WaitOnMasterAddressFlagUntilTimeout
                0x08004ce4      0x140 ./Drivers/STM32F4xx_HAL_Driver/Src/stm32f4xx_hal_i2c.o
 .text.I2C_WaitOnTXEFlagUntilTimeout
                0x08004e24       0x90 ./Drivers/STM32F4xx_HAL_Driver/Src/stm32f4xx_hal_i2c.o
 .text.I2C_WaitOnBTFFlagUntilTimeout
                0x08004eb4       0x90 ./Drivers/STM32F4xx_HAL_Driver/Src/stm32f4xx_hal_i2c.o
 .text.I2C_WaitOnRXNEFlagUntilTimeout
                0x08004f44       0xba ./Drivers/STM32F4xx_HAL_Driver/Src/stm32f4xx_hal_i2c.o
 .text.I2C_IsAcknowledgeFailed
                0x08004ffe       0x5e ./Drivers/STM32F4xx_HAL_Driver/Src/stm32f4xx_hal_i2c.o
 .text.HAL_I2CEx_ConfigAnalogFilter
                0x0800505c       0x78 ./Drivers/STM32F4xx_HAL_Driver/Src/stm32f4xx_hal_i2c_ex.o
                0x0800505c                HAL_I2CEx_ConfigAnalogFilter
 .text.HAL_I2CEx_ConfigDigitalFilter
                0x080050d4       0x7e ./Drivers/STM32F4xx_HAL_Driver/Src/stm32f4xx_hal_i2c_ex.o
                0x080050d4                HAL_I2CEx_ConfigDigitalFilter
 *fill*         0x08005152        0x2 
 .text.HAL_LTDC_Init
                0x08005154      0x1a0 ./Drivers/STM32F4xx_HAL_Driver/Src/stm32f4xx_hal_ltdc.o
                0x08005154                HAL_LTDC_Init
 .text.HAL_LTDC_ConfigLayer
                0x080052f4       0x7c ./Drivers/STM32F4xx_HAL_Driver/Src/stm32f4xx_hal_ltdc.o
                0x080052f4                HAL_LTDC_ConfigLayer
 .text.LTDC_SetConfig
                0x08005370      0x32e ./Drivers/STM32F4xx_HAL_Driver/Src/stm32f4xx_hal_ltdc.o
 *fill*         0x0800569e        0x2 
 .text.HAL_RCC_OscConfig
                0x080056a0      0x4f0 ./Drivers/STM32F4xx_HAL_Driver/Src/stm32f4xx_hal_rcc.o
                0x080056a0                HAL_RCC_OscConfig
 .text.HAL_RCC_ClockConfig
                0x08005b90      0x1cc ./Drivers/STM32F4xx_HAL_Driver/Src/stm32f4xx_hal_rcc.o
                0x08005b90                HAL_RCC_ClockConfig
 .text.HAL_RCC_GetSysClockFreq
                0x08005d5c      0x20c ./Drivers/STM32F4xx_HAL_Driver/Src/stm32f4xx_hal_rcc.o
                0x08005d5c                HAL_RCC_GetSysClockFreq
 .text.HAL_RCC_GetHCLKFreq
                0x08005f68       0x18 ./Drivers/STM32F4xx_HAL_Driver/Src/stm32f4xx_hal_rcc.o
                0x08005f68                HAL_RCC_GetHCLKFreq
 .text.HAL_RCC_GetPCLK1Freq
                0x08005f80       0x28 ./Drivers/STM32F4xx_HAL_Driver/Src/stm32f4xx_hal_rcc.o
                0x08005f80                HAL_RCC_GetPCLK1Freq
 .text.HAL_RCCEx_PeriphCLKConfig
                0x08005fa8      0x380 ./Drivers/STM32F4xx_HAL_Driver/Src/stm32f4xx_hal_rcc_ex.o
                0x08005fa8                HAL_RCCEx_PeriphCLKConfig
 .text.HAL_RNG_Init
                0x08006328       0x54 ./Drivers/STM32F4xx_HAL_Driver/Src/stm32f4xx_hal_rng.o
                0x08006328                HAL_RNG_Init
 .text.HAL_RNG_GenerateRandomNumber
                0x0800637c       0xac ./Drivers/STM32F4xx_HAL_Driver/Src/stm32f4xx_hal_rng.o
                0x0800637c                HAL_RNG_GenerateRandomNumber
 .text.HAL_SPI_Init
                0x08006428      0x112 ./Drivers/STM32F4xx_HAL_Driver/Src/stm32f4xx_hal_spi.o
                0x08006428                HAL_SPI_Init
 .text.HAL_SPI_DeInit
                0x0800653a       0x50 ./Drivers/STM32F4xx_HAL_Driver/Src/stm32f4xx_hal_spi.o
                0x0800653a                HAL_SPI_DeInit
 .text.HAL_SPI_Transmit
                0x0800658a      0x288 ./Drivers/STM32F4xx_HAL_Driver/Src/stm32f4xx_hal_spi.o
                0x0800658a                HAL_SPI_Transmit
 .text.HAL_SPI_GetState
                0x08006812       0x1c ./Drivers/STM32F4xx_HAL_Driver/Src/stm32f4xx_hal_spi.o
                0x08006812                HAL_SPI_GetState
 *fill*         0x0800682e        0x2 
 .text.SPI_WaitFlagStateUntilTimeout
                0x08006830      0x110 ./Drivers/STM32F4xx_HAL_Driver/Src/stm32f4xx_hal_spi.o
 .text.SPI_EndRxTxTransaction
                0x08006940       0xa8 ./Drivers/STM32F4xx_HAL_Driver/Src/stm32f4xx_hal_spi.o
 .text.HAL_TIM_Base_Init
                0x080069e8       0x9e ./Drivers/STM32F4xx_HAL_Driver/Src/stm32f4xx_hal_tim.o
                0x080069e8                HAL_TIM_Base_Init
 .text.HAL_TIM_ConfigClockSource
                0x08006a86      0x18e ./Drivers/STM32F4xx_HAL_Driver/Src/stm32f4xx_hal_tim.o
                0x08006a86                HAL_TIM_ConfigClockSource
 .text.TIM_Base_SetConfig
                0x08006c14      0x158 ./Drivers/STM32F4xx_HAL_Driver/Src/stm32f4xx_hal_tim.o
                0x08006c14                TIM_Base_SetConfig
 .text.TIM_TI1_ConfigInputStage
                0x08006d6c       0x5e ./Drivers/STM32F4xx_HAL_Driver/Src/stm32f4xx_hal_tim.o
 .text.TIM_TI2_ConfigInputStage
                0x08006dca       0x60 ./Drivers/STM32F4xx_HAL_Driver/Src/stm32f4xx_hal_tim.o
 .text.TIM_ITRx_SetConfig
                0x08006e2a       0x36 ./Drivers/STM32F4xx_HAL_Driver/Src/stm32f4xx_hal_tim.o
 .text.TIM_ETR_SetConfig
                0x08006e60       0x40 ./Drivers/STM32F4xx_HAL_Driver/Src/stm32f4xx_hal_tim.o
                0x08006e60                TIM_ETR_SetConfig
 .text.HAL_TIMEx_MasterConfigSynchronization
                0x08006ea0       0xf8 ./Drivers/STM32F4xx_HAL_Driver/Src/stm32f4xx_hal_tim_ex.o
                0x08006ea0                HAL_TIMEx_MasterConfigSynchronization
 .text.memset   0x08006f98       0x10 C:/ST/STM32CubeIDE_1.17.0/STM32CubeIDE/plugins/com.st.stm32cube.ide.mcu.externaltools.gnu-tools-for-stm32.12.3.rel1.win32_1.1.0.202410251130/tools/bin/../lib/gcc/arm-none-eabi/12.3.1/../../../../arm-none-eabi/lib/thumb/v7e-m+fp/hard\libc_nano.a(libc_a-memset.o)
                0x08006f98                memset
 .text.__libc_init_array
                0x08006fa8       0x48 C:/ST/STM32CubeIDE_1.17.0/STM32CubeIDE/plugins/com.st.stm32cube.ide.mcu.externaltools.gnu-tools-for-stm32.12.3.rel1.win32_1.1.0.202410251130/tools/bin/../lib/gcc/arm-none-eabi/12.3.1/../../../../arm-none-eabi/lib/thumb/v7e-m+fp/hard\libc_nano.a(libc_a-init.o)
                0x08006fa8                __libc_init_array
 *(.glue_7)
 .glue_7        0x08006ff0        0x0 linker stubs
 *(.glue_7t)
 .glue_7t       0x08006ff0        0x0 linker stubs
 *(.eh_frame)
 .eh_frame      0x08006ff0        0x0 C:/ST/STM32CubeIDE_1.17.0/STM32CubeIDE/plugins/com.st.stm32cube.ide.mcu.externaltools.gnu-tools-for-stm32.12.3.rel1.win32_1.1.0.202410251130/tools/bin/../lib/gcc/arm-none-eabi/12.3.1/thumb/v7e-m+fp/hard/crtbegin.o
 *(.init)
 .init          0x08006ff0        0x4 C:/ST/STM32CubeIDE_1.17.0/STM32CubeIDE/plugins/com.st.stm32cube.ide.mcu.externaltools.gnu-tools-for-stm32.12.3.rel1.win32_1.1.0.202410251130/tools/bin/../lib/gcc/arm-none-eabi/12.3.1/thumb/v7e-m+fp/hard/crti.o
                0x08006ff0                _init
 .init          0x08006ff4        0x8 C:/ST/STM32CubeIDE_1.17.0/STM32CubeIDE/plugins/com.st.stm32cube.ide.mcu.externaltools.gnu-tools-for-stm32.12.3.rel1.win32_1.1.0.202410251130/tools/bin/../lib/gcc/arm-none-eabi/12.3.1/thumb/v7e-m+fp/hard/crtn.o
 *(.fini)
 .fini          0x08006ffc        0x4 C:/ST/STM32CubeIDE_1.17.0/STM32CubeIDE/plugins/com.st.stm32cube.ide.mcu.externaltools.gnu-tools-for-stm32.12.3.rel1.win32_1.1.0.202410251130/tools/bin/../lib/gcc/arm-none-eabi/12.3.1/thumb/v7e-m+fp/hard/crti.o
                0x08006ffc                _fini
 .fini          0x08007000        0x8 C:/ST/STM32CubeIDE_1.17.0/STM32CubeIDE/plugins/com.st.stm32cube.ide.mcu.externaltools.gnu-tools-for-stm32.12.3.rel1.win32_1.1.0.202410251130/tools/bin/../lib/gcc/arm-none-eabi/12.3.1/thumb/v7e-m+fp/hard/crtn.o
                0x08007008                        . = ALIGN (0x4)
                0x08007008                        _etext = .

.vfp11_veneer   0x08007008        0x0
 .vfp11_veneer  0x08007008        0x0 linker stubs

.v4_bx          0x08007008        0x0
 .v4_bx         0x08007008        0x0 linker stubs

.iplt           0x08007008        0x0
 .iplt          0x08007008        0x0 C:/ST/STM32CubeIDE_1.17.0/STM32CubeIDE/plugins/com.st.stm32cube.ide.mcu.externaltools.gnu-tools-for-stm32.12.3.rel1.win32_1.1.0.202410251130/tools/bin/../lib/gcc/arm-none-eabi/12.3.1/thumb/v7e-m+fp/hard/crtbegin.o

.rodata         0x08007008     0x1ae8
                0x08007008                        . = ALIGN (0x4)
 *(.rodata)
 *(.rodata*)
 .rodata.ASCII16x24_Table
                0x08007008     0x11d0 ./Core/Src/fonts.o
                0x08007008                ASCII16x24_Table
 .rodata.ASCII12x12_Table
                0x080081d8      0x900 ./Core/Src/fonts.o
                0x080081d8                ASCII12x12_Table
 .rodata.AHBPrescTable
                0x08008ad8       0x10 ./Core/Src/system_stm32f4xx.o
                0x08008ad8                AHBPrescTable
 .rodata.APBPrescTable
                0x08008ae8        0x8 ./Core/Src/system_stm32f4xx.o
                0x08008ae8                APBPrescTable
                0x08008af0                        . = ALIGN (0x4)

.ARM.extab      0x08008af0        0x0
                0x08008af0                        . = ALIGN (0x4)
 *(.ARM.extab* .gnu.linkonce.armextab.*)
                0x08008af0                        . = ALIGN (0x4)

.ARM            0x08008af0        0x8
                0x08008af0                        . = ALIGN (0x4)
                0x08008af0                        __exidx_start = .
 *(.ARM.exidx*)
 .ARM.exidx     0x08008af0        0x8 C:/ST/STM32CubeIDE_1.17.0/STM32CubeIDE/plugins/com.st.stm32cube.ide.mcu.externaltools.gnu-tools-for-stm32.12.3.rel1.win32_1.1.0.202410251130/tools/bin/../lib/gcc/arm-none-eabi/12.3.1/thumb/v7e-m+fp/hard\libgcc.a(_udivmoddi4.o)
                0x08008af8                        __exidx_end = .
                0x08008af8                        . = ALIGN (0x4)

.preinit_array  0x08008af8        0x0
                0x08008af8                        . = ALIGN (0x4)
                0x08008af8                        PROVIDE (__preinit_array_start = .)
 *(.preinit_array*)
                0x08008af8                        PROVIDE (__preinit_array_end = .)
                0x08008af8                        . = ALIGN (0x4)

.init_array     0x08008af8        0x4
                0x08008af8                        . = ALIGN (0x4)
                0x08008af8                        PROVIDE (__init_array_start = .)
 *(SORT_BY_NAME(.init_array.*))
 *(.init_array*)
 .init_array    0x08008af8        0x4 C:/ST/STM32CubeIDE_1.17.0/STM32CubeIDE/plugins/com.st.stm32cube.ide.mcu.externaltools.gnu-tools-for-stm32.12.3.rel1.win32_1.1.0.202410251130/tools/bin/../lib/gcc/arm-none-eabi/12.3.1/thumb/v7e-m+fp/hard/crtbegin.o
                0x08008afc                        PROVIDE (__init_array_end = .)
                0x08008afc                        . = ALIGN (0x4)

.fini_array     0x08008afc        0x4
                0x08008afc                        . = ALIGN (0x4)
                [!provide]                        PROVIDE (__fini_array_start = .)
 *(SORT_BY_NAME(.fini_array.*))
 *(.fini_array*)
 .fini_array    0x08008afc        0x4 C:/ST/STM32CubeIDE_1.17.0/STM32CubeIDE/plugins/com.st.stm32cube.ide.mcu.externaltools.gnu-tools-for-stm32.12.3.rel1.win32_1.1.0.202410251130/tools/bin/../lib/gcc/arm-none-eabi/12.3.1/thumb/v7e-m+fp/hard/crtbegin.o
                [!provide]                        PROVIDE (__fini_array_end = .)
                0x08008b00                        . = ALIGN (0x4)
                0x08008b00                        _sidata = LOADADDR (.data)

.rel.dyn        0x08008b00        0x0
 .rel.iplt      0x08008b00        0x0 C:/ST/STM32CubeIDE_1.17.0/STM32CubeIDE/plugins/com.st.stm32cube.ide.mcu.externaltools.gnu-tools-for-stm32.12.3.rel1.win32_1.1.0.202410251130/tools/bin/../lib/gcc/arm-none-eabi/12.3.1/thumb/v7e-m+fp/hard/crtbegin.o

.data           0x20000000       0x24 load address 0x08008b00
                0x20000000                        . = ALIGN (0x4)
                0x20000000                        _sdata = .
 *(.data)
 *(.data*)
 .data.Player1  0x20000000        0x1 ./Core/Src/GamePiece.o
                0x20000000                Player1
 *fill*         0x20000001        0x1 
 .data.CurrentTextColor
                0x20000002        0x2 ./Core/Src/LCD_Driver.o
 .data.Font16x24
                0x20000004        0x8 ./Core/Src/fonts.o
                0x20000004                Font16x24
 .data.Font12x12
                0x2000000c        0x8 ./Core/Src/fonts.o
                0x2000000c                Font12x12
 .data.SpiTimeout
                0x20000014        0x4 ./Core/Src/ili9341.o
                0x20000014                SpiTimeout
 .data.SystemCoreClock
                0x20000018        0x4 ./Core/Src/system_stm32f4xx.o
                0x20000018                SystemCoreClock
 .data.uwTickPrio
                0x2000001c        0x4 ./Drivers/STM32F4xx_HAL_Driver/Src/stm32f4xx_hal.o
                0x2000001c                uwTickPrio
 .data.uwTickFreq
                0x20000020        0x1 ./Drivers/STM32F4xx_HAL_Driver/Src/stm32f4xx_hal.o
                0x20000020                uwTickFreq
 *(.RamFunc)
 *(.RamFunc*)
                0x20000024                        . = ALIGN (0x4)
 *fill*         0x20000021        0x3 
                0x20000024                        _edata = .
                0x08008b24                        _siccmram = LOADADDR (.ccmram)

.igot.plt       0x20000024        0x0 load address 0x08008b24
 .igot.plt      0x20000024        0x0 C:/ST/STM32CubeIDE_1.17.0/STM32CubeIDE/plugins/com.st.stm32cube.ide.mcu.externaltools.gnu-tools-for-stm32.12.3.rel1.win32_1.1.0.202410251130/tools/bin/../lib/gcc/arm-none-eabi/12.3.1/thumb/v7e-m+fp/hard/crtbegin.o

.ccmram         0x10000000        0x0 load address 0x08008b24
                0x10000000                        . = ALIGN (0x4)
                0x10000000                        _sccmram = .
 *(.ccmram)
 *(.ccmram*)
                0x10000000                        . = ALIGN (0x4)
                0x10000000                        _eccmram = .
                0x10000000                        . = ALIGN (0x4)

.bss            0x20000024    0x25bac
                0x20000024                        _sbss = .
                0x20000024                        __bss_start__ = _sbss
 *(.bss)
 .bss           0x20000024       0x1c C:/ST/STM32CubeIDE_1.17.0/STM32CubeIDE/plugins/com.st.stm32cube.ide.mcu.externaltools.gnu-tools-for-stm32.12.3.rel1.win32_1.1.0.202410251130/tools/bin/../lib/gcc/arm-none-eabi/12.3.1/thumb/v7e-m+fp/hard/crtbegin.o
 *(.bss*)
 .bss.OnePlayer
                0x20000040        0x1 ./Core/Src/ApplicationCode.o
                0x20000040                OnePlayer
 .bss.drop      0x20000041        0x1 ./Core/Src/ApplicationCode.o
                0x20000041                drop
 *fill*         0x20000042        0x2 
 .bss.StaticTouchData
                0x20000044        0x8 ./Core/Src/ApplicationCode.o
 .bss.currentplayer
                0x2000004c        0x1 ./Core/Src/GamePiece.o
                0x2000004c                currentplayer
 *fill*         0x2000004d        0x1 
 .bss.XPos      0x2000004e        0x2 ./Core/Src/GamePiece.o
 .bss.YPos      0x20000050        0x2 ./Core/Src/GamePiece.o
 .bss.FillColor
                0x20000052        0x2 ./Core/Src/GamePiece.o
 .bss.endGame   0x20000054        0x1 ./Core/Src/GamePiece.o
                0x20000054                endGame
 .bss.updateScore
                0x20000055        0x1 ./Core/Src/GamePiece.o
                0x20000055                updateScore
 *fill*         0x20000056        0x2 
 .bss.boardspots
                0x20000058       0x2a ./Core/Src/Game_Screen.o
                0x20000058                boardspots
 .bss.RedScore  0x20000082        0x2 ./Core/Src/Game_Screen.o
                0x20000082                RedScore
 .bss.YellowScore
                0x20000084        0x2 ./Core/Src/Game_Screen.o
                0x20000084                YellowScore
 *fill*         0x20000086        0x2 
 .bss.hltdc     0x20000088       0xa8 ./Core/Src/LCD_Driver.o
 .bss.PeriphClkInitStruct
                0x20000130       0x30 ./Core/Src/LCD_Driver.o
 .bss.LCD_Currentfonts
                0x20000160        0x4 ./Core/Src/LCD_Driver.o
 .bss.frameBuffer
                0x20000164    0x25800 ./Core/Src/LCD_Driver.o
                0x20000164                frameBuffer
 .bss.hrng      0x20025964       0x10 ./Core/Src/RNG_Driver.o
                0x20025964                hrng
 .bss.startTick
                0x20025974        0x4 ./Core/Src/Timer_Driver.o
 .bss.stopTick  0x20025978        0x4 ./Core/Src/Timer_Driver.o
 .bss.SpiHandle
                0x2002597c       0x58 ./Core/Src/ili9341.o
 .bss.Is_LCD_IO_Initialized
                0x200259d4        0x1 ./Core/Src/ili9341.o
 *fill*         0x200259d5        0x3 
 .bss.hi2c3     0x200259d8       0x54 ./Core/Src/main.o
                0x200259d8                hi2c3
 .bss.hltdc     0x20025a2c       0xa8 ./Core/Src/main.o
                0x20025a2c                hltdc
 .bss.hspi5     0x20025ad4       0x58 ./Core/Src/main.o
                0x20025ad4                hspi5
 .bss.htim2     0x20025b2c       0x48 ./Core/Src/main.o
                0x20025b2c                htim2
 .bss.hI2C3     0x20025b74       0x54 ./Core/Src/stmpe811.o
 .bss.HAL_status
                0x20025bc8        0x1 ./Core/Src/stmpe811.o
 *fill*         0x20025bc9        0x3 
 .bss.uwTick    0x20025bcc        0x4 ./Drivers/STM32F4xx_HAL_Driver/Src/stm32f4xx_hal.o
                0x20025bcc                uwTick
 *(COMMON)
                0x20025bd0                        . = ALIGN (0x4)
                0x20025bd0                        _ebss = .
                0x20025bd0                        __bss_end__ = _ebss

._user_heap_stack
                0x20025bd0      0x600
                0x20025bd0                        . = ALIGN (0x8)
                [!provide]                        PROVIDE (end = .)
                0x20025bd0                        PROVIDE (_end = .)
                0x20025dd0                        . = (. + _Min_Heap_Size)
 *fill*         0x20025bd0      0x200 
                0x200261d0                        . = (. + _Min_Stack_Size)
 *fill*         0x20025dd0      0x400 
                0x200261d0                        . = ALIGN (0x8)

/DISCARD/
 libc.a(*)
 libm.a(*)
 libgcc.a(*)

.ARM.attributes
                0x00000000       0x30
 *(.ARM.attributes)
 .ARM.attributes
                0x00000000       0x22 C:/ST/STM32CubeIDE_1.17.0/STM32CubeIDE/plugins/com.st.stm32cube.ide.mcu.externaltools.gnu-tools-for-stm32.12.3.rel1.win32_1.1.0.202410251130/tools/bin/../lib/gcc/arm-none-eabi/12.3.1/thumb/v7e-m+fp/hard/crti.o
 .ARM.attributes
                0x00000022       0x34 C:/ST/STM32CubeIDE_1.17.0/STM32CubeIDE/plugins/com.st.stm32cube.ide.mcu.externaltools.gnu-tools-for-stm32.12.3.rel1.win32_1.1.0.202410251130/tools/bin/../lib/gcc/arm-none-eabi/12.3.1/thumb/v7e-m+fp/hard/crtbegin.o
 .ARM.attributes
                0x00000056       0x34 ./Core/Src/ApplicationCode.o
 .ARM.attributes
                0x0000008a       0x34 ./Core/Src/GamePiece.o
 .ARM.attributes
                0x000000be       0x34 ./Core/Src/Game_Screen.o
 .ARM.attributes
                0x000000f2       0x34 ./Core/Src/LCD_Driver.o
 .ARM.attributes
                0x00000126       0x34 ./Core/Src/RNG_Driver.o
 .ARM.attributes
                0x0000015a       0x34 ./Core/Src/Timer_Driver.o
 .ARM.attributes
                0x0000018e       0x34 ./Core/Src/fonts.o
 .ARM.attributes
                0x000001c2       0x34 ./Core/Src/ili9341.o
 .ARM.attributes
                0x000001f6       0x34 ./Core/Src/main.o
 .ARM.attributes
                0x0000022a       0x34 ./Core/Src/stm32f4xx_hal_msp.o
 .ARM.attributes
                0x0000025e       0x34 ./Core/Src/stm32f4xx_it.o
 .ARM.attributes
                0x00000292       0x34 ./Core/Src/stmpe811.o
 .ARM.attributes
                0x000002c6       0x34 ./Core/Src/syscalls.o
 .ARM.attributes
                0x000002fa       0x34 ./Core/Src/system_stm32f4xx.o
 .ARM.attributes
                0x0000032e       0x21 ./Core/Startup/startup_stm32f429zitx.o
 .ARM.attributes
                0x0000034f       0x34 ./Drivers/STM32F4xx_HAL_Driver/Src/stm32f4xx_hal.o
 .ARM.attributes
                0x00000383       0x34 ./Drivers/STM32F4xx_HAL_Driver/Src/stm32f4xx_hal_cortex.o
 .ARM.attributes
                0x000003b7       0x34 ./Drivers/STM32F4xx_HAL_Driver/Src/stm32f4xx_hal_exti.o
 .ARM.attributes
                0x000003eb       0x34 ./Drivers/STM32F4xx_HAL_Driver/Src/stm32f4xx_hal_gpio.o
 .ARM.attributes
                0x0000041f       0x34 ./Drivers/STM32F4xx_HAL_Driver/Src/stm32f4xx_hal_i2c.o
 .ARM.attributes
                0x00000453       0x34 ./Drivers/STM32F4xx_HAL_Driver/Src/stm32f4xx_hal_i2c_ex.o
 .ARM.attributes
                0x00000487       0x34 ./Drivers/STM32F4xx_HAL_Driver/Src/stm32f4xx_hal_ltdc.o
 .ARM.attributes
                0x000004bb       0x34 ./Drivers/STM32F4xx_HAL_Driver/Src/stm32f4xx_hal_rcc.o
 .ARM.attributes
                0x000004ef       0x34 ./Drivers/STM32F4xx_HAL_Driver/Src/stm32f4xx_hal_rcc_ex.o
 .ARM.attributes
                0x00000523       0x34 ./Drivers/STM32F4xx_HAL_Driver/Src/stm32f4xx_hal_rng.o
 .ARM.attributes
                0x00000557       0x34 ./Drivers/STM32F4xx_HAL_Driver/Src/stm32f4xx_hal_spi.o
 .ARM.attributes
                0x0000058b       0x34 ./Drivers/STM32F4xx_HAL_Driver/Src/stm32f4xx_hal_tim.o
 .ARM.attributes
                0x000005bf       0x34 ./Drivers/STM32F4xx_HAL_Driver/Src/stm32f4xx_hal_tim_ex.o
 .ARM.attributes
                0x000005f3       0x34 C:/ST/STM32CubeIDE_1.17.0/STM32CubeIDE/plugins/com.st.stm32cube.ide.mcu.externaltools.gnu-tools-for-stm32.12.3.rel1.win32_1.1.0.202410251130/tools/bin/../lib/gcc/arm-none-eabi/12.3.1/../../../../arm-none-eabi/lib/thumb/v7e-m+fp/hard\libc_nano.a(libc_a-memset.o)
 .ARM.attributes
                0x00000627       0x34 C:/ST/STM32CubeIDE_1.17.0/STM32CubeIDE/plugins/com.st.stm32cube.ide.mcu.externaltools.gnu-tools-for-stm32.12.3.rel1.win32_1.1.0.202410251130/tools/bin/../lib/gcc/arm-none-eabi/12.3.1/../../../../arm-none-eabi/lib/thumb/v7e-m+fp/hard\libc_nano.a(libc_a-init.o)
 .ARM.attributes
                0x0000065b       0x22 C:/ST/STM32CubeIDE_1.17.0/STM32CubeIDE/plugins/com.st.stm32cube.ide.mcu.externaltools.gnu-tools-for-stm32.12.3.rel1.win32_1.1.0.202410251130/tools/bin/../lib/gcc/arm-none-eabi/12.3.1/thumb/v7e-m+fp/hard\libgcc.a(_aeabi_uldivmod.o)
 .ARM.attributes
                0x0000067d       0x34 C:/ST/STM32CubeIDE_1.17.0/STM32CubeIDE/plugins/com.st.stm32cube.ide.mcu.externaltools.gnu-tools-for-stm32.12.3.rel1.win32_1.1.0.202410251130/tools/bin/../lib/gcc/arm-none-eabi/12.3.1/thumb/v7e-m+fp/hard\libgcc.a(_udivmoddi4.o)
 .ARM.attributes
                0x000006b1       0x22 C:/ST/STM32CubeIDE_1.17.0/STM32CubeIDE/plugins/com.st.stm32cube.ide.mcu.externaltools.gnu-tools-for-stm32.12.3.rel1.win32_1.1.0.202410251130/tools/bin/../lib/gcc/arm-none-eabi/12.3.1/thumb/v7e-m+fp/hard\libgcc.a(_dvmd_tls.o)
 .ARM.attributes
                0x000006d3       0x22 C:/ST/STM32CubeIDE_1.17.0/STM32CubeIDE/plugins/com.st.stm32cube.ide.mcu.externaltools.gnu-tools-for-stm32.12.3.rel1.win32_1.1.0.202410251130/tools/bin/../lib/gcc/arm-none-eabi/12.3.1/thumb/v7e-m+fp/hard/crtn.o
OUTPUT(GFortinFinal.elf elf32-littlearm)
LOAD linker stubs
LOAD C:/ST/STM32CubeIDE_1.17.0/STM32CubeIDE/plugins/com.st.stm32cube.ide.mcu.externaltools.gnu-tools-for-stm32.12.3.rel1.win32_1.1.0.202410251130/tools/bin/../lib/gcc/arm-none-eabi/12.3.1/../../../../arm-none-eabi/lib/thumb/v7e-m+fp/hard\libc.a
LOAD C:/ST/STM32CubeIDE_1.17.0/STM32CubeIDE/plugins/com.st.stm32cube.ide.mcu.externaltools.gnu-tools-for-stm32.12.3.rel1.win32_1.1.0.202410251130/tools/bin/../lib/gcc/arm-none-eabi/12.3.1/../../../../arm-none-eabi/lib/thumb/v7e-m+fp/hard\libm.a
LOAD C:/ST/STM32CubeIDE_1.17.0/STM32CubeIDE/plugins/com.st.stm32cube.ide.mcu.externaltools.gnu-tools-for-stm32.12.3.rel1.win32_1.1.0.202410251130/tools/bin/../lib/gcc/arm-none-eabi/12.3.1/thumb/v7e-m+fp/hard\libgcc.a

.debug_info     0x00000000    0x14468
 .debug_info    0x00000000      0x643 ./Core/Src/ApplicationCode.o
 .debug_info    0x00000643      0x4f1 ./Core/Src/GamePiece.o
 .debug_info    0x00000b34      0x534 ./Core/Src/Game_Screen.o
 .debug_info    0x00001068      0xfbd ./Core/Src/LCD_Driver.o
 .debug_info    0x00002025      0x243 ./Core/Src/RNG_Driver.o
 .debug_info    0x00002268      0x178 ./Core/Src/Timer_Driver.o
 .debug_info    0x000023e0      0x145 ./Core/Src/fonts.o
 .debug_info    0x00002525      0xc85 ./Core/Src/ili9341.o
 .debug_info    0x000031aa     0x1adc ./Core/Src/main.o
 .debug_info    0x00004c86     0x17b6 ./Core/Src/stm32f4xx_hal_msp.o
 .debug_info    0x0000643c      0x112 ./Core/Src/stm32f4xx_it.o
 .debug_info    0x0000654e      0xdd6 ./Core/Src/stmpe811.o
 .debug_info    0x00007324      0x6a3 ./Core/Src/syscalls.o
 .debug_info    0x000079c7      0x52e ./Core/Src/system_stm32f4xx.o
 .debug_info    0x00007ef5       0x30 ./Core/Startup/startup_stm32f429zitx.o
 .debug_info    0x00007f25      0x9ba ./Drivers/STM32F4xx_HAL_Driver/Src/stm32f4xx_hal.o
 .debug_info    0x000088df      0xdc2 ./Drivers/STM32F4xx_HAL_Driver/Src/stm32f4xx_hal_cortex.o
 .debug_info    0x000096a1      0x4f4 ./Drivers/STM32F4xx_HAL_Driver/Src/stm32f4xx_hal_exti.o
 .debug_info    0x00009b95      0x6db ./Drivers/STM32F4xx_HAL_Driver/Src/stm32f4xx_hal_gpio.o
 .debug_info    0x0000a270     0x2421 ./Drivers/STM32F4xx_HAL_Driver/Src/stm32f4xx_hal_i2c.o
 .debug_info    0x0000c691      0x672 ./Drivers/STM32F4xx_HAL_Driver/Src/stm32f4xx_hal_i2c_ex.o
 .debug_info    0x0000cd03     0x1022 ./Drivers/STM32F4xx_HAL_Driver/Src/stm32f4xx_hal_ltdc.o
 .debug_info    0x0000dd25      0x8c7 ./Drivers/STM32F4xx_HAL_Driver/Src/stm32f4xx_hal_rcc.o
 .debug_info    0x0000e5ec      0x64c ./Drivers/STM32F4xx_HAL_Driver/Src/stm32f4xx_hal_rcc_ex.o
 .debug_info    0x0000ec38      0x493 ./Drivers/STM32F4xx_HAL_Driver/Src/stm32f4xx_hal_rng.o
 .debug_info    0x0000f0cb     0x1525 ./Drivers/STM32F4xx_HAL_Driver/Src/stm32f4xx_hal_spi.o
 .debug_info    0x000105f0     0x299d ./Drivers/STM32F4xx_HAL_Driver/Src/stm32f4xx_hal_tim.o
 .debug_info    0x00012f8d     0x14db ./Drivers/STM32F4xx_HAL_Driver/Src/stm32f4xx_hal_tim_ex.o

.debug_abbrev   0x00000000     0x3751
 .debug_abbrev  0x00000000      0x1e0 ./Core/Src/ApplicationCode.o
 .debug_abbrev  0x000001e0      0x280 ./Core/Src/GamePiece.o
 .debug_abbrev  0x00000460      0x1de ./Core/Src/Game_Screen.o
 .debug_abbrev  0x0000063e      0x32a ./Core/Src/LCD_Driver.o
 .debug_abbrev  0x00000968      0x144 ./Core/Src/RNG_Driver.o
 .debug_abbrev  0x00000aac       0xd2 ./Core/Src/Timer_Driver.o
 .debug_abbrev  0x00000b7e       0xc6 ./Core/Src/fonts.o
 .debug_abbrev  0x00000c44      0x2c9 ./Core/Src/ili9341.o
 .debug_abbrev  0x00000f0d      0x316 ./Core/Src/main.o
 .debug_abbrev  0x00001223      0x25c ./Core/Src/stm32f4xx_hal_msp.o
 .debug_abbrev  0x0000147f       0x73 ./Core/Src/stm32f4xx_it.o
 .debug_abbrev  0x000014f2      0x2c9 ./Core/Src/stmpe811.o
 .debug_abbrev  0x000017bb      0x1b6 ./Core/Src/syscalls.o
 .debug_abbrev  0x00001971      0x11a ./Core/Src/system_stm32f4xx.o
 .debug_abbrev  0x00001a8b       0x24 ./Core/Startup/startup_stm32f429zitx.o
 .debug_abbrev  0x00001aaf      0x214 ./Drivers/STM32F4xx_HAL_Driver/Src/stm32f4xx_hal.o
 .debug_abbrev  0x00001cc3      0x31d ./Drivers/STM32F4xx_HAL_Driver/Src/stm32f4xx_hal_cortex.o
 .debug_abbrev  0x00001fe0      0x1c6 ./Drivers/STM32F4xx_HAL_Driver/Src/stm32f4xx_hal_exti.o
 .debug_abbrev  0x000021a6      0x1d4 ./Drivers/STM32F4xx_HAL_Driver/Src/stm32f4xx_hal_gpio.o
 .debug_abbrev  0x0000237a      0x2ad ./Drivers/STM32F4xx_HAL_Driver/Src/stm32f4xx_hal_i2c.o
 .debug_abbrev  0x00002627      0x157 ./Drivers/STM32F4xx_HAL_Driver/Src/stm32f4xx_hal_i2c_ex.o
 .debug_abbrev  0x0000277e      0x233 ./Drivers/STM32F4xx_HAL_Driver/Src/stm32f4xx_hal_ltdc.o
 .debug_abbrev  0x000029b1      0x2b7 ./Drivers/STM32F4xx_HAL_Driver/Src/stm32f4xx_hal_rcc.o
 .debug_abbrev  0x00002c68      0x1b0 ./Drivers/STM32F4xx_HAL_Driver/Src/stm32f4xx_hal_rcc_ex.o
 .debug_abbrev  0x00002e18      0x1c4 ./Drivers/STM32F4xx_HAL_Driver/Src/stm32f4xx_hal_rng.o
 .debug_abbrev  0x00002fdc      0x27a ./Drivers/STM32F4xx_HAL_Driver/Src/stm32f4xx_hal_spi.o
 .debug_abbrev  0x00003256      0x278 ./Drivers/STM32F4xx_HAL_Driver/Src/stm32f4xx_hal_tim.o
 .debug_abbrev  0x000034ce      0x283 ./Drivers/STM32F4xx_HAL_Driver/Src/stm32f4xx_hal_tim_ex.o

.debug_aranges  0x00000000     0x1518
 .debug_aranges
                0x00000000       0x60 ./Core/Src/ApplicationCode.o
 .debug_aranges
                0x00000060       0x88 ./Core/Src/GamePiece.o
 .debug_aranges
                0x000000e8       0x48 ./Core/Src/Game_Screen.o
 .debug_aranges
                0x00000130       0xb0 ./Core/Src/LCD_Driver.o
 .debug_aranges
                0x000001e0       0x28 ./Core/Src/RNG_Driver.o
 .debug_aranges
                0x00000208       0x38 ./Core/Src/Timer_Driver.o
 .debug_aranges
                0x00000240       0x18 ./Core/Src/fonts.o
 .debug_aranges
                0x00000258       0x98 ./Core/Src/ili9341.o
 .debug_aranges
                0x000002f0       0x58 ./Core/Src/main.o
 .debug_aranges
                0x00000348       0x70 ./Core/Src/stm32f4xx_hal_msp.o
 .debug_aranges
                0x000003b8       0x60 ./Core/Src/stm32f4xx_it.o
 .debug_aranges
                0x00000418       0x88 ./Core/Src/stmpe811.o
 .debug_aranges
                0x000004a0       0xa8 ./Core/Src/syscalls.o
 .debug_aranges
                0x00000548       0x28 ./Core/Src/system_stm32f4xx.o
 .debug_aranges
                0x00000570       0x28 ./Core/Startup/startup_stm32f429zitx.o
 .debug_aranges
                0x00000598      0x100 ./Drivers/STM32F4xx_HAL_Driver/Src/stm32f4xx_hal.o
 .debug_aranges
                0x00000698      0x130 ./Drivers/STM32F4xx_HAL_Driver/Src/stm32f4xx_hal_cortex.o
 .debug_aranges
                0x000007c8       0x60 ./Drivers/STM32F4xx_HAL_Driver/Src/stm32f4xx_hal_exti.o
 .debug_aranges
                0x00000828       0x58 ./Drivers/STM32F4xx_HAL_Driver/Src/stm32f4xx_hal_gpio.o
 .debug_aranges
                0x00000880      0x2a8 ./Drivers/STM32F4xx_HAL_Driver/Src/stm32f4xx_hal_i2c.o
 .debug_aranges
                0x00000b28       0x28 ./Drivers/STM32F4xx_HAL_Driver/Src/stm32f4xx_hal_i2c_ex.o
 .debug_aranges
                0x00000b50      0x158 ./Drivers/STM32F4xx_HAL_Driver/Src/stm32f4xx_hal_ltdc.o
 .debug_aranges
                0x00000ca8       0x88 ./Drivers/STM32F4xx_HAL_Driver/Src/stm32f4xx_hal_rcc.o
 .debug_aranges
                0x00000d30       0x58 ./Drivers/STM32F4xx_HAL_Driver/Src/stm32f4xx_hal_rcc_ex.o
 .debug_aranges
                0x00000d88       0x88 ./Drivers/STM32F4xx_HAL_Driver/Src/stm32f4xx_hal_rng.o
 .debug_aranges
                0x00000e10      0x1d0 ./Drivers/STM32F4xx_HAL_Driver/Src/stm32f4xx_hal_spi.o
 .debug_aranges
                0x00000fe0      0x3d0 ./Drivers/STM32F4xx_HAL_Driver/Src/stm32f4xx_hal_tim.o
 .debug_aranges
                0x000013b0      0x168 ./Drivers/STM32F4xx_HAL_Driver/Src/stm32f4xx_hal_tim_ex.o

.debug_rnglists
                0x00000000     0x103f
 .debug_rnglists
                0x00000000       0x43 ./Core/Src/ApplicationCode.o
 .debug_rnglists
                0x00000043       0x70 ./Core/Src/GamePiece.o
 .debug_rnglists
                0x000000b3       0x36 ./Core/Src/Game_Screen.o
 .debug_rnglists
                0x000000e9       0x85 ./Core/Src/LCD_Driver.o
 .debug_rnglists
                0x0000016e       0x19 ./Core/Src/RNG_Driver.o
 .debug_rnglists
                0x00000187       0x25 ./Core/Src/Timer_Driver.o
 .debug_rnglists
                0x000001ac       0x6f ./Core/Src/ili9341.o
 .debug_rnglists
                0x0000021b       0x42 ./Core/Src/main.o
 .debug_rnglists
                0x0000025d       0x53 ./Core/Src/stm32f4xx_hal_msp.o
 .debug_rnglists
                0x000002b0       0x43 ./Core/Src/stm32f4xx_it.o
 .debug_rnglists
                0x000002f3       0x67 ./Core/Src/stmpe811.o
 .debug_rnglists
                0x0000035a       0x79 ./Core/Src/syscalls.o
 .debug_rnglists
                0x000003d3       0x1a ./Core/Src/system_stm32f4xx.o
 .debug_rnglists
                0x000003ed       0x19 ./Core/Startup/startup_stm32f429zitx.o
 .debug_rnglists
                0x00000406       0xbb ./Drivers/STM32F4xx_HAL_Driver/Src/stm32f4xx_hal.o
 .debug_rnglists
                0x000004c1       0xe0 ./Drivers/STM32F4xx_HAL_Driver/Src/stm32f4xx_hal_cortex.o
 .debug_rnglists
                0x000005a1       0x46 ./Drivers/STM32F4xx_HAL_Driver/Src/stm32f4xx_hal_exti.o
 .debug_rnglists
                0x000005e7       0x3f ./Drivers/STM32F4xx_HAL_Driver/Src/stm32f4xx_hal_gpio.o
 .debug_rnglists
                0x00000626      0x23c ./Drivers/STM32F4xx_HAL_Driver/Src/stm32f4xx_hal_i2c.o
 .debug_rnglists
                0x00000862       0x19 ./Drivers/STM32F4xx_HAL_Driver/Src/stm32f4xx_hal_i2c_ex.o
 .debug_rnglists
                0x0000087b      0x10a ./Drivers/STM32F4xx_HAL_Driver/Src/stm32f4xx_hal_ltdc.o
 .debug_rnglists
                0x00000985       0x66 ./Drivers/STM32F4xx_HAL_Driver/Src/stm32f4xx_hal_rcc.o
 .debug_rnglists
                0x000009eb       0x43 ./Drivers/STM32F4xx_HAL_Driver/Src/stm32f4xx_hal_rcc_ex.o
 .debug_rnglists
                0x00000a2e       0x63 ./Drivers/STM32F4xx_HAL_Driver/Src/stm32f4xx_hal_rng.o
 .debug_rnglists
                0x00000a91      0x16f ./Drivers/STM32F4xx_HAL_Driver/Src/stm32f4xx_hal_spi.o
 .debug_rnglists
                0x00000c00      0x31a ./Drivers/STM32F4xx_HAL_Driver/Src/stm32f4xx_hal_tim.o
 .debug_rnglists
                0x00000f1a      0x125 ./Drivers/STM32F4xx_HAL_Driver/Src/stm32f4xx_hal_tim_ex.o

.debug_macro    0x00000000    0x27450
 .debug_macro   0x00000000      0x347 ./Core/Src/ApplicationCode.o
 .debug_macro   0x00000347      0xab4 ./Core/Src/ApplicationCode.o
 .debug_macro   0x00000dfb      0x2ad ./Core/Src/ApplicationCode.o
 .debug_macro   0x000010a8       0x2e ./Core/Src/ApplicationCode.o
 .debug_macro   0x000010d6       0x28 ./Core/Src/ApplicationCode.o
 .debug_macro   0x000010fe       0x22 ./Core/Src/ApplicationCode.o
 .debug_macro   0x00001120       0x8e ./Core/Src/ApplicationCode.o
 .debug_macro   0x000011ae       0x51 ./Core/Src/ApplicationCode.o
 .debug_macro   0x000011ff      0x103 ./Core/Src/ApplicationCode.o
 .debug_macro   0x00001302       0x6a ./Core/Src/ApplicationCode.o
 .debug_macro   0x0000136c      0x1df ./Core/Src/ApplicationCode.o
 .debug_macro   0x0000154b       0x1c ./Core/Src/ApplicationCode.o
 .debug_macro   0x00001567       0x22 ./Core/Src/ApplicationCode.o
 .debug_macro   0x00001589       0xfb ./Core/Src/ApplicationCode.o
 .debug_macro   0x00001684     0x1011 ./Core/Src/ApplicationCode.o
 .debug_macro   0x00002695      0x11f ./Core/Src/ApplicationCode.o
 .debug_macro   0x000027b4    0x17fd8 ./Core/Src/ApplicationCode.o
 .debug_macro   0x0001a78c       0x6d ./Core/Src/ApplicationCode.o
 .debug_macro   0x0001a7f9     0x3711 ./Core/Src/ApplicationCode.o
 .debug_macro   0x0001df0a      0x189 ./Core/Src/ApplicationCode.o
 .debug_macro   0x0001e093       0x5c ./Core/Src/ApplicationCode.o
 .debug_macro   0x0001e0ef      0xcba ./Core/Src/ApplicationCode.o
 .debug_macro   0x0001eda9      0x9e9 ./Core/Src/ApplicationCode.o
 .debug_macro   0x0001f792      0x115 ./Core/Src/ApplicationCode.o
 .debug_macro   0x0001f8a7      0x156 ./Core/Src/ApplicationCode.o
 .debug_macro   0x0001f9fd       0xa5 ./Core/Src/ApplicationCode.o
 .debug_macro   0x0001faa2      0x182 ./Core/Src/ApplicationCode.o
 .debug_macro   0x0001fc24      0x287 ./Core/Src/ApplicationCode.o
 .debug_macro   0x0001feab       0x5f ./Core/Src/ApplicationCode.o
 .debug_macro   0x0001ff0a      0x236 ./Core/Src/ApplicationCode.o
 .debug_macro   0x00020140      0x132 ./Core/Src/ApplicationCode.o
 .debug_macro   0x00020272      0x41d ./Core/Src/ApplicationCode.o
 .debug_macro   0x0002068f       0x2e ./Core/Src/ApplicationCode.o
 .debug_macro   0x000206bd      0x1b5 ./Core/Src/ApplicationCode.o
 .debug_macro   0x00020872       0x22 ./Core/Src/ApplicationCode.o
 .debug_macro   0x00020894       0xd6 ./Core/Src/ApplicationCode.o
 .debug_macro   0x0002096a      0x198 ./Core/Src/ApplicationCode.o
 .debug_macro   0x00020b02       0xd6 ./Core/Src/ApplicationCode.o
 .debug_macro   0x00020bd8      0x127 ./Core/Src/ApplicationCode.o
 .debug_macro   0x00020cff       0xe2 ./Core/Src/ApplicationCode.o
 .debug_macro   0x00020de1       0x89 ./Core/Src/ApplicationCode.o
 .debug_macro   0x00020e6a       0xa4 ./Core/Src/ApplicationCode.o
 .debug_macro   0x00020f0e      0x225 ./Core/Src/ApplicationCode.o
 .debug_macro   0x00021133      0x8ed ./Core/Src/ApplicationCode.o
 .debug_macro   0x00021a20       0x4d ./Core/Src/ApplicationCode.o
 .debug_macro   0x00021a6d      0x134 ./Core/Src/ApplicationCode.o
 .debug_macro   0x00021ba1      0x332 ./Core/Src/ApplicationCode.o
 .debug_macro   0x00021ed3       0x22 ./Core/Src/ApplicationCode.o
 .debug_macro   0x00021ef5      0x173 ./Core/Src/ApplicationCode.o
 .debug_macro   0x00022068       0x88 ./Core/Src/ApplicationCode.o
 .debug_macro   0x000220f0       0x28 ./Core/Src/ApplicationCode.o
 .debug_macro   0x00022118       0x2e ./Core/Src/ApplicationCode.o
 .debug_macro   0x00022146       0x61 ./Core/Src/ApplicationCode.o
 .debug_macro   0x000221a7       0x2a ./Core/Src/ApplicationCode.o
 .debug_macro   0x000221d1       0x43 ./Core/Src/ApplicationCode.o
 .debug_macro   0x00022214       0x34 ./Core/Src/ApplicationCode.o
 .debug_macro   0x00022248       0x16 ./Core/Src/ApplicationCode.o
 .debug_macro   0x0002225e       0x35 ./Core/Src/ApplicationCode.o
 .debug_macro   0x00022293      0x369 ./Core/Src/ApplicationCode.o
 .debug_macro   0x000225fc       0x10 ./Core/Src/ApplicationCode.o
 .debug_macro   0x0002260c       0x16 ./Core/Src/ApplicationCode.o
 .debug_macro   0x00022622       0x43 ./Core/Src/ApplicationCode.o
 .debug_macro   0x00022665       0x34 ./Core/Src/ApplicationCode.o
 .debug_macro   0x00022699       0x10 ./Core/Src/ApplicationCode.o
 .debug_macro   0x000226a9       0x58 ./Core/Src/ApplicationCode.o
 .debug_macro   0x00022701       0x8e ./Core/Src/ApplicationCode.o
 .debug_macro   0x0002278f       0x1c ./Core/Src/ApplicationCode.o
 .debug_macro   0x000227ab      0x177 ./Core/Src/ApplicationCode.o
 .debug_macro   0x00022922       0x16 ./Core/Src/ApplicationCode.o
 .debug_macro   0x00022938       0x16 ./Core/Src/ApplicationCode.o
 .debug_macro   0x0002294e      0x146 ./Core/Src/ApplicationCode.o
 .debug_macro   0x00022a94      0x265 ./Core/Src/GamePiece.o
 .debug_macro   0x00022cf9      0x258 ./Core/Src/Game_Screen.o
 .debug_macro   0x00022f51      0x245 ./Core/Src/LCD_Driver.o
 .debug_macro   0x00023196      0x20f ./Core/Src/RNG_Driver.o
 .debug_macro   0x000233a5      0x215 ./Core/Src/Timer_Driver.o
 .debug_macro   0x000235ba       0x6d ./Core/Src/fonts.o
 .debug_macro   0x00023627      0x21a ./Core/Src/ili9341.o
 .debug_macro   0x00023841      0x32c ./Core/Src/ili9341.o
 .debug_macro   0x00023b6d      0x35a ./Core/Src/main.o
 .debug_macro   0x00023ec7      0x4c8 ./Core/Src/main.o
 .debug_macro   0x0002438f      0x21e ./Core/Src/stm32f4xx_hal_msp.o
 .debug_macro   0x000245ad      0x228 ./Core/Src/stm32f4xx_it.o
 .debug_macro   0x000247d5      0x235 ./Core/Src/stmpe811.o
 .debug_macro   0x00024a0a      0x274 ./Core/Src/syscalls.o
 .debug_macro   0x00024c7e       0x5b ./Core/Src/syscalls.o
 .debug_macro   0x00024cd9       0x94 ./Core/Src/syscalls.o
 .debug_macro   0x00024d6d       0x57 ./Core/Src/syscalls.o
 .debug_macro   0x00024dc4       0x10 ./Core/Src/syscalls.o
 .debug_macro   0x00024dd4       0x10 ./Core/Src/syscalls.o
 .debug_macro   0x00024de4       0x10 ./Core/Src/syscalls.o
 .debug_macro   0x00024df4       0x10 ./Core/Src/syscalls.o
 .debug_macro   0x00024e04       0x1c ./Core/Src/syscalls.o
 .debug_macro   0x00024e20       0x52 ./Core/Src/syscalls.o
 .debug_macro   0x00024e72       0x22 ./Core/Src/syscalls.o
 .debug_macro   0x00024e94       0x10 ./Core/Src/syscalls.o
 .debug_macro   0x00024ea4       0x52 ./Core/Src/syscalls.o
 .debug_macro   0x00024ef6       0xcf ./Core/Src/syscalls.o
 .debug_macro   0x00024fc5       0x1c ./Core/Src/syscalls.o
 .debug_macro   0x00024fe1       0x3d ./Core/Src/syscalls.o
 .debug_macro   0x0002501e       0x35 ./Core/Src/syscalls.o
 .debug_macro   0x00025053      0x12c ./Core/Src/syscalls.o
 .debug_macro   0x0002517f       0x16 ./Core/Src/syscalls.o
 .debug_macro   0x00025195       0x16 ./Core/Src/syscalls.o
 .debug_macro   0x000251ab       0x29 ./Core/Src/syscalls.o
 .debug_macro   0x000251d4       0x10 ./Core/Src/syscalls.o
 .debug_macro   0x000251e4      0x242 ./Core/Src/syscalls.o
 .debug_macro   0x00025426       0x1c ./Core/Src/syscalls.o
 .debug_macro   0x00025442       0x10 ./Core/Src/syscalls.o
 .debug_macro   0x00025452      0x18a ./Core/Src/syscalls.o
 .debug_macro   0x000255dc       0x16 ./Core/Src/syscalls.o
 .debug_macro   0x000255f2       0xce ./Core/Src/syscalls.o
 .debug_macro   0x000256c0      0x20b ./Core/Src/system_stm32f4xx.o
 .debug_macro   0x000258cb      0x26b ./Drivers/STM32F4xx_HAL_Driver/Src/stm32f4xx_hal.o
 .debug_macro   0x00025b36      0x20b ./Drivers/STM32F4xx_HAL_Driver/Src/stm32f4xx_hal_cortex.o
 .debug_macro   0x00025d41      0x20b ./Drivers/STM32F4xx_HAL_Driver/Src/stm32f4xx_hal_exti.o
 .debug_macro   0x00025f4c      0x211 ./Drivers/STM32F4xx_HAL_Driver/Src/stm32f4xx_hal_gpio.o
 .debug_macro   0x0002615d      0x259 ./Drivers/STM32F4xx_HAL_Driver/Src/stm32f4xx_hal_i2c.o
 .debug_macro   0x000263b6      0x20b ./Drivers/STM32F4xx_HAL_Driver/Src/stm32f4xx_hal_i2c_ex.o
 .debug_macro   0x000265c1      0x213 ./Drivers/STM32F4xx_HAL_Driver/Src/stm32f4xx_hal_ltdc.o
 .debug_macro   0x000267d4      0x22f ./Drivers/STM32F4xx_HAL_Driver/Src/stm32f4xx_hal_rcc.o
 .debug_macro   0x00026a03      0x20b ./Drivers/STM32F4xx_HAL_Driver/Src/stm32f4xx_hal_rcc_ex.o
 .debug_macro   0x00026c0e      0x211 ./Drivers/STM32F4xx_HAL_Driver/Src/stm32f4xx_hal_rng.o
 .debug_macro   0x00026e1f      0x21a ./Drivers/STM32F4xx_HAL_Driver/Src/stm32f4xx_hal_spi.o
 .debug_macro   0x00027039      0x20c ./Drivers/STM32F4xx_HAL_Driver/Src/stm32f4xx_hal_tim.o
 .debug_macro   0x00027245      0x20b ./Drivers/STM32F4xx_HAL_Driver/Src/stm32f4xx_hal_tim_ex.o

.debug_line     0x00000000    0x1abd8
 .debug_line    0x00000000      0xacc ./Core/Src/ApplicationCode.o
 .debug_line    0x00000acc      0xe07 ./Core/Src/GamePiece.o
 .debug_line    0x000018d3      0xadd ./Core/Src/Game_Screen.o
 .debug_line    0x000023b0      0xbd3 ./Core/Src/LCD_Driver.o
 .debug_line    0x00002f83      0x7e5 ./Core/Src/RNG_Driver.o
 .debug_line    0x00003768      0x811 ./Core/Src/Timer_Driver.o
 .debug_line    0x00003f79      0x40a ./Core/Src/fonts.o
 .debug_line    0x00004383      0xa02 ./Core/Src/ili9341.o
 .debug_line    0x00004d85      0xcc5 ./Core/Src/main.o
 .debug_line    0x00005a4a      0x9d0 ./Core/Src/stm32f4xx_hal_msp.o
 .debug_line    0x0000641a      0x893 ./Core/Src/stm32f4xx_it.o
 .debug_line    0x00006cad      0xbd5 ./Core/Src/stmpe811.o
 .debug_line    0x00007882      0x8a8 ./Core/Src/syscalls.o
 .debug_line    0x0000812a      0x845 ./Core/Src/system_stm32f4xx.o
 .debug_line    0x0000896f       0x7a ./Core/Startup/startup_stm32f429zitx.o
 .debug_line    0x000089e9      0xae4 ./Drivers/STM32F4xx_HAL_Driver/Src/stm32f4xx_hal.o
 .debug_line    0x000094cd      0xda0 ./Drivers/STM32F4xx_HAL_Driver/Src/stm32f4xx_hal_cortex.o
 .debug_line    0x0000a26d      0xaba ./Drivers/STM32F4xx_HAL_Driver/Src/stm32f4xx_hal_exti.o
 .debug_line    0x0000ad27      0xc62 ./Drivers/STM32F4xx_HAL_Driver/Src/stm32f4xx_hal_gpio.o
 .debug_line    0x0000b989     0x3bf4 ./Drivers/STM32F4xx_HAL_Driver/Src/stm32f4xx_hal_i2c.o
 .debug_line    0x0000f57d      0x83b ./Drivers/STM32F4xx_HAL_Driver/Src/stm32f4xx_hal_i2c_ex.o
 .debug_line    0x0000fdb8     0x1865 ./Drivers/STM32F4xx_HAL_Driver/Src/stm32f4xx_hal_ltdc.o
 .debug_line    0x0001161d      0xe39 ./Drivers/STM32F4xx_HAL_Driver/Src/stm32f4xx_hal_rcc.o
 .debug_line    0x00012456      0xc83 ./Drivers/STM32F4xx_HAL_Driver/Src/stm32f4xx_hal_rcc_ex.o
 .debug_line    0x000130d9      0xa3d ./Drivers/STM32F4xx_HAL_Driver/Src/stm32f4xx_hal_rng.o
 .debug_line    0x00013b16     0x1dcc ./Drivers/STM32F4xx_HAL_Driver/Src/stm32f4xx_hal_spi.o
 .debug_line    0x000158e2     0x3852 ./Drivers/STM32F4xx_HAL_Driver/Src/stm32f4xx_hal_tim.o
 .debug_line    0x00019134     0x1aa4 ./Drivers/STM32F4xx_HAL_Driver/Src/stm32f4xx_hal_tim_ex.o

.debug_str      0x00000000    0xe2e4b
 .debug_str     0x00000000    0xdaac0 ./Core/Src/ApplicationCode.o
                              0xdadc3 (size before relaxing)
 .debug_str     0x000daac0      0x131 ./Core/Src/GamePiece.o
                              0xd70b0 (size before relaxing)
 .debug_str     0x000dabf1       0xd1 ./Core/Src/Game_Screen.o
                              0xd702b (size before relaxing)
 .debug_str     0x000dacc2      0x70c ./Core/Src/LCD_Driver.o
                              0xd7679 (size before relaxing)
 .debug_str     0x000db3ce       0xf3 ./Core/Src/RNG_Driver.o
                              0xd598f (size before relaxing)
 .debug_str     0x000db4c1       0xb8 ./Core/Src/Timer_Driver.o
                              0xd591d (size before relaxing)
 .debug_str     0x000db579       0x36 ./Core/Src/fonts.o
                               0x3dc1 (size before relaxing)
 .debug_str     0x000db5af      0x537 ./Core/Src/ili9341.o
                              0xd6c0c (size before relaxing)
 .debug_str     0x000dbae6     0x167c ./Core/Src/main.o
                              0xdcad7 (size before relaxing)
 .debug_str     0x000dd162      0x11e ./Core/Src/stm32f4xx_hal_msp.o
                              0xd77e0 (size before relaxing)
 .debug_str     0x000dd280       0xc9 ./Core/Src/stm32f4xx_it.o
                              0xd67fc (size before relaxing)
 .debug_str     0x000dd349      0x171 ./Core/Src/stmpe811.o
                              0xd68a6 (size before relaxing)
 .debug_str     0x000dd4ba     0x20a2 ./Core/Src/syscalls.o
                               0x98f8 (size before relaxing)
 .debug_str     0x000df55c       0xdb ./Core/Src/system_stm32f4xx.o
                              0xd59fe (size before relaxing)
 .debug_str     0x000df637       0x44 ./Core/Startup/startup_stm32f429zitx.o
                                 0xc3 (size before relaxing)
 .debug_str     0x000df67b      0x5b1 ./Drivers/STM32F4xx_HAL_Driver/Src/stm32f4xx_hal.o
                              0xd6621 (size before relaxing)
 .debug_str     0x000dfc2c      0x36b ./Drivers/STM32F4xx_HAL_Driver/Src/stm32f4xx_hal_cortex.o
                              0xd634f (size before relaxing)
 .debug_str     0x000dff97      0x1bc ./Drivers/STM32F4xx_HAL_Driver/Src/stm32f4xx_hal_exti.o
                              0xd5a57 (size before relaxing)
 .debug_str     0x000e0153       0xe1 ./Drivers/STM32F4xx_HAL_Driver/Src/stm32f4xx_hal_gpio.o
                              0xd5b79 (size before relaxing)
 .debug_str     0x000e0234      0xb1e ./Drivers/STM32F4xx_HAL_Driver/Src/stm32f4xx_hal_i2c.o
                              0xd6a0e (size before relaxing)
 .debug_str     0x000e0d52       0x3b ./Drivers/STM32F4xx_HAL_Driver/Src/stm32f4xx_hal_i2c_ex.o
                              0xd5dcd (size before relaxing)
 .debug_str     0x000e0d8d      0x491 ./Drivers/STM32F4xx_HAL_Driver/Src/stm32f4xx_hal_ltdc.o
                              0xd6062 (size before relaxing)
 .debug_str     0x000e121e      0x213 ./Drivers/STM32F4xx_HAL_Driver/Src/stm32f4xx_hal_rcc.o
                              0xd5e32 (size before relaxing)
 .debug_str     0x000e1431      0x133 ./Drivers/STM32F4xx_HAL_Driver/Src/stm32f4xx_hal_rcc_ex.o
                              0xd5bf9 (size before relaxing)
 .debug_str     0x000e1564      0x152 ./Drivers/STM32F4xx_HAL_Driver/Src/stm32f4xx_hal_rng.o
                              0xd5aeb (size before relaxing)
 .debug_str     0x000e16b6      0x518 ./Drivers/STM32F4xx_HAL_Driver/Src/stm32f4xx_hal_spi.o
                              0xd62a9 (size before relaxing)
 .debug_str     0x000e1bce      0xdea ./Drivers/STM32F4xx_HAL_Driver/Src/stm32f4xx_hal_tim.o
                              0xd6d75 (size before relaxing)
 .debug_str     0x000e29b8      0x493 ./Drivers/STM32F4xx_HAL_Driver/Src/stm32f4xx_hal_tim_ex.o
                              0xd6581 (size before relaxing)

.comment        0x00000000       0x43
 .comment       0x00000000       0x43 ./Core/Src/ApplicationCode.o
                                 0x44 (size before relaxing)
 .comment       0x00000043       0x44 ./Core/Src/GamePiece.o
 .comment       0x00000043       0x44 ./Core/Src/Game_Screen.o
 .comment       0x00000043       0x44 ./Core/Src/LCD_Driver.o
 .comment       0x00000043       0x44 ./Core/Src/RNG_Driver.o
 .comment       0x00000043       0x44 ./Core/Src/Timer_Driver.o
 .comment       0x00000043       0x44 ./Core/Src/fonts.o
 .comment       0x00000043       0x44 ./Core/Src/ili9341.o
 .comment       0x00000043       0x44 ./Core/Src/main.o
 .comment       0x00000043       0x44 ./Core/Src/stm32f4xx_hal_msp.o
 .comment       0x00000043       0x44 ./Core/Src/stm32f4xx_it.o
 .comment       0x00000043       0x44 ./Core/Src/stmpe811.o
 .comment       0x00000043       0x44 ./Core/Src/syscalls.o
 .comment       0x00000043       0x44 ./Core/Src/system_stm32f4xx.o
 .comment       0x00000043       0x44 ./Drivers/STM32F4xx_HAL_Driver/Src/stm32f4xx_hal.o
 .comment       0x00000043       0x44 ./Drivers/STM32F4xx_HAL_Driver/Src/stm32f4xx_hal_cortex.o
 .comment       0x00000043       0x44 ./Drivers/STM32F4xx_HAL_Driver/Src/stm32f4xx_hal_exti.o
 .comment       0x00000043       0x44 ./Drivers/STM32F4xx_HAL_Driver/Src/stm32f4xx_hal_gpio.o
 .comment       0x00000043       0x44 ./Drivers/STM32F4xx_HAL_Driver/Src/stm32f4xx_hal_i2c.o
 .comment       0x00000043       0x44 ./Drivers/STM32F4xx_HAL_Driver/Src/stm32f4xx_hal_i2c_ex.o
 .comment       0x00000043       0x44 ./Drivers/STM32F4xx_HAL_Driver/Src/stm32f4xx_hal_ltdc.o
 .comment       0x00000043       0x44 ./Drivers/STM32F4xx_HAL_Driver/Src/stm32f4xx_hal_rcc.o
 .comment       0x00000043       0x44 ./Drivers/STM32F4xx_HAL_Driver/Src/stm32f4xx_hal_rcc_ex.o
 .comment       0x00000043       0x44 ./Drivers/STM32F4xx_HAL_Driver/Src/stm32f4xx_hal_rng.o
 .comment       0x00000043       0x44 ./Drivers/STM32F4xx_HAL_Driver/Src/stm32f4xx_hal_spi.o
 .comment       0x00000043       0x44 ./Drivers/STM32F4xx_HAL_Driver/Src/stm32f4xx_hal_tim.o
 .comment       0x00000043       0x44 ./Drivers/STM32F4xx_HAL_Driver/Src/stm32f4xx_hal_tim_ex.o

.debug_frame    0x00000000     0x56f4
 .debug_frame   0x00000000      0x118 ./Core/Src/ApplicationCode.o
 .debug_frame   0x00000118      0x1e0 ./Core/Src/GamePiece.o
 .debug_frame   0x000002f8       0xe4 ./Core/Src/Game_Screen.o
 .debug_frame   0x000003dc      0x2b0 ./Core/Src/LCD_Driver.o
 .debug_frame   0x0000068c       0x50 ./Core/Src/RNG_Driver.o
 .debug_frame   0x000006dc       0x80 ./Core/Src/Timer_Driver.o
 .debug_frame   0x0000075c      0x228 ./Core/Src/ili9341.o
 .debug_frame   0x00000984      0x110 ./Core/Src/main.o
 .debug_frame   0x00000a94      0x1b0 ./Core/Src/stm32f4xx_hal_msp.o
 .debug_frame   0x00000c44      0x104 ./Core/Src/stm32f4xx_it.o
 .debug_frame   0x00000d48      0x204 ./Core/Src/stmpe811.o
 .debug_frame   0x00000f4c      0x2ac ./Core/Src/syscalls.o
 .debug_frame   0x000011f8       0x58 ./Core/Src/system_stm32f4xx.o
 .debug_frame   0x00001250      0x3b4 ./Drivers/STM32F4xx_HAL_Driver/Src/stm32f4xx_hal.o
 .debug_frame   0x00001604      0x508 ./Drivers/STM32F4xx_HAL_Driver/Src/stm32f4xx_hal_cortex.o
 .debug_frame   0x00001b0c      0x174 ./Drivers/STM32F4xx_HAL_Driver/Src/stm32f4xx_hal_exti.o
 .debug_frame   0x00001c80      0x14c ./Drivers/STM32F4xx_HAL_Driver/Src/stm32f4xx_hal_gpio.o
 .debug_frame   0x00001dcc      0xc84 ./Drivers/STM32F4xx_HAL_Driver/Src/stm32f4xx_hal_i2c.o
 .debug_frame   0x00002a50       0x60 ./Drivers/STM32F4xx_HAL_Driver/Src/stm32f4xx_hal_i2c_ex.o
 .debug_frame   0x00002ab0      0x61c ./Drivers/STM32F4xx_HAL_Driver/Src/stm32f4xx_hal_ltdc.o
 .debug_frame   0x000030cc      0x1f4 ./Drivers/STM32F4xx_HAL_Driver/Src/stm32f4xx_hal_rcc.o
 .debug_frame   0x000032c0      0x13c ./Drivers/STM32F4xx_HAL_Driver/Src/stm32f4xx_hal_rcc_ex.o
 .debug_frame   0x000033fc      0x22c ./Drivers/STM32F4xx_HAL_Driver/Src/stm32f4xx_hal_rng.o
 .debug_frame   0x00003628      0x828 ./Drivers/STM32F4xx_HAL_Driver/Src/stm32f4xx_hal_spi.o
 .debug_frame   0x00003e50     0x11c0 ./Drivers/STM32F4xx_HAL_Driver/Src/stm32f4xx_hal_tim.o
 .debug_frame   0x00005010      0x638 ./Drivers/STM32F4xx_HAL_Driver/Src/stm32f4xx_hal_tim_ex.o
 .debug_frame   0x00005648       0x20 C:/ST/STM32CubeIDE_1.17.0/STM32CubeIDE/plugins/com.st.stm32cube.ide.mcu.externaltools.gnu-tools-for-stm32.12.3.rel1.win32_1.1.0.202410251130/tools/bin/../lib/gcc/arm-none-eabi/12.3.1/../../../../arm-none-eabi/lib/thumb/v7e-m+fp/hard\libc_nano.a(libc_a-memset.o)
 .debug_frame   0x00005668       0x2c C:/ST/STM32CubeIDE_1.17.0/STM32CubeIDE/plugins/com.st.stm32cube.ide.mcu.externaltools.gnu-tools-for-stm32.12.3.rel1.win32_1.1.0.202410251130/tools/bin/../lib/gcc/arm-none-eabi/12.3.1/../../../../arm-none-eabi/lib/thumb/v7e-m+fp/hard\libc_nano.a(libc_a-init.o)
 .debug_frame   0x00005694       0x2c C:/ST/STM32CubeIDE_1.17.0/STM32CubeIDE/plugins/com.st.stm32cube.ide.mcu.externaltools.gnu-tools-for-stm32.12.3.rel1.win32_1.1.0.202410251130/tools/bin/../lib/gcc/arm-none-eabi/12.3.1/thumb/v7e-m+fp/hard\libgcc.a(_aeabi_uldivmod.o)
 .debug_frame   0x000056c0       0x34 C:/ST/STM32CubeIDE_1.17.0/STM32CubeIDE/plugins/com.st.stm32cube.ide.mcu.externaltools.gnu-tools-for-stm32.12.3.rel1.win32_1.1.0.202410251130/tools/bin/../lib/gcc/arm-none-eabi/12.3.1/thumb/v7e-m+fp/hard\libgcc.a(_udivmoddi4.o)

.debug_line_str
                0x00000000       0xa7
 .debug_line_str
                0x00000000       0xa7 ./Core/Startup/startup_stm32f429zitx.o
